Archive member included because of file (symbol)

E:/qnx-workspace/bsp-ti-beaglebone-fischer-src/src/hardware/startup/lib/arm/a.le\libstartup.a(_main.o)
                              detectid.o (__get_errno_ptr)
E:/qnx-workspace/bsp-ti-beaglebone-fischer-src/src/hardware/startup/lib/arm/a.le\libstartup.a(add_interrupt.o)
                              init_intrinfo.o (add_interrupt_array)
E:/qnx-workspace/bsp-ti-beaglebone-fischer-src/src/hardware/startup/lib/arm/a.le\libstartup.a(alloc_qtime.o)
                              init_qtime_am335x.o (alloc_qtime)
E:/qnx-workspace/bsp-ti-beaglebone-fischer-src/src/hardware/startup/lib/arm/a.le\libstartup.a(board_init.o)
                              E:/qnx-workspace/bsp-ti-beaglebone-fischer-src/src/hardware/startup/lib/arm/a.le\libstartup.a(_main.o) (board_init)
E:/qnx-workspace/bsp-ti-beaglebone-fischer-src/src/hardware/startup/lib/arm/a.le\libstartup.a(callout_debug_8250.o)
                              main.o (display_char_8250)
E:/qnx-workspace/bsp-ti-beaglebone-fischer-src/src/hardware/startup/lib/arm/a.le\libstartup.a(callouts.o)
                              E:/qnx-workspace/bsp-ti-beaglebone-fischer-src/src/hardware/startup/lib/arm/a.le\libstartup.a(add_interrupt.o) (callout_register_data)
E:/qnx-workspace/bsp-ti-beaglebone-fischer-src/src/hardware/startup/lib/arm/a.le\libstartup.a(common_options.o)
                              main.o (select_debug)
E:/qnx-workspace/bsp-ti-beaglebone-fischer-src/src/hardware/startup/lib/arm/a.le\libstartup.a(cpu_common_options.o)
                              E:/qnx-workspace/bsp-ti-beaglebone-fischer-src/src/hardware/startup/lib/arm/a.le\libstartup.a(common_options.o) (cpu_handle_common_option)
E:/qnx-workspace/bsp-ti-beaglebone-fischer-src/src/hardware/startup/lib/arm/a.le\libstartup.a(cpu_startup.o)
                              E:/qnx-workspace/bsp-ti-beaglebone-fischer-src/src/hardware/startup/lib/arm/a.le\libstartup.a(_main.o) (cpu_startup)
E:/qnx-workspace/bsp-ti-beaglebone-fischer-src/src/hardware/startup/lib/arm/a.le\libstartup.a(cstart.o)
                              E:/qnx-workspace/bsp-ti-beaglebone-fischer-src/src/hardware/startup/lib/arm/a.le\libstartup.a(_main.o) (boot_args)
E:/qnx-workspace/bsp-ti-beaglebone-fischer-src/src/hardware/startup/lib/arm/a.le\libstartup.a(debug.o)
                              main.o (print_syspage)
E:/qnx-workspace/bsp-ti-beaglebone-fischer-src/src/hardware/startup/lib/arm/a.le\libstartup.a(getopt.o)
                              main.o (getopt)
E:/qnx-workspace/bsp-ti-beaglebone-fischer-src/src/hardware/startup/lib/arm/a.le\libstartup.a(getsize.o)
                              main.o (getsize)
E:/qnx-workspace/bsp-ti-beaglebone-fischer-src/src/hardware/startup/lib/arm/a.le\libstartup.a(hw_rtc_none.o)
                              rtc_time.o (rtc_time_none)
E:/qnx-workspace/bsp-ti-beaglebone-fischer-src/src/hardware/startup/lib/arm/a.le\libstartup.a(hw_seromap.o)
                              main.o (put_omap)
E:/qnx-workspace/bsp-ti-beaglebone-fischer-src/src/hardware/startup/lib/arm/a.le\libstartup.a(hwi_add_device.o)
                              E:/qnx-workspace/bsp-ti-beaglebone-fischer-src/src/hardware/startup/lib/arm/a.le\libstartup.a(hw_rtc_none.o) (hwi_add_device)
E:/qnx-workspace/bsp-ti-beaglebone-fischer-src/src/hardware/startup/lib/arm/a.le\libstartup.a(hwi_add_nanospin.o)
                              E:/qnx-workspace/bsp-ti-beaglebone-fischer-src/src/hardware/startup/lib/arm/a.le\libstartup.a(common_options.o) (hwi_add_nanospin)
E:/qnx-workspace/bsp-ti-beaglebone-fischer-src/src/hardware/startup/lib/arm/a.le\libstartup.a(hwi_alloc.o)
                              E:/qnx-workspace/bsp-ti-beaglebone-fischer-src/src/hardware/startup/lib/arm/a.le\libstartup.a(hwi_add_nanospin.o) (hwi_alloc_tag)
E:/qnx-workspace/bsp-ti-beaglebone-fischer-src/src/hardware/startup/lib/arm/a.le\libstartup.a(init_cacheattr.o)
                              main.o (init_cacheattr)
E:/qnx-workspace/bsp-ti-beaglebone-fischer-src/src/hardware/startup/lib/arm/a.le\libstartup.a(init_cpuinfo.o)
                              main.o (init_cpuinfo)
E:/qnx-workspace/bsp-ti-beaglebone-fischer-src/src/hardware/startup/lib/arm/a.le\libstartup.a(init_mmu.o)
                              main.o (init_mmu)
E:/qnx-workspace/bsp-ti-beaglebone-fischer-src/src/hardware/startup/lib/arm/a.le\libstartup.a(init_system_private.o)
                              main.o (init_system_private)
E:/qnx-workspace/bsp-ti-beaglebone-fischer-src/src/hardware/startup/lib/arm/a.le\libstartup.a(jtag.o)
                              E:/qnx-workspace/bsp-ti-beaglebone-fischer-src/src/hardware/startup/lib/arm/a.le\libstartup.a(init_system_private.o) (jtag_store_syspage_addr)
E:/qnx-workspace/bsp-ti-beaglebone-fischer-src/src/hardware/startup/lib/arm/a.le\libstartup.a(kprintf.o)
[...]
Memory Configuration

Name             Origin             Length             Attributes
*default*        0x00000000         0xffffffff

Linker script and memory map

LOAD callout_interrupt_am335x.o
LOAD callout_interrupt_am335x_gpio.o
LOAD callout_interrupt_edma.o
LOAD callout_reboot_am335x.o
LOAD callout_timer_am335x.o
LOAD detectid.o
LOAD init_asinfo.o
LOAD init_edma.o
LOAD init_hwinfo.o
LOAD init_intrinfo.o
LOAD init_pinmux.o
LOAD init_qtime_am335x.o
LOAD init_raminfo.o
LOAD main.o
LOAD rtc_time.o
LOAD E:/qnx-workspace/bsp-ti-beaglebone-fischer-src/src/hardware/startup/lib/arm/a.le\libstartup.a
LOAD C:/QNX650/target/qnx6/armle/usr/lib\liblzo.a
LOAD C:/QNX650/target/qnx6/armle/usr/lib\libucl.a
LOAD E:/qnx-workspace/bsp-ti-beaglebone-fischer-src/src/hardware/startup/boards/../../../../install/armle/usr/lib\libdrvr.a
LOAD C:/QNX650/host/win32/x86/usr/lib/gcc/arm-unknown-nto-qnx6.5.0/4.4.2//libgcc.a
LOAD C:/QNX650/target/qnx6/armle/lib\libc.a
LOAD C:/QNX650/target/qnx6/armle/lib\libc.a
LOAD C:/QNX650/host/win32/x86/usr/lib/gcc/arm-unknown-nto-qnx6.5.0/4.4.2//libgcc.a

.interp
 *(.interp)

.note.gnu.build-id
 *(.note.gnu.build-id)

.hash
 *(.hash)

.gnu.hash
 *(.gnu.hash)

.dynsym
 *(.dynsym)

.dynstr
 *(.dynstr)

.gnu.version
 *(.gnu.version)

.gnu.version_d
 *(.gnu.version_d)

.gnu.version_r
 *(.gnu.version_r)

.rel.init
 *(.rel.init)

.rela.init
 *(.rela.init)

.rel.text
 *(.rel.text)

.rela.text
 *(.rela.text)

.rel.fini
 *(.rel.fini)

.rela.fini
 *(.rela.fini)

.rel.rodata
 *(.rel.rodata)

.rela.rodata
 *(.rela.rodata)

.rel.data.rel.ro
 *(.rel.data.rel.ro)

.rela.data.rel.ro
 *(.rela.data.rel.ro)

.rel.data
 *(.rel.data)

.rela.data
 *(.rela.data)

.rel.tdata
 *(.rel.tdata)

.rela.tdata
 *(.rela.tdata)

.rel.tbss
 *(.rel.tbss)

.rela.tbss
 *(.rela.tbss)

.rel.ctors
 *(.rel.ctors)

.rela.ctors
 *(.rela.ctors)

.rel.dtors
 *(.rel.dtors)

.rela.dtors
 *(.rela.dtors)

.rel.got
 *(.rel.got)

.rela.got
 *(.rela.got)

.rel.bss
 *(.rel.bss)

.rela.bss
 *(.rela.bss)

.rel.plt
 *(.rel.plt)

.rela.plt
 *(.rela.plt)

.init
 *(.init)

.plt
 *(.plt)

.text           0x00000000     0xe000
 *(.text .stub)
 .text          0x00000000      0x150 callout_interrupt_am335x.o
                0x0000009c                interrupt_eoi_am335x
                0x00000054                interrupt_id_am335x
                0x00000114                interrupt_unmask_am335x
                0x000000d8                interrupt_mask_am335x
 .text          0x00000150      0x134 callout_interrupt_am335x_gpio.o
                0x000001ec                interrupt_eoi_am335x_gpio
                0x000001b0                interrupt_id_am335x_gpio
                0x00000254                interrupt_unmask_am335x_gpio
                0x00000224                interrupt_mask_am335x_gpio
 .text          0x00000284      0x164 callout_interrupt_edma.o
                0x0000032c                interrupt_eoi_edma
                0x00000370                interrupt_mask_edma
                0x000003ac                interrupt_unmask_edma
                0x000002d8                interrupt_id_edma
 .text          0x000003e8       0x68 callout_reboot_am335x.o
                0x00000428                reboot_am335x
 .text          0x00000450       0xf8 callout_timer_am335x.o
                0x000004f4                timer_value_am335x
                0x000004a4                timer_load_am335x
                0x00000520                timer_reload_am335x
 .text          0x00000548     0x128c detectid.o
                0x000009a0                dump
                0x00001210                set_1GHz_power
                0x00000a04                omap_set_bus_speed
                0x0000143c                detect_frequency_using_power
                0x00000f0c                omap_init
                0x00000790                omap_wait_status
                0x000010a0                omap_send
                0x00001158                omap_recv
                0x00000fd0                omap_wait_bus_not_busy
                0x0000087c                iddump
                0x0000165c                get_boardid_i2c
                0x00000548                waitloops
                0x00000ad4                omap_i2c_reset
                0x00000598                am335x_i2c_xfer
 .text          0x000017d4        0x4 init_asinfo.o
                0x000017d4                init_asinfo
 .text          0x000017d8       0x88 init_edma.o
                0x000017d8                init_edma
 .text          0x00001860       0xf4 init_hwinfo.o
                0x00001894                phy_on
                0x00001860                usb_delay
                0x000018b8                init_hwinfo
 .text          0x00001954       0x94 init_intrinfo.o
                0x00001954                init_intrinfo
 .text          0x000019e8      0x574 init_pinmux.o
                0x000019e8                init_pinmux
                0x00001b38                init_pinmux_capes
 .text          0x00001f5c       0xe4 init_qtime_am335x.o
                0x00001f94                init_qtime_am335x
 .text          0x00002040        0xc init_raminfo.o
                0x00002040                init_raminfo
 .text          0x0000204c      0x93c main.o
                0x0000212c                CORE_PLL_Config
                0x00002204                DDR_PLL_Config
                0x000020bc                MPU_PLL_Config
                0x00002280                Print_Core_PLL_Config
                0x000021a4                Display_PLL_Config
                0x000024d0                main
                0x000023dc                Print_PLL_Config
                0x0000204c                Peripheral_PLL_Config
 .text          0x00002988       0x64 rtc_time.o
                0x00002988                rtc_time
 .text          0x000029ec      0x184 E:/qnx-workspace/bsp-ti-beaglebone-fischer-src/src/hardware/startup/lib/arm/a.le\libstartup.a(_main.o)
                0x000029fc                __stackavail
                0x00002a04                abort
                0x000029f0                __get_errno_ptr
                0x00002a20                _main
 .text          0x00002b70      0x1ac E:/qnx-workspace/bsp-ti-beaglebone-fischer-src/src/hardware/startup/lib/arm/a.le\libstartup.a(add_interrupt.o)
                0x00002b70                add_interrupt
                0x00002c48                add_interrupt_array
 .text          0x00002d1c       0x8c E:/qnx-workspace/bsp-ti-beaglebone-fischer-src/src/hardware/startup/lib/arm/a.le\libstartup.a(alloc_qtime.o)
                0x00002d1c                alloc_qtime
 .text          0x00002da8        0x4 E:/qnx-workspace/bsp-ti-beaglebone-fischer-src/src/hardware/startup/lib/arm/a.le\libstartup.a(board_init.o)
                0x00002da8                board_init
 .text          0x00002dac      0x14c E:/qnx-workspace/bsp-ti-beaglebone-fischer-src/src/hardware/startup/lib/arm/a.le\libstartup.a(callout_debug_8250.o)
                0x00002e28                display_char_8250
                0x00002e6c                poll_key_8250
                0x00002eb0                break_detect_8250
 .text          0x00002ef8      0x490 E:/qnx-workspace/bsp-ti-beaglebone-fischer-src/src/hardware/startup/lib/arm/a.le\libstartup.a(callouts.o)
                0x00002ef8                output_callouts
                0x00002f5c                callout_reloc_data
                0x00003120                add_callout_array
                0x000030ac                add_callout
                0x00003020                callout_register_data
                0x00003158                callout_output_one
 .text          0x00003388      0x73c E:/qnx-workspace/bsp-ti-beaglebone-fischer-src/src/hardware/startup/lib/arm/a.le\libstartup.a(common_options.o)
                0x00003388                set_debug
                0x00003574                select_debug
                0x00003700                handle_common_option
 .text          0x00003ac4       0x2c E:/qnx-workspace/bsp-ti-beaglebone-fischer-src/src/hardware/startup/lib/arm/a.le\libstartup.a(cpu_common_options.o)
                0x00003ac4                cpu_handle_common_option
 .text          0x00003af0       0x38 E:/qnx-workspace/bsp-ti-beaglebone-fischer-src/src/hardware/startup/lib/arm/a.le\libstartup.a(cpu_startup.o)
                0x00003af0                cpu_startup
 .text          0x00003b28       0x44 E:/qnx-workspace/bsp-ti-beaglebone-fischer-src/src/hardware/startup/lib/arm/a.le\libstartup.a(cstart.o)
                0x00003b28                _start
 .text          0x00003b6c       0x98 E:/qnx-workspace/bsp-ti-beaglebone-fischer-src/src/hardware/startup/lib/arm/a.le\libstartup.a(debug.o)
                0x00003b6c                print_syspage
 .text          0x00003c04      0x14c E:/qnx-workspace/bsp-ti-beaglebone-fischer-src/src/hardware/startup/lib/arm/a.le\libstartup.a(getopt.o)
                0x00003c04                getopt
 .text          0x00003d50      0x100 E:/qnx-workspace/bsp-ti-beaglebone-fischer-src/src/hardware/startup/lib/arm/a.le\libstartup.a(getsize.o)
                0x00003d50                getsize
 .text          0x00003e50       0x34 E:/qnx-workspace/bsp-ti-beaglebone-fischer-src/src/hardware/startup/lib/arm/a.le\libstartup.a(hw_rtc_none.o)
                0x00003e50                rtc_time_none
 .text          0x00003e84      0x3ac E:/qnx-workspace/bsp-ti-beaglebone-fischer-src/src/hardware/startup/lib/arm/a.le\libstartup.a(hw_seromap.o)
                0x00004070                init_omap
                0x00003ec0                put_omap
 .text          0x00004230       0xec E:/qnx-workspace/bsp-ti-beaglebone-fischer-src/src/hardware/startup/lib/arm/a.le\libstartup.a(hwi_add_device.o)
                0x00004230                hwi_add_device
 .text          0x0000431c       0x50 E:/qnx-workspace/bsp-ti-beaglebone-fischer-src/src/hardware/startup/lib/arm/a.le\libstartup.a(hwi_add_nanospin.o)
                0x0000431c                hwi_add_nanospin
 .text          0x0000436c      0x1d4 E:/qnx-workspace/bsp-ti-beaglebone-fischer-src/src/hardware/startup/lib/arm/a.le\libstartup.a(hwi_alloc.o)
                0x000043ec                hwi_alloc_tag
                0x00004390                hwi_grow_tag
                0x00004490                hwi_alloc_item
                0x0000436c                __hwi_find_string
                0x00004380                __hwi_base
 .text          0x00004540        0x4 E:/qnx-workspace/bsp-ti-beaglebone-fischer-src/src/hardware/startup/lib/arm/a.le\libstartup.a(init_cacheattr.o)
                0x00004540                init_cacheattr
 .text          0x00004544      0x348 E:/qnx-workspace/bsp-ti-beaglebone-fischer-src/src/hardware/startup/lib/arm/a.le\libstartup.a(init_cpuinfo.o)
                0x000047b0                init_cpuinfo
                0x00004544                init_one_cpuinfo
 .text          0x0000488c      0x230 E:/qnx-workspace/bsp-ti-beaglebone-fischer-src/src/hardware/startup/lib/arm/a.le\libstartup.a(init_mmu.o)
                0x0000488c                init_mmu
 .text          0x00004abc      0x964 E:/qnx-workspace/bsp-ti-beaglebone-fischer-src/src/hardware/startup/lib/arm/a.le\libstartup.a(init_system_private.o)
                0x00004ae8                init_system_private
 .text          0x00005420       0xb8 E:/qnx-workspace/bsp-ti-beaglebone-fischer-src/src/hardware/startup/lib/arm/a.le\libstartup.a(jtag.o)
                0x00005420                jtag_store_syspage_addr
                0x00005480                jtag_reserve_memory
                0x00005468                jtag_reserve_syspage_addr
 .text          0x000054d8      0x44c E:/qnx-workspace/bsp-ti-beaglebone-fischer-src/src/hardware/startup/lib/arm/a.le\libstartup.a(kprintf.o)
                0x0000584c                get_print_char
                0x0000583c                set_print_char
                0x0000585c                ksprintf
                0x000058f0                crash
                0x000058c0                kprintf
 .text          0x00005924      0x120 E:/qnx-workspace/bsp-ti-beaglebone-fischer-src/src/hardware/startup/lib/arm/a.le\libstartup.a(load_ifs.o)
                0x00005924                load_ifs
 .text          0x00005a44       0x10 E:/qnx-workspace/bsp-ti-beaglebone-fischer-src/src/hardware/startup/lib/arm/a.le\libstartup.a(map_callout_io.o)
                0x00005a44                callout_io_map
 .text          0x00005a54        0xc E:/qnx-workspace/bsp-ti-beaglebone-fischer-src/src/hardware/startup/lib/arm/a.le\libstartup.a(map_startup_io.o)
                0x00005a54                startup_io_map
                0x00005a5c                startup_io_unmap
 .text          0x00005a60        0xc E:/qnx-workspace/bsp-ti-beaglebone-fischer-src/src/hardware/startup/lib/arm/a.le\libstartup.a(map_startup_mem.o)
                0x00005a60                startup_memory_map
                0x00005a68                startup_memory_unmap
 .text          0x00005a6c      0x140 E:/qnx-workspace/bsp-ti-beaglebone-fischer-src/src/hardware/startup/lib/arm/a.le\libstartup.a(memcpy.o)
                0x00005a6c                memcpy
 .text          0x00005bac       0xcc E:/qnx-workspace/bsp-ti-beaglebone-fischer-src/src/hardware/startup/lib/arm/a.le\libstartup.a(memfuncs.o)
                0x00005bac                copy_memory
 .text          0x00005c78       0x60 E:/qnx-workspace/bsp-ti-beaglebone-fischer-src/src/hardware/startup/lib/arm/a.le\libstartup.a(memmove.o)
                0x00005c78                memmove
 .text          0x00005cd8      0xa5c E:/qnx-workspace/bsp-ti-beaglebone-fischer-src/src/hardware/startup/lib/arm/a.le\libstartup.a(print_sysp.o)
                0x00005cd8                print_syspage_sections
                0x000061ec                print_qtime
                0x000065fc                print_strings
                0x00006314                print_meminfo
                0x000066c8                print_typed_strings
                0x0000627c                print_asinfo
                0x00005f94                print_intrinfo
                0x00005f6c                print_smp
                0x000064e4                print_hwinfo
                0x00006064                print_callout
                0x00006464                print_syspage_enable
                0x00005f48                print_pminfo
                0x00005ecc                print_mdriver
                0x000060ec                print_cacheattr
                0x00006164                print_cpuinfo
                0x000063a0                print_system_private
 .text          0x00006734     0x10a8 E:/qnx-workspace/bsp-ti-beaglebone-fischer-src/src/hardware/startup/lib/arm/a.le\libstartup.a(ram.o)
                0x000069a8                find_ram_in_range
                0x00006e28                watch_add_ram
                0x00006e88                add_sysram
                0x00006dc0                avoid_ram
                0x00006734                find_top_ram_aligned
                0x00007788                calloc_ram
                0x00007648                add_ram
                0x000075b4                reserve_ram
                0x00007130                alloc_ram
                0x00006990                find_top_ram
                0x00006c54                find_ram
                0x00006c84                ws_alloc
 .text          0x000077dc      0xa94 E:/qnx-workspace/bsp-ti-beaglebone-fischer-src/src/hardware/startup/lib/arm/a.le\libstartup.a(restore_ifs.o)
                0x00007974                rifs_restore_ifs2
                0x00007ad4                rifs_save_elf32data
                0x000081f0                load_ifs2_nonbootable
                0x00007cac                rifs_restore_ifs
                0x000080b0                rifs_load_ifs2
                0x00007878                rifs_set_cksum
 .text          0x00008270       0x90 E:/qnx-workspace/bsp-ti-beaglebone-fischer-src/src/hardware/startup/lib/arm/a.le\libstartup.a(startnext.o)
                0x00008270                startnext
 .text          0x00008300       0x64 E:/qnx-workspace/bsp-ti-beaglebone-fischer-src/src/hardware/startup/lib/arm/a.le\libstartup.a(startup_info.o)
                0x00008300                find_startup_info
 .text          0x00008364      0x26c E:/qnx-workspace/bsp-ti-beaglebone-fischer-src/src/hardware/startup/lib/arm/a.le\libstartup.a(strings.o)
                0x000083e0                del_typed_string
                0x00008364                find_typed_string
                0x00008554                add_typed_string
                0x00008490                add_string
 .text          0x000085d0      0x108 E:/qnx-workspace/bsp-ti-beaglebone-fischer-src/src/hardware/startup/lib/arm/a.le\libstartup.a(strtoul.o)
                0x000086d4                strtoul
                0x000085d0                strtopaddr
 .text          0x000086d8      0x4f0 E:/qnx-workspace/bsp-ti-beaglebone-fischer-src/src/hardware/startup/lib/arm/a.le\libstartup.a(syspage_memory.o)
                0x0000872c                alloc_syspage_memory
                0x000089c8                grow_syspage_section
                0x00008960                reloc_syspage_memory
                0x00008af8                init_syspage_memory
                0x000086d8                write_syspage_memory
                0x00008ac4                set_syspage_section
 .text          0x00008bc8        0x4 E:/qnx-workspace/bsp-ti-beaglebone-fischer-src/src/hardware/startup/lib/arm/a.le\libstartup.a(tweak_cmdline.o)
                0x00008bc8                tweak_cmdline
 .text          0x00008bcc       0x90 E:/qnx-workspace/bsp-ti-beaglebone-fischer-src/src/hardware/startup/lib/arm/a.le\libstartup.a(uncompress.o)
                0x00008bcc                uncompress
 .text          0x00008c5c       0xac E:/qnx-workspace/bsp-ti-beaglebone-fischer-src/src/hardware/startup/lib/arm/a.le\libstartup.a(uncompress_ucl.o)
                0x00008c5c                uncompress_ucl
 .text          0x00008d08      0x4f8 E:/qnx-workspace/bsp-ti-beaglebone-fischer-src/src/hardware/startup/lib/arm/a.le\libstartup.a(arm_cache.o)
                0x00008f10                arm_add_cache
                0x00008d08                arm_v7_add_cache
 .text          0x00009200      0x118 E:/qnx-workspace/bsp-ti-beaglebone-fischer-src/src/hardware/startup/lib/arm/a.le\libstartup.a(arm_cpuspeed.o)
                0x00009200                arm_cpuspeed
 .text          0x00009318      0x5cc E:/qnx-workspace/bsp-ti-beaglebone-fischer-src/src/hardware/startup/lib/arm/a.le\libstartup.a(arm_map.o)
                0x0000971c                arm_map
                0x00009690                arm_map_cpu
                0x00009620                elf_vaddr_to_paddr
                0x00009488                map_ptbl
                0x000094e0                arm_pdmap
                0x00009540                arm_scmap
                0x000095c8                arm_scunmap
 .text          0x000098e4      0x174 E:/qnx-workspace/bsp-ti-beaglebone-fischer-src/src/hardware/startup/lib/arm/a.le\libstartup.a(arm_pte.o)
                0x000098e4                arm_pte_setup
 .text          0x00009a58       0xa8 E:/qnx-workspace/bsp-ti-beaglebone-fischer-src/src/hardware/startup/lib/arm/a.le\libstartup.a(armv_chip_detect.o)
                0x00009a58                armv_chip_detect
 .text          0x00009b00        0x0 E:/qnx-workspace/bsp-ti-beaglebone-fischer-src/src/hardware/startup/lib/arm/a.le\libstartup.a(armv_list.o)
 .text          0x00009b00       0x3c E:/qnx-workspace/bsp-ti-beaglebone-fischer-src/src/hardware/startup/lib/arm/a.le\libstartup.a(as_add.o)
                0x00009b00                as_add
 .text          0x00009b3c       0xd8 E:/qnx-workspace/bsp-ti-beaglebone-fischer-src/src/hardware/startup/lib/arm/a.le\libstartup.a(as_add64.o)
                0x00009b3c                as_add64
 .text          0x00009c14      0x32c E:/qnx-workspace/bsp-ti-beaglebone-fischer-src/src/hardware/startup/lib/arm/a.le\libstartup.a(as_add_containing.o)
                0x00009c14                as_add_containing
 .text          0x00009f40       0x38 E:/qnx-workspace/bsp-ti-beaglebone-fischer-src/src/hardware/startup/lib/arm/a.le\libstartup.a(as_default.o)
                0x00009f40                as_default
 .text          0x00009f78      0x140 E:/qnx-workspace/bsp-ti-beaglebone-fischer-src/src/hardware/startup/lib/arm/a.le\libstartup.a(as_find.o)
                0x00009f78                as_find
 .text          0x0000a0b8      0x150 E:/qnx-workspace/bsp-ti-beaglebone-fischer-src/src/hardware/startup/lib/arm/a.le\libstartup.a(as_find_containing.o)
                0x0000a0b8                as_find_containing
 .text          0x0000a208       0x14 E:/qnx-workspace/bsp-ti-beaglebone-fischer-src/src/hardware/startup/lib/arm/a.le\libstartup.a(as_off2info.o)
                0x0000a208                as_off2info
 .text          0x0000a21c        0x4 E:/qnx-workspace/bsp-ti-beaglebone-fischer-src/src/hardware/startup/lib/arm/a.le\libstartup.a(board_cpu_startup.o)
                0x0000a21c                board_cpu_startup
 .text          0x0000a220      0x178 E:/qnx-workspace/bsp-ti-beaglebone-fischer-src/src/hardware/startup/lib/arm/a.le\libstartup.a(chip_access.o)
                0x0000a344                chip_access
                0x0000a250                chip_write8
                0x0000a304                chip_write32
                0x0000a2d8                chip_read32
                0x0000a220                chip_read8
                0x0000a27c                chip_read16
                0x0000a2a8                chip_write16
                0x0000a320                chip_done
 .text          0x0000a398       0xc4 E:/qnx-workspace/bsp-ti-beaglebone-fischer-src/src/hardware/startup/lib/arm/a.le\libstartup.a(cpu_startnext.o)
                0x0000a398                cpu_startnext
 .text          0x0000a45c      0x1ec E:/qnx-workspace/bsp-ti-beaglebone-fischer-src/src/hardware/startup/lib/arm/a.le\libstartup.a(cpu_syspage_memory.o)
                0x0000a460                cpu_alloc_syspage_memory
                0x0000a45c                cpu_write_syspage_memory
                0x0000a638                cpu_init_syspage_memory
 .text          0x0000a648        0x4 E:/qnx-workspace/bsp-ti-beaglebone-fischer-src/src/hardware/startup/lib/arm/a.le\libstartup.a(crash_done.o)
                0x0000a648                crash_done
 .text          0x0000a64c        0x4 E:/qnx-workspace/bsp-ti-beaglebone-fischer-src/src/hardware/startup/lib/arm/a.le\libstartup.a(dummy_print_char.o)
                0x0000a64c                dummy_print_char
 .text          0x0000a650      0x390 E:/qnx-workspace/bsp-ti-beaglebone-fischer-src/src/hardware/startup/lib/arm/a.le\libstartup.a(elf.o)
                0x0000a650                is_elf
                0x0000a710                load_elf32
 .text          0x0000a9e0      0x254 E:/qnx-workspace/bsp-ti-beaglebone-fischer-src/src/hardware/startup/lib/arm/a.le\libstartup.a(elf_map.o)
                0x0000a9e0                elf_map
 .text          0x0000ac34       0x60 E:/qnx-workspace/bsp-ti-beaglebone-fischer-src/src/hardware/startup/lib/arm/a.le\libstartup.a(hwi_default.o)
                0x0000ac34                hwi_default
 .text          0x0000ac94        0x0 E:/qnx-workspace/bsp-ti-beaglebone-fischer-src/src/hardware/startup/lib/arm/a.le\libstartup.a(mdriver_max.o)
 .text          0x0000ac94       0x28 E:/qnx-workspace/bsp-ti-beaglebone-fischer-src/src/hardware/startup/lib/arm/a.le\libstartup.a(timer_ns2tick.o)
                0x0000ac94                timer_ns2tick
 .text          0x0000acbc       0x98 E:/qnx-workspace/bsp-ti-beaglebone-fischer-src/src/hardware/startup/lib/arm/a.le\libstartup.a(timer_tick2ns.o)
                0x0000acbc                timer_tick2ns
 *fill*         0x0000ad54        0xc 00000000
 .text          0x0000ad60       0x80 E:/qnx-workspace/bsp-ti-beaglebone-fischer-src/src/hardware/startup/lib/arm/a.le\libstartup.a(vstart_v4.o)
                0x0000ad60                vstart_v4
 .text          0x0000ade0      0x18c E:/qnx-workspace/bsp-ti-beaglebone-fischer-src/src/hardware/startup/lib/arm/a.le\libstartup.a(add_cache.o)
                0x0000aee8                add_cache
                0x0000ade0                add_cache_ways
 .text          0x0000af6c        0x0 E:/qnx-workspace/bsp-ti-beaglebone-fischer-src/src/hardware/startup/lib/arm/a.le\libstartup.a(armv_chip_1020.o)
 .text          0x0000af6c        0x0 E:/qnx-workspace/bsp-ti-beaglebone-fischer-src/src/hardware/startup/lib/arm/a.le\libstartup.a(armv_chip_1022.o)
 .text          0x0000af6c        0x0 E:/qnx-workspace/bsp-ti-beaglebone-fischer-src/src/hardware/startup/lib/arm/a.le\libstartup.a(armv_chip_1136.o)
 .text          0x0000af6c        0x0 E:/qnx-workspace/bsp-ti-beaglebone-fischer-src/src/hardware/startup/lib/arm/a.le\libstartup.a(armv_chip_1176.o)
 .text          0x0000af6c        0x0 E:/qnx-workspace/bsp-ti-beaglebone-fischer-src/src/hardware/startup/lib/arm/a.le\libstartup.a(armv_chip_1200.o)
 .text          0x0000af6c        0x0 E:/qnx-workspace/bsp-ti-beaglebone-fischer-src/src/hardware/startup/lib/arm/a.le\libstartup.a(armv_chip_23xx.o)
 .text          0x0000af6c        0x0 E:/qnx-workspace/bsp-ti-beaglebone-fischer-src/src/hardware/startup/lib/arm/a.le\libstartup.a(armv_chip_2400.o)
 .text          0x0000af6c        0x0 E:/qnx-workspace/bsp-ti-beaglebone-fischer-src/src/hardware/startup/lib/arm/a.le\libstartup.a(armv_chip_2800.o)
 .text          0x0000af6c        0x0 E:/qnx-workspace/bsp-ti-beaglebone-fischer-src/src/hardware/startup/lib/arm/a.le\libstartup.a(armv_chip_425.o)
 .text          0x0000af6c        0x0 E:/qnx-workspace/bsp-ti-beaglebone-fischer-src/src/hardware/startup/lib/arm/a.le\libstartup.a(armv_chip_465.o)
 .text          0x0000af6c        0x0 E:/qnx-workspace/bsp-ti-beaglebone-fischer-src/src/hardware/startup/lib/arm/a.le\libstartup.a(armv_chip_720.o)
 .text          0x0000af6c        0x0 E:/qnx-workspace/bsp-ti-beaglebone-fischer-src/src/hardware/startup/lib/arm/a.le\libstartup.a(armv_chip_80200.o)
 .text          0x0000af6c        0x0 E:/qnx-workspace/bsp-ti-beaglebone-fischer-src/src/hardware/startup/lib/arm/a.le\libstartup.a(armv_chip_920.o)
 .text          0x0000af6c        0x0 E:/qnx-workspace/bsp-ti-beaglebone-fischer-src/src/hardware/startup/lib/arm/a.le\libstartup.a(armv_chip_922.o)
 .text          0x0000af6c        0x0 E:/qnx-workspace/bsp-ti-beaglebone-fischer-src/src/hardware/startup/lib/arm/a.le\libstartup.a(armv_chip_925.o)
 .text          0x0000af6c        0x0 E:/qnx-workspace/bsp-ti-beaglebone-fischer-src/src/hardware/startup/lib/arm/a.le\libstartup.a(armv_chip_926.o)
 .text          0x0000af6c        0x0 E:/qnx-workspace/bsp-ti-beaglebone-fischer-src/src/hardware/startup/lib/arm/a.le\libstartup.a(armv_chip_a15.o)
 .text          0x0000af6c        0x0 E:/qnx-workspace/bsp-ti-beaglebone-fischer-src/src/hardware/startup/lib/arm/a.le\libstartup.a(armv_chip_a8.o)
 .text          0x0000af6c        0x0 E:/qnx-workspace/bsp-ti-beaglebone-fischer-src/src/hardware/startup/lib/arm/a.le\libstartup.a(armv_chip_a9.o)
 .text          0x0000af6c        0x0 E:/qnx-workspace/bsp-ti-beaglebone-fischer-src/src/hardware/startup/lib/arm/a.le\libstartup.a(armv_chip_mp11.o)
 .text          0x0000af6c        0x0 E:/qnx-workspace/bsp-ti-beaglebone-fischer-src/src/hardware/startup/lib/arm/a.le\libstartup.a(armv_chip_pxa210b.o)
 .text          0x0000af6c        0x0 E:/qnx-workspace/bsp-ti-beaglebone-fischer-src/src/hardware/startup/lib/arm/a.le\libstartup.a(armv_chip_pxa210c.o)
 .text          0x0000af6c        0x0 E:/qnx-workspace/bsp-ti-beaglebone-fischer-src/src/hardware/startup/lib/arm/a.le\libstartup.a(armv_chip_pxa250a.o)
 .text          0x0000af6c        0x0 E:/qnx-workspace/bsp-ti-beaglebone-fischer-src/src/hardware/startup/lib/arm/a.le\libstartup.a(armv_chip_pxa250b.o)
 .text          0x0000af6c        0x0 E:/qnx-workspace/bsp-ti-beaglebone-fischer-src/src/hardware/startup/lib/arm/a.le\libstartup.a(armv_chip_pxa255.o)
 .text          0x0000af6c        0x0 E:/qnx-workspace/bsp-ti-beaglebone-fischer-src/src/hardware/startup/lib/arm/a.le\libstartup.a(armv_chip_pxa270.o)
 .text          0x0000af6c        0x0 E:/qnx-workspace/bsp-ti-beaglebone-fischer-src/src/hardware/startup/lib/arm/a.le\libstartup.a(armv_chip_sa1100.o)
 .text          0x0000af6c        0x0 E:/qnx-workspace/bsp-ti-beaglebone-fischer-src/src/hardware/startup/lib/arm/a.le\libstartup.a(armv_chip_sa1110.o)
 .text          0x0000af6c        0x0 E:/qnx-workspace/bsp-ti-beaglebone-fischer-src/src/hardware/startup/lib/arm/a.le\libstartup.a(armv_chip_sheeva.o)
 .text          0x0000af6c       0x28 E:/qnx-workspace/bsp-ti-beaglebone-fischer-src/src/hardware/startup/lib/arm/a.le\libstartup.a(armv_detect_a9.o)
                0x0000af6c                armv_detect_a9
 .text          0x0000af94       0xd8 E:/qnx-workspace/bsp-ti-beaglebone-fischer-src/src/hardware/startup/lib/arm/a.le\libstartup.a(armv_detect_sheeva.o)
                0x0000b000                armv_sheeva_wmmx_detect
                0x0000af94                armv_detect_sheeva
                0x0000afd4                armv_sheeva_errata_check
 .text          0x0000b06c        0x0 E:/qnx-workspace/bsp-ti-beaglebone-fischer-src/src/hardware/startup/lib/arm/a.le\libstartup.a(armv_pte_ixp2xxx.o)
 .text          0x0000b06c        0x0 E:/qnx-workspace/bsp-ti-beaglebone-fischer-src/src/hardware/startup/lib/arm/a.le\libstartup.a(armv_pte_v4wb.o)
 .text          0x0000b06c        0x0 E:/qnx-workspace/bsp-ti-beaglebone-fischer-src/src/hardware/startup/lib/arm/a.le\libstartup.a(armv_pte_v4wt.o)
 .text          0x0000b06c        0x0 E:/qnx-workspace/bsp-ti-beaglebone-fischer-src/src/hardware/startup/lib/arm/a.le\libstartup.a(armv_pte_v5wa.o)
 .text          0x0000b06c        0x0 E:/qnx-workspace/bsp-ti-beaglebone-fischer-src/src/hardware/startup/lib/arm/a.le\libstartup.a(armv_pte_v5wb.o)
 .text          0x0000b06c        0x0 E:/qnx-workspace/bsp-ti-beaglebone-fischer-src/src/hardware/startup/lib/arm/a.le\libstartup.a(armv_pte_v5wt.o)
 .text          0x0000b06c        0x0 E:/qnx-workspace/bsp-ti-beaglebone-fischer-src/src/hardware/startup/lib/arm/a.le\libstartup.a(armv_pte_v6mp.o)
 .text          0x0000b06c        0x0 E:/qnx-workspace/bsp-ti-beaglebone-fischer-src/src/hardware/startup/lib/arm/a.le\libstartup.a(armv_pte_v6wb.o)
 .text          0x0000b06c        0x0 E:/qnx-workspace/bsp-ti-beaglebone-fischer-src/src/hardware/startup/lib/arm/a.le\libstartup.a(armv_pte_v6wt.o)
 .text          0x0000b06c        0x0 E:/qnx-workspace/bsp-ti-beaglebone-fischer-src/src/hardware/startup/lib/arm/a.le\libstartup.a(armv_pte_v7mp.o)
 .text          0x0000b06c        0x0 E:/qnx-workspace/bsp-ti-beaglebone-fischer-src/src/hardware/startup/lib/arm/a.le\libstartup.a(armv_pte_v7wa.o)
 .text          0x0000b06c        0x0 E:/qnx-workspace/bsp-ti-beaglebone-fischer-src/src/hardware/startup/lib/arm/a.le\libstartup.a(armv_pte_v7wb.o)
 .text          0x0000b06c        0x0 E:/qnx-workspace/bsp-ti-beaglebone-fischer-src/src/hardware/startup/lib/arm/a.le\libstartup.a(armv_pte_v7wt.o)
 .text          0x0000b06c        0x0 E:/qnx-workspace/bsp-ti-beaglebone-fischer-src/src/hardware/startup/lib/arm/a.le\libstartup.a(armv_pte_xsc3.o)
 .text          0x0000b06c       0x38 E:/qnx-workspace/bsp-ti-beaglebone-fischer-src/src/hardware/startup/lib/arm/a.le\libstartup.a(armv_setup_1136.o)
                0x0000b06c                armv_setup_1136
 .text          0x0000b0a4       0x88 E:/qnx-workspace/bsp-ti-beaglebone-fischer-src/src/hardware/startup/lib/arm/a.le\libstartup.a(armv_setup_a15.o)
                0x0000b0a4                armv_setup_a15
 .text          0x0000b12c        0x8 E:/qnx-workspace/bsp-ti-beaglebone-fischer-src/src/hardware/startup/lib/arm/a.le\libstartup.a(armv_setup_a8.o)
                0x0000b12c                armv_setup_a8
 .text          0x0000b134       0xbc E:/qnx-workspace/bsp-ti-beaglebone-fischer-src/src/hardware/startup/lib/arm/a.le\libstartup.a(armv_setup_mp11.o)
                0x0000b134                armv_setup_mp11
 .text          0x0000b1f0       0xa0 E:/qnx-workspace/bsp-ti-beaglebone-fischer-src/src/hardware/startup/lib/arm/a.le\libstartup.a(armv_setup_v6.o)
                0x0000b1f0                armv_setup_v6
 .text          0x0000b290       0xd4 E:/qnx-workspace/bsp-ti-beaglebone-fischer-src/src/hardware/startup/lib/arm/a.le\libstartup.a(armv_setup_v7.o)
                0x0000b290                armv_setup_v7
 .text          0x0000b364       0x24 E:/qnx-workspace/bsp-ti-beaglebone-fischer-src/src/hardware/startup/lib/arm/a.le\libstartup.a(armv_setup_xscale.o)
                0x0000b364                armv_setup_xscale
 .text          0x0000b388        0x4 E:/qnx-workspace/bsp-ti-beaglebone-fischer-src/src/hardware/startup/lib/arm/a.le\libstartup.a(board_cpu_startnext.o)
                0x0000b388                board_cpu_startnext
 .text          0x0000b38c       0x54 E:/qnx-workspace/bsp-ti-beaglebone-fischer-src/src/hardware/startup/lib/arm/a.le\libstartup.a(callout_page_1020.o)
                0x0000b3d0                page_flush_deferred_1020
                0x0000b38c                page_flush_1020
 .text          0x0000b3e0       0x54 E:/qnx-workspace/bsp-ti-beaglebone-fischer-src/src/hardware/startup/lib/arm/a.le\libstartup.a(callout_page_1136.o)
                0x0000b420                page_flush_deferred_1136
                0x0000b3e0                page_flush_1136
 .text          0x0000b434       0x38 E:/qnx-workspace/bsp-ti-beaglebone-fischer-src/src/hardware/startup/lib/arm/a.le\libstartup.a(callout_page_720.o)
                0x0000b454                page_flush_deferred_720
                0x0000b434                page_flush_720
 .text          0x0000b46c       0x54 E:/qnx-workspace/bsp-ti-beaglebone-fischer-src/src/hardware/startup/lib/arm/a.le\libstartup.a(callout_page_920.o)
                0x0000b46c                page_flush_920
                0x0000b4b0                page_flush_deferred_920
 .text          0x0000b4c0       0x54 E:/qnx-workspace/bsp-ti-beaglebone-fischer-src/src/hardware/startup/lib/arm/a.le\libstartup.a(callout_page_925.o)
                0x0000b4c0                page_flush_925
                0x0000b504                page_flush_deferred_925
 .text          0x0000b514       0x6c E:/qnx-workspace/bsp-ti-beaglebone-fischer-src/src/hardware/startup/lib/arm/a.le\libstartup.a(callout_page_a15.o)
                0x0000b570                page_flush_deferred_a15
                0x0000b514                page_flush_a15
 .text          0x0000b580       0x5c E:/qnx-workspace/bsp-ti-beaglebone-fischer-src/src/hardware/startup/lib/arm/a.le\libstartup.a(callout_page_a8.o)
                0x0000b580                page_flush_a8
                0x0000b5cc                page_flush_deferred_a8
 .text          0x0000b5dc       0x54 E:/qnx-workspace/bsp-ti-beaglebone-fischer-src/src/hardware/startup/lib/arm/a.le\libstartup.a(callout_page_mp11.o)
                0x0000b5dc                page_flush_mp11
                0x0000b620                page_flush_deferred_mp11
 .text          0x0000b630       0x60 E:/qnx-workspace/bsp-ti-beaglebone-fischer-src/src/hardware/startup/lib/arm/a.le\libstartup.a(callout_page_sa.o)
                0x0000b670                page_flush_deferred_sa
                0x0000b630                page_flush_sa
 .text          0x0000b690       0x64 E:/qnx-workspace/bsp-ti-beaglebone-fischer-src/src/hardware/startup/lib/arm/a.le\libstartup.a(callout_page_xsc3.o)
                0x0000b6e4                page_flush_deferred_xsc3
                0x0000b690                page_flush_xsc3
 .text          0x0000b6f4       0x5c E:/qnx-workspace/bsp-ti-beaglebone-fischer-src/src/hardware/startup/lib/arm/a.le\libstartup.a(callout_page_xscale.o)
                0x0000b6f4                page_flush_xscale
                0x0000b740                page_flush_deferred_xscale
 .text          0x0000b750       0x44 E:/qnx-workspace/bsp-ti-beaglebone-fischer-src/src/hardware/startup/lib/arm/a.le\libstartup.a(callout_power_926.o)
                0x0000b750                power_926
 .text          0x0000b794       0x20 E:/qnx-workspace/bsp-ti-beaglebone-fischer-src/src/hardware/startup/lib/arm/a.le\libstartup.a(callout_power_cp15_wfi.o)
                0x0000b794                power_cp15_wfi
 .text          0x0000b7b4       0xb8 E:/qnx-workspace/bsp-ti-beaglebone-fischer-src/src/hardware/startup/lib/arm/a.le\libstartup.a(callout_power_sa1100.o)
                0x0000b81c                power_sa1100
 .text          0x0000b86c       0x2c E:/qnx-workspace/bsp-ti-beaglebone-fischer-src/src/hardware/startup/lib/arm/a.le\libstartup.a(callout_power_v7_wfi.o)
                0x0000b86c                power_v7_wfi
 .text          0x0000b898       0x24 E:/qnx-workspace/bsp-ti-beaglebone-fischer-src/src/hardware/startup/lib/arm/a.le\libstartup.a(callout_power_xscale.o)
                0x0000b898                power_xscale
 *fill*         0x0000b8bc        0x4 00000000
 .text          0x0000b8c0       0x80 E:/qnx-workspace/bsp-ti-beaglebone-fischer-src/src/hardware/startup/lib/arm/a.le\libstartup.a(vstart_v6.o)
                0x0000b8c0                vstart_v6
 .text          0x0000b940       0xa0 E:/qnx-workspace/bsp-ti-beaglebone-fischer-src/src/hardware/startup/lib/arm/a.le\libstartup.a(vstart_v7.o)
                0x0000b940                vstart_v7
 .text          0x0000b9e0      0x14c E:/qnx-workspace/bsp-ti-beaglebone-fischer-src/src/hardware/startup/lib/arm/a.le\libstartup.a(arm_gic.o)
                0x0000ba60                arm_gic_init
                0x0000b9e0                arm_gic_cpu_init
 .text          0x0000bb2c        0x0 E:/qnx-workspace/bsp-ti-beaglebone-fischer-src/src/hardware/startup/lib/arm/a.le\libstartup.a(armv_cache_1020.o)
 .text          0x0000bb2c        0x0 E:/qnx-workspace/bsp-ti-beaglebone-fischer-src/src/hardware/startup/lib/arm/a.le\libstartup.a(armv_cache_1136.o)
 .text          0x0000bb2c        0x0 E:/qnx-workspace/bsp-ti-beaglebone-fischer-src/src/hardware/startup/lib/arm/a.le\libstartup.a(armv_cache_720.o)
 .text          0x0000bb2c        0x0 E:/qnx-workspace/bsp-ti-beaglebone-fischer-src/src/hardware/startup/lib/arm/a.le\libstartup.a(armv_cache_920.o)
 .text          0x0000bb2c        0x0 E:/qnx-workspace/bsp-ti-beaglebone-fischer-src/src/hardware/startup/lib/arm/a.le\libstartup.a(armv_cache_925.o)
 .text          0x0000bb2c        0x0 E:/qnx-workspace/bsp-ti-beaglebone-fischer-src/src/hardware/startup/lib/arm/a.le\libstartup.a(armv_cache_926.o)
 .text          0x0000bb2c        0x0 E:/qnx-workspace/bsp-ti-beaglebone-fischer-src/src/hardware/startup/lib/arm/a.le\libstartup.a(armv_cache_a15.o)
 .text          0x0000bb2c        0x0 E:/qnx-workspace/bsp-ti-beaglebone-fischer-src/src/hardware/startup/lib/arm/a.le\libstartup.a(armv_cache_a8.o)
 .text          0x0000bb2c        0x0 E:/qnx-workspace/bsp-ti-beaglebone-fischer-src/src/hardware/startup/lib/arm/a.le\libstartup.a(armv_cache_mp11.o)
 .text          0x0000bb2c        0x0 E:/qnx-workspace/bsp-ti-beaglebone-fischer-src/src/hardware/startup/lib/arm/a.le\libstartup.a(armv_cache_sa1100.o)
 .text          0x0000bb2c        0x0 E:/qnx-workspace/bsp-ti-beaglebone-fischer-src/src/hardware/startup/lib/arm/a.le\libstartup.a(armv_cache_xsc3.o)
 .text          0x0000bb2c        0x0 E:/qnx-workspace/bsp-ti-beaglebone-fischer-src/src/hardware/startup/lib/arm/a.le\libstartup.a(armv_cache_xscale.o)
 .text          0x0000bb2c        0x0 E:/qnx-workspace/bsp-ti-beaglebone-fischer-src/src/hardware/startup/lib/arm/a.le\libstartup.a(armv_chip_a9mp.o)
 .text          0x0000bb2c        0x0 E:/qnx-workspace/bsp-ti-beaglebone-fischer-src/src/hardware/startup/lib/arm/a.le\libstartup.a(armv_chip_a9up.o)
 .text          0x0000bb2c        0x0 E:/qnx-workspace/bsp-ti-beaglebone-fischer-src/src/hardware/startup/lib/arm/a.le\libstartup.a(armv_chip_sheeva_v6.o)
 .text          0x0000bb2c        0x0 E:/qnx-workspace/bsp-ti-beaglebone-fischer-src/src/hardware/startup/lib/arm/a.le\libstartup.a(armv_chip_sheeva_v7.o)
 .text          0x0000bb2c        0x0 E:/qnx-workspace/bsp-ti-beaglebone-fischer-src/src/hardware/startup/lib/arm/a.le\libstartup.a(armv_pte_v6wa.o)
 .text          0x0000bb2c      0x10c E:/qnx-workspace/bsp-ti-beaglebone-fischer-src/src/hardware/startup/lib/arm/a.le\libstartup.a(armv_setup_a9mp.o)
                0x0000bb2c                armv_setup_a9mp
 .text          0x0000bc38        0x8 E:/qnx-workspace/bsp-ti-beaglebone-fischer-src/src/hardware/startup/lib/arm/a.le\libstartup.a(armv_setup_a9up.o)
                0x0000bc38                armv_setup_a9up
 .text          0x0000bc40       0x3c E:/qnx-workspace/bsp-ti-beaglebone-fischer-src/src/hardware/startup/lib/arm/a.le\libstartup.a(armv_setup_sheeva_v6.o)
                0x0000bc40                armv_setup_sheeva_v6
 .text          0x0000bc7c       0x48 E:/qnx-workspace/bsp-ti-beaglebone-fischer-src/src/hardware/startup/lib/arm/a.le\libstartup.a(armv_setup_sheeva_v7.o)
                0x0000bc7c                armv_setup_sheeva_v7
 .text          0x0000bcc4       0x9c E:/qnx-workspace/bsp-ti-beaglebone-fischer-src/src/hardware/startup/lib/arm/a.le\libstartup.a(callout_cache_1020.o)
                0x0000bcc4                cache_1020_i
                0x0000bd00                cache_1020_d
 .text          0x0000bd60       0x8c E:/qnx-workspace/bsp-ti-beaglebone-fischer-src/src/hardware/startup/lib/arm/a.le\libstartup.a(callout_cache_1136.o)
                0x0000bd60                cache_1136_i
                0x0000bd78                cache_1136_d
 .text          0x0000bdec       0x20 E:/qnx-workspace/bsp-ti-beaglebone-fischer-src/src/hardware/startup/lib/arm/a.le\libstartup.a(callout_cache_720.o)
                0x0000bdec                cache_720
 .text          0x0000be0c       0x9c E:/qnx-workspace/bsp-ti-beaglebone-fischer-src/src/hardware/startup/lib/arm/a.le\libstartup.a(callout_cache_920.o)
                0x0000be0c                cache_920_i
                0x0000be48                cache_920_d
 .text          0x0000bea8       0x9c E:/qnx-workspace/bsp-ti-beaglebone-fischer-src/src/hardware/startup/lib/arm/a.le\libstartup.a(callout_cache_925.o)
                0x0000bea8                cache_925_i
                0x0000bee4                cache_925_d
 .text          0x0000bf44       0xd8 E:/qnx-workspace/bsp-ti-beaglebone-fischer-src/src/hardware/startup/lib/arm/a.le\libstartup.a(callout_cache_926.o)
                0x0000bf90                cache_926_d
                0x0000bf44                cache_926_i
 .text          0x0000c01c       0xc8 E:/qnx-workspace/bsp-ti-beaglebone-fischer-src/src/hardware/startup/lib/arm/a.le\libstartup.a(callout_cache_a15.o)
                0x0000c088                cache_a15_d
                0x0000c01c                cache_a15_i
 .text          0x0000c0e4       0xa0 E:/qnx-workspace/bsp-ti-beaglebone-fischer-src/src/hardware/startup/lib/arm/a.le\libstartup.a(callout_cache_a8.o)
                0x0000c130                cache_a8_d
                0x0000c0e4                cache_a8_i
 .text          0x0000c184       0x84 E:/qnx-workspace/bsp-ti-beaglebone-fischer-src/src/hardware/startup/lib/arm/a.le\libstartup.a(callout_cache_mp11.o)
                0x0000c184                cache_mp11_i
                0x0000c1b4                cache_mp11_d
 .text          0x0000c208       0x7c E:/qnx-workspace/bsp-ti-beaglebone-fischer-src/src/hardware/startup/lib/arm/a.le\libstartup.a(callout_cache_sa.o)
                0x0000c208                cache_sa_i
                0x0000c220                cache_sa_d
 .text          0x0000c284       0xb4 E:/qnx-workspace/bsp-ti-beaglebone-fischer-src/src/hardware/startup/lib/arm/a.le\libstartup.a(callout_cache_xsc3.o)
                0x0000c284                cache_xsc3_i
                0x0000c2c8                cache_xsc3_d
 .text          0x0000c338       0xa4 E:/qnx-workspace/bsp-ti-beaglebone-fischer-src/src/hardware/startup/lib/arm/a.le\libstartup.a(callout_cache_xscale.o)
                0x0000c378                cache_xscale_d
                0x0000c338                cache_xscale_i
 .text          0x0000c3dc       0x64 E:/qnx-workspace/bsp-ti-beaglebone-fischer-src/src/hardware/startup/lib/arm/a.le\libstartup.a(callout_page_a9mp.o)
                0x0000c430                page_flush_deferred_a9mp
                0x0000c3dc                page_flush_a9mp
 .text          0x0000c440       0x64 E:/qnx-workspace/bsp-ti-beaglebone-fischer-src/src/hardware/startup/lib/arm/a.le\libstartup.a(callout_page_a9up.o)
                0x0000c494                page_flush_deferred_a9up
                0x0000c440                page_flush_a9up
 .text          0x0000c4a4       0x58 E:/qnx-workspace/bsp-ti-beaglebone-fischer-src/src/hardware/startup/lib/arm/a.le\libstartup.a(callout_page_sheeva_v6.o)
                0x0000c4ec                page_flush_deferred_sheeva_v6
                0x0000c4a4                page_flush_sheeva_v6
 .text          0x0000c4fc       0x54 E:/qnx-workspace/bsp-ti-beaglebone-fischer-src/src/hardware/startup/lib/arm/a.le\libstartup.a(callout_page_sheeva_v7.o)
                0x0000c540                page_flush_deferred_sheeva_v7
                0x0000c4fc                page_flush_sheeva_v7
 .text          0x0000c550       0x30 E:/qnx-workspace/bsp-ti-beaglebone-fischer-src/src/hardware/startup/lib/arm/a.le\libstartup.a(callout_power_sheeva_v6.o)
                0x0000c550                power_sheeva_v6
 .text          0x0000c580       0x30 E:/qnx-workspace/bsp-ti-beaglebone-fischer-src/src/hardware/startup/lib/arm/a.le\libstartup.a(callout_power_sheeva_v7.o)
                0x0000c580                power_sheeva_v7
 .text          0x0000c5b0        0x0 E:/qnx-workspace/bsp-ti-beaglebone-fischer-src/src/hardware/startup/lib/arm/a.le\libstartup.a(armv_cache_a9mp.o)
 .text          0x0000c5b0        0x0 E:/qnx-workspace/bsp-ti-beaglebone-fischer-src/src/hardware/startup/lib/arm/a.le\libstartup.a(armv_cache_a9up.o)
 .text          0x0000c5b0        0x0 E:/qnx-workspace/bsp-ti-beaglebone-fischer-src/src/hardware/startup/lib/arm/a.le\libstartup.a(armv_cache_sheeva_v6.o)
 .text          0x0000c5b0        0x0 E:/qnx-workspace/bsp-ti-beaglebone-fischer-src/src/hardware/startup/lib/arm/a.le\libstartup.a(armv_cache_sheeva_v7.o)
 .text          0x0000c5b0       0xb4 E:/qnx-workspace/bsp-ti-beaglebone-fischer-src/src/hardware/startup/lib/arm/a.le\libstartup.a(callout_cache_a9mp.o)
                0x0000c608                cache_a9mp_d
                0x0000c5b0                cache_a9mp_i
 .text          0x0000c664       0xb4 E:/qnx-workspace/bsp-ti-beaglebone-fischer-src/src/hardware/startup/lib/arm/a.le\libstartup.a(callout_cache_a9up.o)
                0x0000c664                cache_a9up_i
                0x0000c6bc                cache_a9up_d
 .text          0x0000c718       0xc8 E:/qnx-workspace/bsp-ti-beaglebone-fischer-src/src/hardware/startup/lib/arm/a.le\libstartup.a(callout_cache_sheeva_v6.o)
                0x0000c75c                cache_sheeva_d_v6
                0x0000c718                cache_sheeva_i_v6
 .text          0x0000c7e0       0xe0 E:/qnx-workspace/bsp-ti-beaglebone-fischer-src/src/hardware/startup/lib/arm/a.le\libstartup.a(callout_cache_sheeva_v7.o)
                0x0000c7e0                cache_sheeva_i_v7
                0x0000c838                cache_sheeva_d_v7
 .text          0x0000c8c0      0x84c C:/QNX650/target/qnx6/armle/usr/lib\libucl.a(n2b_d.o)
                0x0000cae8                ucl_nrv2b_decompress_le16
                0x0000cdbc                ucl_nrv2b_decompress_le32
                0x0000c8c0                ucl_nrv2b_decompress_8
 .text          0x0000d10c      0x110 C:/QNX650/host/win32/x86/usr/lib/gcc/arm-unknown-nto-qnx6.5.0/4.4.2//libgcc.a(_udivsi3.o)
                0x0000d10c                __udivsi3
                0x0000d10c                __aeabi_uidiv
                0x0000d204                __aeabi_uidivmod
 .text          0x0000d21c        0xc C:/QNX650/host/win32/x86/usr/lib/gcc/arm-unknown-nto-qnx6.5.0/4.4.2//libgcc.a(_dvmd_nto.o)
                0x0000d21c                __div0
 .text          0x0000d228      0x50c C:/QNX650/host/win32/x86/usr/lib/gcc/arm-unknown-nto-qnx6.5.0/4.4.2//libgcc.a(_udivdi3.o)
                0x0000d228                __udivdi3
 .text          0x0000d734      0x500 C:/QNX650/host/win32/x86/usr/lib/gcc/arm-unknown-nto-qnx6.5.0/4.4.2//libgcc.a(_umoddi3.o)
                0x0000d734                __umoddi3
 .text          0x0000dc34       0xcc C:/QNX650/host/win32/x86/usr/lib/gcc/arm-unknown-nto-qnx6.5.0/4.4.2//libgcc.a(_umodsi3.o)
                0x0000dc34                __umodsi3
 .text          0x0000dd00        0x0 C:/QNX650/host/win32/x86/usr/lib/gcc/arm-unknown-nto-qnx6.5.0/4.4.2//libgcc.a(_clz.o)
 .text          0x0000dd00      0x120 C:/QNX650/target/qnx6/armle/lib\libc.a(hwi_find_item.o)
                0x0000dd00                hwi_find_item
 .text          0x0000de20       0x1c C:/QNX650/target/qnx6/armle/lib\libc.a(hwi_off2tag.o)
                0x0000de20                hwi_off2tag
 .text          0x0000de3c       0x1c C:/QNX650/target/qnx6/armle/lib\libc.a(hwi_tag2off.o)
                0x0000de3c                hwi_tag2off
 .text          0x0000de58       0x4c C:/QNX650/target/qnx6/armle/lib\libc.a(memcmp.o)
                0x0000de58                memcmp
 .text          0x0000dea4       0x90 C:/QNX650/target/qnx6/armle/lib\libc.a(memset.o)
                0x0000dea4                memset
 .text          0x0000df34       0x3c C:/QNX650/target/qnx6/armle/lib\libc.a(strchr.o)
                0x0000df34                strchr
 .text          0x0000df70       0x4c C:/QNX650/target/qnx6/armle/lib\libc.a(strcmp.o)
                0x0000df70                strcmp
 .text          0x0000dfbc       0x1c C:/QNX650/target/qnx6/armle/lib\libc.a(strcpy.o)
                0x0000dfbc                strcpy
 .text          0x0000dfd8       0x28 C:/QNX650/target/qnx6/armle/lib\libc.a(strlen.o)
                0x0000dfd8                strlen
 .text          0x0000e000        0x0 C:/QNX650/target/qnx6/armle/lib\libc.a(__cpu_flags.o)
 *(.gnu.warning)

.fini
 *(.fini)

.rodata         0x00000000      0xd84
 *(.rodata)
 .rodata        0x00000000      0x138 init_intrinfo.o
 .rodata        0x00000138       0x18 init_qtime_am335x.o
 .rodata        0x00000150       0x28 main.o
                0x00000150                callouts
                0x00000158                debug_devices
 .rodata        0x00000178        0x8 E:/qnx-workspace/bsp-ti-beaglebone-fischer-src/src/hardware/startup/lib/arm/a.le\libstartup.a(add_interrupt.o)
 .rodata        0x00000180        0x8 E:/qnx-workspace/bsp-ti-beaglebone-fischer-src/src/hardware/startup/lib/arm/a.le\libstartup.a(init_system_private.o)
 .rodata        0x00000188       0x14 E:/qnx-workspace/bsp-ti-beaglebone-fischer-src/src/hardware/startup/lib/arm/a.le\libstartup.a(kprintf.o)
 .rodata        0x0000019c       0x14 E:/qnx-workspace/bsp-ti-beaglebone-fischer-src/src/hardware/startup/lib/arm/a.le\libstartup.a(restore_ifs.o)
 .rodata        0x000001b0        0x8 E:/qnx-workspace/bsp-ti-beaglebone-fischer-src/src/hardware/startup/lib/arm/a.le\libstartup.a(as_find.o)
 .rodata        0x000001b8       0x40 E:/qnx-workspace/bsp-ti-beaglebone-fischer-src/src/hardware/startup/lib/arm/a.le\libstartup.a(armv_chip_1020.o)
                0x000001b8                armv_chip_1020
 .rodata        0x000001f8       0x40 E:/qnx-workspace/bsp-ti-beaglebone-fischer-src/src/hardware/startup/lib/arm/a.le\libstartup.a(armv_chip_1022.o)
                0x000001f8                armv_chip_1022
 .rodata        0x00000238       0x40 E:/qnx-workspace/bsp-ti-beaglebone-fischer-src/src/hardware/startup/lib/arm/a.le\libstartup.a(armv_chip_1136.o)
                0x00000238                armv_chip_1136
 .rodata        0x00000278       0x40 E:/qnx-workspace/bsp-ti-beaglebone-fischer-src/src/hardware/startup/lib/arm/a.le\libstartup.a(armv_chip_1176.o)
                0x00000278                armv_chip_1176
 .rodata        0x000002b8       0x40 E:/qnx-workspace/bsp-ti-beaglebone-fischer-src/src/hardware/startup/lib/arm/a.le\libstartup.a(armv_chip_1200.o)
                0x000002b8                armv_chip_ixp1200
 .rodata        0x000002f8       0x40 E:/qnx-workspace/bsp-ti-beaglebone-fischer-src/src/hardware/startup/lib/arm/a.le\libstartup.a(armv_chip_23xx.o)
                0x000002f8                armv_chip_ixp23xx
 .rodata        0x00000338       0x40 E:/qnx-workspace/bsp-ti-beaglebone-fischer-src/src/hardware/startup/lib/arm/a.le\libstartup.a(armv_chip_2400.o)
                0x00000338                armv_chip_ixp2400
 .rodata        0x00000378       0x40 E:/qnx-workspace/bsp-ti-beaglebone-fischer-src/src/hardware/startup/lib/arm/a.le\libstartup.a(armv_chip_2800.o)
                0x00000378                armv_chip_ixp2800
 .rodata        0x000003b8       0x40 E:/qnx-workspace/bsp-ti-beaglebone-fischer-src/src/hardware/startup/lib/arm/a.le\libstartup.a(armv_chip_425.o)
                0x000003b8                armv_chip_ixp425
 .rodata        0x000003f8       0x40 E:/qnx-workspace/bsp-ti-beaglebone-fischer-src/src/hardware/startup/lib/arm/a.le\libstartup.a(armv_chip_465.o)
                0x000003f8                armv_chip_ixp465
 .rodata        0x00000438       0x40 E:/qnx-workspace/bsp-ti-beaglebone-fischer-src/src/hardware/startup/lib/arm/a.le\libstartup.a(armv_chip_720.o)
                0x00000438                armv_chip_720
 .rodata        0x00000478       0x40 E:/qnx-workspace/bsp-ti-beaglebone-fischer-src/src/hardware/startup/lib/arm/a.le\libstartup.a(armv_chip_80200.o)
                0x00000478                armv_chip_80200
 .rodata        0x000004b8       0x40 E:/qnx-workspace/bsp-ti-beaglebone-fischer-src/src/hardware/startup/lib/arm/a.le\libstartup.a(armv_chip_920.o)
                0x000004b8                armv_chip_920
 .rodata        0x000004f8       0x40 E:/qnx-workspace/bsp-ti-beaglebone-fischer-src/src/hardware/startup/lib/arm/a.le\libstartup.a(armv_chip_922.o)
                0x000004f8                armv_chip_922
 .rodata        0x00000538       0x40 E:/qnx-workspace/bsp-ti-beaglebone-fischer-src/src/hardware/startup/lib/arm/a.le\libstartup.a(armv_chip_925.o)
                0x00000538                armv_chip_925
 .rodata        0x00000578       0x40 E:/qnx-workspace/bsp-ti-beaglebone-fischer-src/src/hardware/startup/lib/arm/a.le\libstartup.a(armv_chip_926.o)
                0x00000578                armv_chip_926
 .rodata        0x000005b8       0x40 E:/qnx-workspace/bsp-ti-beaglebone-fischer-src/src/hardware/startup/lib/arm/a.le\libstartup.a(armv_chip_a15.o)
                0x000005b8                armv_chip_a15
 .rodata        0x000005f8       0x40 E:/qnx-workspace/bsp-ti-beaglebone-fischer-src/src/hardware/startup/lib/arm/a.le\libstartup.a(armv_chip_a8.o)
                0x000005f8                armv_chip_a8
 .rodata        0x00000638       0x40 E:/qnx-workspace/bsp-ti-beaglebone-fischer-src/src/hardware/startup/lib/arm/a.le\libstartup.a(armv_chip_a9.o)
                0x00000638                armv_chip_a9
 .rodata        0x00000678       0x40 E:/qnx-workspace/bsp-ti-beaglebone-fischer-src/src/hardware/startup/lib/arm/a.le\libstartup.a(armv_chip_mp11.o)
                0x00000678                armv_chip_mp11
 .rodata        0x000006b8       0x40 E:/qnx-workspace/bsp-ti-beaglebone-fischer-src/src/hardware/startup/lib/arm/a.le\libstartup.a(armv_chip_pxa210b.o)
                0x000006b8                armv_chip_pxa210b
 .rodata        0x000006f8       0x40 E:/qnx-workspace/bsp-ti-beaglebone-fischer-src/src/hardware/startup/lib/arm/a.le\libstartup.a(armv_chip_pxa210c.o)
                0x000006f8                armv_chip_pxa210c
 .rodata        0x00000738       0x40 E:/qnx-workspace/bsp-ti-beaglebone-fischer-src/src/hardware/startup/lib/arm/a.le\libstartup.a(armv_chip_pxa250a.o)
                0x00000738                armv_chip_pxa250a
 .rodata        0x00000778       0x40 E:/qnx-workspace/bsp-ti-beaglebone-fischer-src/src/hardware/startup/lib/arm/a.le\libstartup.a(armv_chip_pxa250b.o)
                0x00000778                armv_chip_pxa250b
 .rodata        0x000007b8       0x40 E:/qnx-workspace/bsp-ti-beaglebone-fischer-src/src/hardware/startup/lib/arm/a.le\libstartup.a(armv_chip_pxa255.o)
                0x000007b8                armv_chip_pxa255
 .rodata        0x000007f8       0x40 E:/qnx-workspace/bsp-ti-beaglebone-fischer-src/src/hardware/startup/lib/arm/a.le\libstartup.a(armv_chip_pxa270.o)
                0x000007f8                armv_chip_pxa270
 .rodata        0x00000838       0x40 E:/qnx-workspace/bsp-ti-beaglebone-fischer-src/src/hardware/startup/lib/arm/a.le\libstartup.a(armv_chip_sa1100.o)
                0x00000838                armv_chip_sa1100
 .rodata        0x00000878       0x40 E:/qnx-workspace/bsp-ti-beaglebone-fischer-src/src/hardware/startup/lib/arm/a.le\libstartup.a(armv_chip_sa1110.o)
                0x00000878                armv_chip_sa1110
 .rodata        0x000008b8       0x40 E:/qnx-workspace/bsp-ti-beaglebone-fischer-src/src/hardware/startup/lib/arm/a.le\libstartup.a(armv_chip_sheeva.o)
                0x000008b8                armv_chip_sheeva
 .rodata        0x000008f8       0x18 E:/qnx-workspace/bsp-ti-beaglebone-fischer-src/src/hardware/startup/lib/arm/a.le\libstartup.a(armv_pte_ixp2xxx.o)
                0x000008f8                armv_pte_ixp2xxx
 .rodata        0x00000910       0x18 E:/qnx-workspace/bsp-ti-beaglebone-fischer-src/src/hardware/startup/lib/arm/a.le\libstartup.a(armv_pte_v4wb.o)
                0x00000910                armv_pte_v4wb
 .rodata        0x00000928       0x18 E:/qnx-workspace/bsp-ti-beaglebone-fischer-src/src/hardware/startup/lib/arm/a.le\libstartup.a(armv_pte_v4wt.o)
                0x00000928                armv_pte_v4wt
 .rodata        0x00000940       0x18 E:/qnx-workspace/bsp-ti-beaglebone-fischer-src/src/hardware/startup/lib/arm/a.le\libstartup.a(armv_pte_v5wa.o)
                0x00000940                armv_pte_v5wa
 .rodata        0x00000958       0x18 E:/qnx-workspace/bsp-ti-beaglebone-fischer-src/src/hardware/startup/lib/arm/a.le\libstartup.a(armv_pte_v5wb.o)
                0x00000958                armv_pte_v5wb
 .rodata        0x00000970       0x18 E:/qnx-workspace/bsp-ti-beaglebone-fischer-src/src/hardware/startup/lib/arm/a.le\libstartup.a(armv_pte_v5wt.o)
                0x00000970                armv_pte_v5wt
 .rodata        0x00000988       0x18 E:/qnx-workspace/bsp-ti-beaglebone-fischer-src/src/hardware/startup/lib/arm/a.le\libstartup.a(armv_pte_v6mp.o)
                0x00000988                armv_pte_v6mp
 .rodata        0x000009a0       0x18 E:/qnx-workspace/bsp-ti-beaglebone-fischer-src/src/hardware/startup/lib/arm/a.le\libstartup.a(armv_pte_v6wb.o)
                0x000009a0                armv_pte_v6wb
 .rodata        0x000009b8       0x18 E:/qnx-workspace/bsp-ti-beaglebone-fischer-src/src/hardware/startup/lib/arm/a.le\libstartup.a(armv_pte_v6wt.o)
                0x000009b8                armv_pte_v6wt
 .rodata        0x000009d0       0x18 E:/qnx-workspace/bsp-ti-beaglebone-fischer-src/src/hardware/startup/lib/arm/a.le\libstartup.a(armv_pte_v7mp.o)
                0x000009d0                armv_pte_v7mp
 .rodata        0x000009e8       0x18 E:/qnx-workspace/bsp-ti-beaglebone-fischer-src/src/hardware/startup/lib/arm/a.le\libstartup.a(armv_pte_v7wa.o)
                0x000009e8                armv_pte_v7wa
 .rodata        0x00000a00       0x18 E:/qnx-workspace/bsp-ti-beaglebone-fischer-src/src/hardware/startup/lib/arm/a.le\libstartup.a(armv_pte_v7wb.o)
                0x00000a00                armv_pte_v7wb
 .rodata        0x00000a18       0x18 E:/qnx-workspace/bsp-ti-beaglebone-fischer-src/src/hardware/startup/lib/arm/a.le\libstartup.a(armv_pte_v7wt.o)
                0x00000a18                armv_pte_v7wt
 .rodata        0x00000a30       0x18 E:/qnx-workspace/bsp-ti-beaglebone-fischer-src/src/hardware/startup/lib/arm/a.le\libstartup.a(armv_pte_xsc3.o)
                0x00000a30                armv_pte_xsc3
 .rodata        0x00000a48       0x10 E:/qnx-workspace/bsp-ti-beaglebone-fischer-src/src/hardware/startup/lib/arm/a.le\libstartup.a(armv_cache_1020.o)
                0x00000a48                armv_cache_1020
 .rodata        0x00000a58       0x10 E:/qnx-workspace/bsp-ti-beaglebone-fischer-src/src/hardware/startup/lib/arm/a.le\libstartup.a(armv_cache_1136.o)
                0x00000a58                armv_cache_1136
 .rodata        0x00000a68       0x1c E:/qnx-workspace/bsp-ti-beaglebone-fischer-src/src/hardware/startup/lib/arm/a.le\libstartup.a(armv_cache_720.o)
                0x00000a68                armv_cache_720
 .rodata        0x00000a84       0x10 E:/qnx-workspace/bsp-ti-beaglebone-fischer-src/src/hardware/startup/lib/arm/a.le\libstartup.a(armv_cache_920.o)
                0x00000a84                armv_cache_920
 .rodata        0x00000a94       0x10 E:/qnx-workspace/bsp-ti-beaglebone-fischer-src/src/hardware/startup/lib/arm/a.le\libstartup.a(armv_cache_925.o)
                0x00000a94                armv_cache_925
 .rodata        0x00000aa4       0x10 E:/qnx-workspace/bsp-ti-beaglebone-fischer-src/src/hardware/startup/lib/arm/a.le\libstartup.a(armv_cache_926.o)
                0x00000aa4                armv_cache_926
 .rodata        0x00000ab4       0x10 E:/qnx-workspace/bsp-ti-beaglebone-fischer-src/src/hardware/startup/lib/arm/a.le\libstartup.a(armv_cache_a15.o)
                0x00000ab4                armv_cache_a15
 .rodata        0x00000ac4       0x10 E:/qnx-workspace/bsp-ti-beaglebone-fischer-src/src/hardware/startup/lib/arm/a.le\libstartup.a(armv_cache_a8.o)
                0x00000ac4                armv_cache_a8
 .rodata        0x00000ad4       0x10 E:/qnx-workspace/bsp-ti-beaglebone-fischer-src/src/hardware/startup/lib/arm/a.le\libstartup.a(armv_cache_mp11.o)
                0x00000ad4                armv_cache_mp11
 .rodata        0x00000ae4       0x28 E:/qnx-workspace/bsp-ti-beaglebone-fischer-src/src/hardware/startup/lib/arm/a.le\libstartup.a(armv_cache_sa1100.o)
                0x00000af0                sa1100_icache_config
                0x00000afc                armv_cache_sa1100
                0x00000ae4                sa1100_dcache_config
 .rodata        0x00000b0c       0x10 E:/qnx-workspace/bsp-ti-beaglebone-fischer-src/src/hardware/startup/lib/arm/a.le\libstartup.a(armv_cache_xsc3.o)
                0x00000b0c                armv_cache_xsc3
 .rodata        0x00000b1c       0x10 E:/qnx-workspace/bsp-ti-beaglebone-fischer-src/src/hardware/startup/lib/arm/a.le\libstartup.a(armv_cache_xscale.o)
                0x00000b1c                armv_cache_xscale
 .rodata        0x00000b2c       0x40 E:/qnx-workspace/bsp-ti-beaglebone-fischer-src/src/hardware/startup/lib/arm/a.le\libstartup.a(armv_chip_a9mp.o)
                0x00000b2c                armv_chip_a9mp
 .rodata        0x00000b6c       0x40 E:/qnx-workspace/bsp-ti-beaglebone-fischer-src/src/hardware/startup/lib/arm/a.le\libstartup.a(armv_chip_a9up.o)
                0x00000b6c                armv_chip_a9up
 .rodata        0x00000bac       0x40 E:/qnx-workspace/bsp-ti-beaglebone-fischer-src/src/hardware/startup/lib/arm/a.le\libstartup.a(armv_chip_sheeva_v6.o)
                0x00000bac                armv_chip_sheeva_v6
 .rodata        0x00000bec       0x40 E:/qnx-workspace/bsp-ti-beaglebone-fischer-src/src/hardware/startup/lib/arm/a.le\libstartup.a(armv_chip_sheeva_v7.o)
                0x00000bec                armv_chip_sheeva_v7
 .rodata        0x00000c2c       0x18 E:/qnx-workspace/bsp-ti-beaglebone-fischer-src/src/hardware/startup/lib/arm/a.le\libstartup.a(armv_pte_v6wa.o)
                0x00000c2c                armv_pte_v6wa
 .rodata        0x00000c44       0x10 E:/qnx-workspace/bsp-ti-beaglebone-fischer-src/src/hardware/startup/lib/arm/a.le\libstartup.a(armv_cache_a9mp.o)
                0x00000c44                armv_cache_a9mp
 .rodata        0x00000c54       0x10 E:/qnx-workspace/bsp-ti-beaglebone-fischer-src/src/hardware/startup/lib/arm/a.le\libstartup.a(armv_cache_a9up.o)
                0x00000c54                armv_cache_a9up
 .rodata        0x00000c64       0x10 E:/qnx-workspace/bsp-ti-beaglebone-fischer-src/src/hardware/startup/lib/arm/a.le\libstartup.a(armv_cache_sheeva_v6.o)
                0x00000c64                armv_cache_sheeva_v6
 .rodata        0x00000c74       0x10 E:/qnx-workspace/bsp-ti-beaglebone-fischer-src/src/hardware/startup/lib/arm/a.le\libstartup.a(armv_cache_sheeva_v7.o)
                0x00000c74                armv_cache_sheeva_v7
 .rodata        0x00000c84      0x100 C:/QNX650/host/win32/x86/usr/lib/gcc/arm-unknown-nto-qnx6.5.0/4.4.2//libgcc.a(_clz.o)
                0x00000c84                __clz_tab

.rodata.str1.4  0x00000000     0x1964
 .rodata.str1.4
                0x00000000      0x3d8 detectid.o
 .rodata.str1.4
                0x000003d8       0x68 init_pinmux.o
 .rodata.str1.4
                0x00000440      0x1e8 main.o
 .rodata.str1.4
                0x00000628       0x10 E:/qnx-workspace/bsp-ti-beaglebone-fischer-src/src/hardware/startup/lib/arm/a.le\libstartup.a(_main.o)
 .rodata.str1.4
                0x00000638       0x30 E:/qnx-workspace/bsp-ti-beaglebone-fischer-src/src/hardware/startup/lib/arm/a.le\libstartup.a(callouts.o)
 .rodata.str1.4
                0x00000668        0x4 E:/qnx-workspace/bsp-ti-beaglebone-fischer-src/src/hardware/startup/lib/arm/a.le\libstartup.a(common_options.o)
 .rodata.str1.4
                0x0000066c        0x4 E:/qnx-workspace/bsp-ti-beaglebone-fischer-src/src/hardware/startup/lib/arm/a.le\libstartup.a(debug.o)
 .rodata.str1.4
                0x00000670       0x14 E:/qnx-workspace/bsp-ti-beaglebone-fischer-src/src/hardware/startup/lib/arm/a.le\libstartup.a(hw_rtc_none.o)
 .rodata.str1.4
                0x00000684       0x18 E:/qnx-workspace/bsp-ti-beaglebone-fischer-src/src/hardware/startup/lib/arm/a.le\libstartup.a(hwi_add_device.o)
 .rodata.str1.4
                0x0000069c       0x30 E:/qnx-workspace/bsp-ti-beaglebone-fischer-src/src/hardware/startup/lib/arm/a.le\libstartup.a(hwi_add_nanospin.o)
 .rodata.str1.4
                0x000006cc        0x4 E:/qnx-workspace/bsp-ti-beaglebone-fischer-src/src/hardware/startup/lib/arm/a.le\libstartup.a(hwi_alloc.o)
 .rodata.str1.4
                0x000006d0       0x30 E:/qnx-workspace/bsp-ti-beaglebone-fischer-src/src/hardware/startup/lib/arm/a.le\libstartup.a(init_cpuinfo.o)
 .rodata.str1.4
                0x00000700       0x54 E:/qnx-workspace/bsp-ti-beaglebone-fischer-src/src/hardware/startup/lib/arm/a.le\libstartup.a(init_mmu.o)
 .rodata.str1.4
                0x00000754      0x164 E:/qnx-workspace/bsp-ti-beaglebone-fischer-src/src/hardware/startup/lib/arm/a.le\libstartup.a(init_system_private.o)
 .rodata.str1.4
                0x000008b8       0x64 E:/qnx-workspace/bsp-ti-beaglebone-fischer-src/src/hardware/startup/lib/arm/a.le\libstartup.a(load_ifs.o)
 .rodata.str1.4
                0x0000091c      0x5b4 E:/qnx-workspace/bsp-ti-beaglebone-fischer-src/src/hardware/startup/lib/arm/a.le\libstartup.a(print_sysp.o)
 .rodata.str1.4
                0x00000ed0       0xac E:/qnx-workspace/bsp-ti-beaglebone-fischer-src/src/hardware/startup/lib/arm/a.le\libstartup.a(ram.o)
 .rodata.str1.4
                0x00000f7c      0x4b4 E:/qnx-workspace/bsp-ti-beaglebone-fischer-src/src/hardware/startup/lib/arm/a.le\libstartup.a(restore_ifs.o)
 .rodata.str1.4
                0x00001430       0x68 E:/qnx-workspace/bsp-ti-beaglebone-fischer-src/src/hardware/startup/lib/arm/a.le\libstartup.a(startnext.o)
 .rodata.str1.4
                0x00001498       0x3c E:/qnx-workspace/bsp-ti-beaglebone-fischer-src/src/hardware/startup/lib/arm/a.le\libstartup.a(syspage_memory.o)
 .rodata.str1.4
                0x000014d4       0x34 E:/qnx-workspace/bsp-ti-beaglebone-fischer-src/src/hardware/startup/lib/arm/a.le\libstartup.a(uncompress.o)
 .rodata.str1.4
                0x00001508        0x8 E:/qnx-workspace/bsp-ti-beaglebone-fischer-src/src/hardware/startup/lib/arm/a.le\libstartup.a(uncompress_ucl.o)
 .rodata.str1.4
                0x00001510       0xec E:/qnx-workspace/bsp-ti-beaglebone-fischer-src/src/hardware/startup/lib/arm/a.le\libstartup.a(arm_cache.o)
 .rodata.str1.4
                0x000015fc       0x34 E:/qnx-workspace/bsp-ti-beaglebone-fischer-src/src/hardware/startup/lib/arm/a.le\libstartup.a(arm_cpuspeed.o)
 .rodata.str1.4
                0x00001630       0x60 E:/qnx-workspace/bsp-ti-beaglebone-fischer-src/src/hardware/startup/lib/arm/a.le\libstartup.a(arm_pte.o)
 .rodata.str1.4
                0x00001690        0x4 E:/qnx-workspace/bsp-ti-beaglebone-fischer-src/src/hardware/startup/lib/arm/a.le\libstartup.a(as_add64.o)
 .rodata.str1.4
                0x00001694        0x8 E:/qnx-workspace/bsp-ti-beaglebone-fischer-src/src/hardware/startup/lib/arm/a.le\libstartup.a(as_default.o)
 .rodata.str1.4
                0x0000169c       0x18 E:/qnx-workspace/bsp-ti-beaglebone-fischer-src/src/hardware/startup/lib/arm/a.le\libstartup.a(as_find.o)
 .rodata.str1.4
                0x000016b4       0x1c E:/qnx-workspace/bsp-ti-beaglebone-fischer-src/src/hardware/startup/lib/arm/a.le\libstartup.a(cpu_startnext.o)
 .rodata.str1.4
                0x000016d0       0x34 E:/qnx-workspace/bsp-ti-beaglebone-fischer-src/src/hardware/startup/lib/arm/a.le\libstartup.a(cpu_syspage_memory.o)
 .rodata.str1.4
                0x00001704        0x8 E:/qnx-workspace/bsp-ti-beaglebone-fischer-src/src/hardware/startup/lib/arm/a.le\libstartup.a(elf.o)
 .rodata.str1.4
                0x0000170c       0x70 E:/qnx-workspace/bsp-ti-beaglebone-fischer-src/src/hardware/startup/lib/arm/a.le\libstartup.a(elf_map.o)
 .rodata.str1.4
                0x0000177c       0x18 E:/qnx-workspace/bsp-ti-beaglebone-fischer-src/src/hardware/startup/lib/arm/a.le\libstartup.a(hwi_default.o)
 .rodata.str1.4
                0x00001794        0x8 E:/qnx-workspace/bsp-ti-beaglebone-fischer-src/src/hardware/startup/lib/arm/a.le\libstartup.a(armv_chip_1020.o)
 .rodata.str1.4
                0x0000179c        0x8 E:/qnx-workspace/bsp-ti-beaglebone-fischer-src/src/hardware/startup/lib/arm/a.le\libstartup.a(armv_chip_1022.o)
 .rodata.str1.4
                0x000017a4        0x8 E:/qnx-workspace/bsp-ti-beaglebone-fischer-src/src/hardware/startup/lib/arm/a.le\libstartup.a(armv_chip_1136.o)
 .rodata.str1.4
                0x000017ac        0x8 E:/qnx-workspace/bsp-ti-beaglebone-fischer-src/src/hardware/startup/lib/arm/a.le\libstartup.a(armv_chip_1176.o)
 .rodata.str1.4
                0x000017b4        0x8 E:/qnx-workspace/bsp-ti-beaglebone-fischer-src/src/hardware/startup/lib/arm/a.le\libstartup.a(armv_chip_1200.o)
 .rodata.str1.4
                0x000017bc        0x8 E:/qnx-workspace/bsp-ti-beaglebone-fischer-src/src/hardware/startup/lib/arm/a.le\libstartup.a(armv_chip_23xx.o)
 .rodata.str1.4
                0x000017c4        0x8 E:/qnx-workspace/bsp-ti-beaglebone-fischer-src/src/hardware/startup/lib/arm/a.le\libstartup.a(armv_chip_2400.o)
 .rodata.str1.4
                0x000017cc        0x8 E:/qnx-workspace/bsp-ti-beaglebone-fischer-src/src/hardware/startup/lib/arm/a.le\libstartup.a(armv_chip_2800.o)
 .rodata.str1.4
                0x000017d4        0x8 E:/qnx-workspace/bsp-ti-beaglebone-fischer-src/src/hardware/startup/lib/arm/a.le\libstartup.a(armv_chip_425.o)
 .rodata.str1.4
                0x000017dc        0x8 E:/qnx-workspace/bsp-ti-beaglebone-fischer-src/src/hardware/startup/lib/arm/a.le\libstartup.a(armv_chip_465.o)
 .rodata.str1.4
                0x000017e4        0x8 E:/qnx-workspace/bsp-ti-beaglebone-fischer-src/src/hardware/startup/lib/arm/a.le\libstartup.a(armv_chip_720.o)
 .rodata.str1.4
                0x000017ec        0x8 E:/qnx-workspace/bsp-ti-beaglebone-fischer-src/src/hardware/startup/lib/arm/a.le\libstartup.a(armv_chip_80200.o)
 .rodata.str1.4
                0x000017f4        0x8 E:/qnx-workspace/bsp-ti-beaglebone-fischer-src/src/hardware/startup/lib/arm/a.le\libstartup.a(armv_chip_920.o)
 .rodata.str1.4
                0x000017fc        0x8 E:/qnx-workspace/bsp-ti-beaglebone-fischer-src/src/hardware/startup/lib/arm/a.le\libstartup.a(armv_chip_922.o)
 .rodata.str1.4
                0x00001804        0x8 E:/qnx-workspace/bsp-ti-beaglebone-fischer-src/src/hardware/startup/lib/arm/a.le\libstartup.a(armv_chip_925.o)
 .rodata.str1.4
                0x0000180c        0x8 E:/qnx-workspace/bsp-ti-beaglebone-fischer-src/src/hardware/startup/lib/arm/a.le\libstartup.a(armv_chip_926.o)
 .rodata.str1.4
                0x00001814        0xc E:/qnx-workspace/bsp-ti-beaglebone-fischer-src/src/hardware/startup/lib/arm/a.le\libstartup.a(armv_chip_a15.o)
 .rodata.str1.4
                0x00001820        0xc E:/qnx-workspace/bsp-ti-beaglebone-fischer-src/src/hardware/startup/lib/arm/a.le\libstartup.a(armv_chip_a8.o)
 .rodata.str1.4
                0x0000182c       0x10 E:/qnx-workspace/bsp-ti-beaglebone-fischer-src/src/hardware/startup/lib/arm/a.le\libstartup.a(armv_chip_mp11.o)
 .rodata.str1.4
                0x0000183c        0x8 E:/qnx-workspace/bsp-ti-beaglebone-fischer-src/src/hardware/startup/lib/arm/a.le\libstartup.a(armv_chip_pxa210b.o)
 .rodata.str1.4
                0x00001844        0x8 E:/qnx-workspace/bsp-ti-beaglebone-fischer-src/src/hardware/startup/lib/arm/a.le\libstartup.a(armv_chip_pxa210c.o)
 .rodata.str1.4
                0x0000184c        0x8 E:/qnx-workspace/bsp-ti-beaglebone-fischer-src/src/hardware/startup/lib/arm/a.le\libstartup.a(armv_chip_pxa250a.o)
 .rodata.str1.4
                0x00001854        0x8 E:/qnx-workspace/bsp-ti-beaglebone-fischer-src/src/hardware/startup/lib/arm/a.le\libstartup.a(armv_chip_pxa250b.o)
 .rodata.str1.4
                0x0000185c        0x8 E:/qnx-workspace/bsp-ti-beaglebone-fischer-src/src/hardware/startup/lib/arm/a.le\libstartup.a(armv_chip_pxa255.o)
 .rodata.str1.4
                0x00001864        0x8 E:/qnx-workspace/bsp-ti-beaglebone-fischer-src/src/hardware/startup/lib/arm/a.le\libstartup.a(armv_chip_pxa270.o)
 .rodata.str1.4
                0x0000186c        0x8 E:/qnx-workspace/bsp-ti-beaglebone-fischer-src/src/hardware/startup/lib/arm/a.le\libstartup.a(armv_chip_sa1100.o)
 .rodata.str1.4
                0x00001874        0x8 E:/qnx-workspace/bsp-ti-beaglebone-fischer-src/src/hardware/startup/lib/arm/a.le\libstartup.a(armv_chip_sa1110.o)
 .rodata.str1.4
                0x0000187c       0x18 E:/qnx-workspace/bsp-ti-beaglebone-fischer-src/src/hardware/startup/lib/arm/a.le\libstartup.a(armv_detect_sheeva.o)
 .rodata.str1.4
                0x00001894       0x1c E:/qnx-workspace/bsp-ti-beaglebone-fischer-src/src/hardware/startup/lib/arm/a.le\libstartup.a(armv_setup_mp11.o)
 .rodata.str1.4
                0x000018b0       0x10 E:/qnx-workspace/bsp-ti-beaglebone-fischer-src/src/hardware/startup/lib/arm/a.le\libstartup.a(armv_setup_v6.o)
 .rodata.str1.4
                0x000018c0       0x3c E:/qnx-workspace/bsp-ti-beaglebone-fischer-src/src/hardware/startup/lib/arm/a.le\libstartup.a(armv_setup_v7.o)
 .rodata.str1.4
                0x000018fc       0x14 E:/qnx-workspace/bsp-ti-beaglebone-fischer-src/src/hardware/startup/lib/arm/a.le\libstartup.a(arm_gic.o)
 .rodata.str1.4
                0x00001910       0x14 E:/qnx-workspace/bsp-ti-beaglebone-fischer-src/src/hardware/startup/lib/arm/a.le\libstartup.a(armv_chip_a9mp.o)
 .rodata.str1.4
                0x00001924        0xc E:/qnx-workspace/bsp-ti-beaglebone-fischer-src/src/hardware/startup/lib/arm/a.le\libstartup.a(armv_chip_a9up.o)
 .rodata.str1.4
                0x00001930        0xc E:/qnx-workspace/bsp-ti-beaglebone-fischer-src/src/hardware/startup/lib/arm/a.le\libstartup.a(armv_chip_sheeva_v6.o)
 .rodata.str1.4
                0x0000193c        0xc E:/qnx-workspace/bsp-ti-beaglebone-fischer-src/src/hardware/startup/lib/arm/a.le\libstartup.a(armv_chip_sheeva_v7.o)
 .rodata.str1.4
                0x00001948       0x1c E:/qnx-workspace/bsp-ti-beaglebone-fischer-src/src/hardware/startup/lib/arm/a.le\libstartup.a(armv_setup_a9mp.o)

.rodata1
 *(.rodata1)

.ARM.extab
 *(.ARM.extab)

.ARM.exidx
 *(.ARM.exidx)

.eh_frame_hdr
 *(.eh_frame_hdr)

.eh_frame
 *(.eh_frame)

.gcc_except_table
 *(.gcc_except_table .gcc_except_table.*)

.eh_frame
 *(.eh_frame)

.gcc_except_table
 *(.gcc_except_table .gcc_except_table.*)

.tdata
 *(.tdata)

.tbss
 *(.tbss)

.preinit_array
 *(.preinit_array)

.init_array
 *(SORT(.init_array.*))
 *(.init_array)

.fini_array
 *(.fini_array)
 *(SORT(.fini_array.*))

.jcr
 *(.jcr)

.dynamic
 *(.dynamic)

.got
 *(.got.plt)
 *(.got)

.data           0x00000000      0xdfc
 *(.data)
 .data          0x00000000        0x0 callout_interrupt_am335x.o
 .data          0x00000000        0x0 callout_interrupt_am335x_gpio.o
 .data          0x00000000        0x0 callout_interrupt_edma.o
 .data          0x00000000        0x0 callout_reboot_am335x.o
 .data          0x00000000        0x0 callout_timer_am335x.o
 .data          0x00000000        0x0 detectid.o
 .data          0x00000000        0x0 init_asinfo.o
 .data          0x00000000        0x0 init_edma.o
 .data          0x00000000        0x0 init_hwinfo.o
 .data          0x00000000       0x18 init_intrinfo.o
 .data          0x00000018       0x68 init_pinmux.o
                0x00000018                cape_profiles
 .data          0x00000080        0x0 init_qtime_am335x.o
 .data          0x00000080        0x0 init_raminfo.o
 .data          0x00000080        0x0 main.o
 .data          0x00000080        0x0 rtc_time.o
 .data          0x00000080       0x1c E:/qnx-workspace/bsp-ti-beaglebone-fischer-src/src/hardware/startup/lib/arm/a.le\libstartup.a(_main.o)
                0x00000094                system_dcache_idx
                0x0000008c                max_cpus
                0x00000098                mdriver_check
                0x00000080                mdriver_hook
                0x00000090                system_icache_idx
                0x00000088                paddr_bits
                0x00000084                smp_hook_rtn
 .data          0x0000009c        0x0 E:/qnx-workspace/bsp-ti-beaglebone-fischer-src/src/hardware/startup/lib/arm/a.le\libstartup.a(add_interrupt.o)
 .data          0x0000009c        0x0 E:/qnx-workspace/bsp-ti-beaglebone-fischer-src/src/hardware/startup/lib/arm/a.le\libstartup.a(alloc_qtime.o)
 .data          0x0000009c        0x0 E:/qnx-workspace/bsp-ti-beaglebone-fischer-src/src/hardware/startup/lib/arm/a.le\libstartup.a(board_init.o)
 .data          0x0000009c        0x0 E:/qnx-workspace/bsp-ti-beaglebone-fischer-src/src/hardware/startup/lib/arm/a.le\libstartup.a(callout_debug_8250.o)
 .data          0x0000009c        0x4 E:/qnx-workspace/bsp-ti-beaglebone-fischer-src/src/hardware/startup/lib/arm/a.le\libstartup.a(callouts.o)
                0x0000009c                callout_output_rtn
 .data          0x000000a0        0x0 E:/qnx-workspace/bsp-ti-beaglebone-fischer-src/src/hardware/startup/lib/arm/a.le\libstartup.a(common_options.o)
 .data          0x000000a0        0x0 E:/qnx-workspace/bsp-ti-beaglebone-fischer-src/src/hardware/startup/lib/arm/a.le\libstartup.a(cpu_common_options.o)
 .data          0x000000a0        0x0 E:/qnx-workspace/bsp-ti-beaglebone-fischer-src/src/hardware/startup/lib/arm/a.le\libstartup.a(cpu_startup.o)
 .data          0x000000a0      0xc08 E:/qnx-workspace/bsp-ti-beaglebone-fischer-src/src/hardware/startup/lib/arm/a.le\libstartup.a(cstart.o)
                0x00000ca8                stack
                0x000000a0                boot_args
 .data          0x00000ca8        0x0 E:/qnx-workspace/bsp-ti-beaglebone-fischer-src/src/hardware/startup/lib/arm/a.le\libstartup.a(debug.o)
 .data          0x00000ca8        0x0 E:/qnx-workspace/bsp-ti-beaglebone-fischer-src/src/hardware/startup/lib/arm/a.le\libstartup.a(getopt.o)
 .data          0x00000ca8        0x0 E:/qnx-workspace/bsp-ti-beaglebone-fischer-src/src/hardware/startup/lib/arm/a.le\libstartup.a(getsize.o)
 .data          0x00000ca8        0x0 E:/qnx-workspace/bsp-ti-beaglebone-fischer-src/src/hardware/startup/lib/arm/a.le\libstartup.a(hw_rtc_none.o)
 .data          0x00000ca8        0x0 E:/qnx-workspace/bsp-ti-beaglebone-fischer-src/src/hardware/startup/lib/arm/a.le\libstartup.a(hw_seromap.o)
 .data          0x00000ca8        0x0 E:/qnx-workspace/bsp-ti-beaglebone-fischer-src/src/hardware/startup/lib/arm/a.le\libstartup.a(hwi_add_device.o)
 .data          0x00000ca8        0x0 E:/qnx-workspace/bsp-ti-beaglebone-fischer-src/src/hardware/startup/lib/arm/a.le\libstartup.a(hwi_add_nanospin.o)
 .data          0x00000ca8        0x0 E:/qnx-workspace/bsp-ti-beaglebone-fischer-src/src/hardware/startup/lib/arm/a.le\libstartup.a(hwi_alloc.o)
 .data          0x00000ca8        0x0 E:/qnx-workspace/bsp-ti-beaglebone-fischer-src/src/hardware/startup/lib/arm/a.le\libstartup.a(init_cacheattr.o)
 .data          0x00000ca8        0x0 E:/qnx-workspace/bsp-ti-beaglebone-fischer-src/src/hardware/startup/lib/arm/a.le\libstartup.a(init_cpuinfo.o)
 .data          0x00000ca8        0x0 E:/qnx-workspace/bsp-ti-beaglebone-fischer-src/src/hardware/startup/lib/arm/a.le\libstartup.a(init_mmu.o)
 .data          0x00000ca8        0x0 E:/qnx-workspace/bsp-ti-beaglebone-fischer-src/src/hardware/startup/lib/arm/a.le\libstartup.a(init_system_private.o)
 .data          0x00000ca8        0x4 E:/qnx-workspace/bsp-ti-beaglebone-fischer-src/src/hardware/startup/lib/arm/a.le\libstartup.a(jtag.o)
 .data          0x00000cac        0x4 E:/qnx-workspace/bsp-ti-beaglebone-fischer-src/src/hardware/startup/lib/arm/a.le\libstartup.a(kprintf.o)
 .data          0x00000cb0        0x0 E:/qnx-workspace/bsp-ti-beaglebone-fischer-src/src/hardware/startup/lib/arm/a.le\libstartup.a(load_ifs.o)
 .data          0x00000cb0        0x0 E:/qnx-workspace/bsp-ti-beaglebone-fischer-src/src/hardware/startup/lib/arm/a.le\libstartup.a(map_callout_io.o)
 .data          0x00000cb0        0x0 E:/qnx-workspace/bsp-ti-beaglebone-fischer-src/src/hardware/startup/lib/arm/a.le\libstartup.a(map_startup_io.o)
 .data          0x00000cb0        0x0 E:/qnx-workspace/bsp-ti-beaglebone-fischer-src/src/hardware/startup/lib/arm/a.le\libstartup.a(map_startup_mem.o)
 .data          0x00000cb0        0x0 E:/qnx-workspace/bsp-ti-beaglebone-fischer-src/src/hardware/startup/lib/arm/a.le\libstartup.a(memcpy.o)
 .data          0x00000cb0        0x0 E:/qnx-workspace/bsp-ti-beaglebone-fischer-src/src/hardware/startup/lib/arm/a.le\libstartup.a(memfuncs.o)
 .data          0x00000cb0        0x0 E:/qnx-workspace/bsp-ti-beaglebone-fischer-src/src/hardware/startup/lib/arm/a.le\libstartup.a(memmove.o)
 .data          0x00000cb0       0xc0 E:/qnx-workspace/bsp-ti-beaglebone-fischer-src/src/hardware/startup/lib/arm/a.le\libstartup.a(print_sysp.o)
 .data          0x00000d70        0x4 E:/qnx-workspace/bsp-ti-beaglebone-fischer-src/src/hardware/startup/lib/arm/a.le\libstartup.a(ram.o)
 .data          0x00000d74        0x4 E:/qnx-workspace/bsp-ti-beaglebone-fischer-src/src/hardware/startup/lib/arm/a.le\libstartup.a(restore_ifs.o)
                0x00000d74                mdriver_cksum_max
 .data          0x00000d78        0x0 E:/qnx-workspace/bsp-ti-beaglebone-fischer-src/src/hardware/startup/lib/arm/a.le\libstartup.a(startnext.o)
 .data          0x00000d78        0x0 E:/qnx-workspace/bsp-ti-beaglebone-fischer-src/src/hardware/startup/lib/arm/a.le\libstartup.a(startup_info.o)
 .data          0x00000d78        0x0 E:/qnx-workspace/bsp-ti-beaglebone-fischer-src/src/hardware/startup/lib/arm/a.le\libstartup.a(strings.o)
 .data          0x00000d78        0x0 E:/qnx-workspace/bsp-ti-beaglebone-fischer-src/src/hardware/startup/lib/arm/a.le\libstartup.a(strtoul.o)
 .data          0x00000d78        0x0 E:/qnx-workspace/bsp-ti-beaglebone-fischer-src/src/hardware/startup/lib/arm/a.le\libstartup.a(syspage_memory.o)
 .data          0x00000d78        0x0 E:/qnx-workspace/bsp-ti-beaglebone-fischer-src/src/hardware/startup/lib/arm/a.le\libstartup.a(tweak_cmdline.o)
 .data          0x00000d78        0x0 E:/qnx-workspace/bsp-ti-beaglebone-fischer-src/src/hardware/startup/lib/arm/a.le\libstartup.a(uncompress.o)
 .data          0x00000d78        0x0 E:/qnx-workspace/bsp-ti-beaglebone-fischer-src/src/hardware/startup/lib/arm/a.le\libstartup.a(uncompress_ucl.o)
 .data          0x00000d78        0x0 E:/qnx-workspace/bsp-ti-beaglebone-fischer-src/src/hardware/startup/lib/arm/a.le\libstartup.a(arm_cache.o)
 .data          0x00000d78        0x0 E:/qnx-workspace/bsp-ti-beaglebone-fischer-src/src/hardware/startup/lib/arm/a.le\libstartup.a(arm_cpuspeed.o)
 .data          0x00000d78        0x4 E:/qnx-workspace/bsp-ti-beaglebone-fischer-src/src/hardware/startup/lib/arm/a.le\libstartup.a(arm_map.o)
 .data          0x00000d7c        0x0 E:/qnx-workspace/bsp-ti-beaglebone-fischer-src/src/hardware/startup/lib/arm/a.le\libstartup.a(arm_pte.o)
 .data          0x00000d7c        0x0 E:/qnx-workspace/bsp-ti-beaglebone-fischer-src/src/hardware/startup/lib/arm/a.le\libstartup.a(armv_chip_detect.o)
 .data          0x00000d7c       0x78 E:/qnx-workspace/bsp-ti-beaglebone-fischer-src/src/hardware/startup/lib/arm/a.le\libstartup.a(armv_list.o)
                0x00000d7c                armv_list
 .data          0x00000df4        0x0 E:/qnx-workspace/bsp-ti-beaglebone-fischer-src/src/hardware/startup/lib/arm/a.le\libstartup.a(as_add.o)
 .data          0x00000df4        0x0 E:/qnx-workspace/bsp-ti-beaglebone-fischer-src/src/hardware/startup/lib/arm/a.le\libstartup.a(as_add64.o)
 .data          0x00000df4        0x0 E:/qnx-workspace/bsp-ti-beaglebone-fischer-src/src/hardware/startup/lib/arm/a.le\libstartup.a(as_add_containing.o)
 .data          0x00000df4        0x0 E:/qnx-workspace/bsp-ti-beaglebone-fischer-src/src/hardware/startup/lib/arm/a.le\libstartup.a(as_default.o)
 .data          0x00000df4        0x0 E:/qnx-workspace/bsp-ti-beaglebone-fischer-src/src/hardware/startup/lib/arm/a.le\libstartup.a(as_find.o)
 .data          0x00000df4        0x0 E:/qnx-workspace/bsp-ti-beaglebone-fischer-src/src/hardware/startup/lib/arm/a.le\libstartup.a(as_find_containing.o)
 .data          0x00000df4        0x0 E:/qnx-workspace/bsp-ti-beaglebone-fischer-src/src/hardware/startup/lib/arm/a.le\libstartup.a(as_off2info.o)
 .data          0x00000df4        0x0 E:/qnx-workspace/bsp-ti-beaglebone-fischer-src/src/hardware/startup/lib/arm/a.le\libstartup.a(board_cpu_startup.o)
 .data          0x00000df4        0x0 E:/qnx-workspace/bsp-ti-beaglebone-fischer-src/src/hardware/startup/lib/arm/a.le\libstartup.a(chip_access.o)
 .data          0x00000df4        0x0 E:/qnx-workspace/bsp-ti-beaglebone-fischer-src/src/hardware/startup/lib/arm/a.le\libstartup.a(cpu_startnext.o)
 .data          0x00000df4        0x0 E:/qnx-workspace/bsp-ti-beaglebone-fischer-src/src/hardware/startup/lib/arm/a.le\libstartup.a(cpu_syspage_memory.o)
 .data          0x00000df4        0x0 E:/qnx-workspace/bsp-ti-beaglebone-fischer-src/src/hardware/startup/lib/arm/a.le\libstartup.a(crash_done.o)
 .data          0x00000df4        0x0 E:/qnx-workspace/bsp-ti-beaglebone-fischer-src/src/hardware/startup/lib/arm/a.le\libstartup.a(dummy_print_char.o)
 .data          0x00000df4        0x0 E:/qnx-workspace/bsp-ti-beaglebone-fischer-src/src/hardware/startup/lib/arm/a.le\libstartup.a(elf.o)
 .data          0x00000df4        0x0 E:/qnx-workspace/bsp-ti-beaglebone-fischer-src/src/hardware/startup/lib/arm/a.le\libstartup.a(elf_map.o)
 .data          0x00000df4        0x0 E:/qnx-workspace/bsp-ti-beaglebone-fischer-src/src/hardware/startup/lib/arm/a.le\libstartup.a(hwi_default.o)
 .data          0x00000df4        0x4 E:/qnx-workspace/bsp-ti-beaglebone-fischer-src/src/hardware/startup/lib/arm/a.le\libstartup.a(mdriver_max.o)
                0x00000df4                mdriver_max
 .data          0x00000df8        0x0 E:/qnx-workspace/bsp-ti-beaglebone-fischer-src/src/hardware/startup/lib/arm/a.le\libstartup.a(timer_ns2tick.o)
 .data          0x00000df8        0x0 E:/qnx-workspace/bsp-ti-beaglebone-fischer-src/src/hardware/startup/lib/arm/a.le\libstartup.a(timer_tick2ns.o)
 .data          0x00000df8        0x0 E:/qnx-workspace/bsp-ti-beaglebone-fischer-src/src/hardware/startup/lib/arm/a.le\libstartup.a(vstart_v4.o)
 .data          0x00000df8        0x0 E:/qnx-workspace/bsp-ti-beaglebone-fischer-src/src/hardware/startup/lib/arm/a.le\libstartup.a(add_cache.o)
 .data          0x00000df8        0x0 E:/qnx-workspace/bsp-ti-beaglebone-fischer-src/src/hardware/startup/lib/arm/a.le\libstartup.a(armv_chip_1020.o)
 .data          0x00000df8        0x0 E:/qnx-workspace/bsp-ti-beaglebone-fischer-src/src/hardware/startup/lib/arm/a.le\libstartup.a(armv_chip_1022.o)
 .data          0x00000df8        0x0 E:/qnx-workspace/bsp-ti-beaglebone-fischer-src/src/hardware/startup/lib/arm/a.le\libstartup.a(armv_chip_1136.o)
 .data          0x00000df8        0x0 E:/qnx-workspace/bsp-ti-beaglebone-fischer-src/src/hardware/startup/lib/arm/a.le\libstartup.a(armv_chip_1176.o)
 .data          0x00000df8        0x0 E:/qnx-workspace/bsp-ti-beaglebone-fischer-src/src/hardware/startup/lib/arm/a.le\libstartup.a(armv_chip_1200.o)
 .data          0x00000df8        0x0 E:/qnx-workspace/bsp-ti-beaglebone-fischer-src/src/hardware/startup/lib/arm/a.le\libstartup.a(armv_chip_23xx.o)
 .data          0x00000df8        0x0 E:/qnx-workspace/bsp-ti-beaglebone-fischer-src/src/hardware/startup/lib/arm/a.le\libstartup.a(armv_chip_2400.o)
 .data          0x00000df8        0x0 E:/qnx-workspace/bsp-ti-beaglebone-fischer-src/src/hardware/startup/lib/arm/a.le\libstartup.a(armv_chip_2800.o)
 .data          0x00000df8        0x0 E:/qnx-workspace/bsp-ti-beaglebone-fischer-src/src/hardware/startup/lib/arm/a.le\libstartup.a(armv_chip_425.o)
 .data          0x00000df8        0x0 E:/qnx-workspace/bsp-ti-beaglebone-fischer-src/src/hardware/startup/lib/arm/a.le\libstartup.a(armv_chip_465.o)
 .data          0x00000df8        0x0 E:/qnx-workspace/bsp-ti-beaglebone-fischer-src/src/hardware/startup/lib/arm/a.le\libstartup.a(armv_chip_720.o)
 .data          0x00000df8        0x0 E:/qnx-workspace/bsp-ti-beaglebone-fischer-src/src/hardware/startup/lib/arm/a.le\libstartup.a(armv_chip_80200.o)
 .data          0x00000df8        0x0 E:/qnx-workspace/bsp-ti-beaglebone-fischer-src/src/hardware/startup/lib/arm/a.le\libstartup.a(armv_chip_920.o)
 .data          0x00000df8        0x0 E:/qnx-workspace/bsp-ti-beaglebone-fischer-src/src/hardware/startup/lib/arm/a.le\libstartup.a(armv_chip_922.o)
 .data          0x00000df8        0x0 E:/qnx-workspace/bsp-ti-beaglebone-fischer-src/src/hardware/startup/lib/arm/a.le\libstartup.a(armv_chip_925.o)
 .data          0x00000df8        0x0 E:/qnx-workspace/bsp-ti-beaglebone-fischer-src/src/hardware/startup/lib/arm/a.le\libstartup.a(armv_chip_926.o)
 .data          0x00000df8        0x0 E:/qnx-workspace/bsp-ti-beaglebone-fischer-src/src/hardware/startup/lib/arm/a.le\libstartup.a(armv_chip_a15.o)
 .data          0x00000df8        0x0 E:/qnx-workspace/bsp-ti-beaglebone-fischer-src/src/hardware/startup/lib/arm/a.le\libstartup.a(armv_chip_a8.o)
 .data          0x00000df8        0x0 E:/qnx-workspace/bsp-ti-beaglebone-fischer-src/src/hardware/startup/lib/arm/a.le\libstartup.a(armv_chip_a9.o)
 .data          0x00000df8        0x0 E:/qnx-workspace/bsp-ti-beaglebone-fischer-src/src/hardware/startup/lib/arm/a.le\libstartup.a(armv_chip_mp11.o)
 .data          0x00000df8        0x0 E:/qnx-workspace/bsp-ti-beaglebone-fischer-src/src/hardware/startup/lib/arm/a.le\libstartup.a(armv_chip_pxa210b.o)
 .data          0x00000df8        0x0 E:/qnx-workspace/bsp-ti-beaglebone-fischer-src/src/hardware/startup/lib/arm/a.le\libstartup.a(armv_chip_pxa210c.o)
 .data          0x00000df8        0x0 E:/qnx-workspace/bsp-ti-beaglebone-fischer-src/src/hardware/startup/lib/arm/a.le\libstartup.a(armv_chip_pxa250a.o)
 .data          0x00000df8        0x0 E:/qnx-workspace/bsp-ti-beaglebone-fischer-src/src/hardware/startup/lib/arm/a.le\libstartup.a(armv_chip_pxa250b.o)
 .data          0x00000df8        0x0 E:/qnx-workspace/bsp-ti-beaglebone-fischer-src/src/hardware/startup/lib/arm/a.le\libstartup.a(armv_chip_pxa255.o)
 .data          0x00000df8        0x0 E:/qnx-workspace/bsp-ti-beaglebone-fischer-src/src/hardware/startup/lib/arm/a.le\libstartup.a(armv_chip_pxa270.o)
 .data          0x00000df8        0x0 E:/qnx-workspace/bsp-ti-beaglebone-fischer-src/src/hardware/startup/lib/arm/a.le\libstartup.a(armv_chip_sa1100.o)
 .data          0x00000df8        0x0 E:/qnx-workspace/bsp-ti-beaglebone-fischer-src/src/hardware/startup/lib/arm/a.le\libstartup.a(armv_chip_sa1110.o)
 .data          0x00000df8        0x0 E:/qnx-workspace/bsp-ti-beaglebone-fischer-src/src/hardware/startup/lib/arm/a.le\libstartup.a(armv_chip_sheeva.o)
 .data          0x00000df8        0x0 E:/qnx-workspace/bsp-ti-beaglebone-fischer-src/src/hardware/startup/lib/arm/a.le\libstartup.a(armv_detect_a9.o)
 .data          0x00000df8        0x0 E:/qnx-workspace/bsp-ti-beaglebone-fischer-src/src/hardware/startup/lib/arm/a.le\libstartup.a(armv_detect_sheeva.o)
 .data          0x00000df8        0x0 E:/qnx-workspace/bsp-ti-beaglebone-fischer-src/src/hardware/startup/lib/arm/a.le\libstartup.a(armv_pte_ixp2xxx.o)
 .data          0x00000df8        0x0 E:/qnx-workspace/bsp-ti-beaglebone-fischer-src/src/hardware/startup/lib/arm/a.le\libstartup.a(armv_pte_v4wb.o)
 .data          0x00000df8        0x0 E:/qnx-workspace/bsp-ti-beaglebone-fischer-src/src/hardware/startup/lib/arm/a.le\libstartup.a(armv_pte_v4wt.o)
 .data          0x00000df8        0x0 E:/qnx-workspace/bsp-ti-beaglebone-fischer-src/src/hardware/startup/lib/arm/a.le\libstartup.a(armv_pte_v5wa.o)
 .data          0x00000df8        0x0 E:/qnx-workspace/bsp-ti-beaglebone-fischer-src/src/hardware/startup/lib/arm/a.le\libstartup.a(armv_pte_v5wb.o)
 .data          0x00000df8        0x0 E:/qnx-workspace/bsp-ti-beaglebone-fischer-src/src/hardware/startup/lib/arm/a.le\libstartup.a(armv_pte_v5wt.o)
 .data          0x00000df8        0x0 E:/qnx-workspace/bsp-ti-beaglebone-fischer-src/src/hardware/startup/lib/arm/a.le\libstartup.a(armv_pte_v6mp.o)
 .data          0x00000df8        0x0 E:/qnx-workspace/bsp-ti-beaglebone-fischer-src/src/hardware/startup/lib/arm/a.le\libstartup.a(armv_pte_v6wb.o)
 .data          0x00000df8        0x0 E:/qnx-workspace/bsp-ti-beaglebone-fischer-src/src/hardware/startup/lib/arm/a.le\libstartup.a(armv_pte_v6wt.o)