Archive member included because of file (symbol)

E:/qnx-workspace/bsp-ti-beaglebone-fischer-src/src/hardware/startup/lib/arm/a.le.v7\libstartup.a(_main.o)
                              detectid.o (__get_errno_ptr)
E:/qnx-workspace/bsp-ti-beaglebone-fischer-src/src/hardware/startup/lib/arm/a.le.v7\libstartup.a(add_interrupt.o)
                              init_intrinfo.o (add_interrupt_array)
E:/qnx-workspace/bsp-ti-beaglebone-fischer-src/src/hardware/startup/lib/arm/a.le.v7\libstartup.a(alloc_qtime.o)
                              init_qtime_am335x.o (alloc_qtime)
E:/qnx-workspace/bsp-ti-beaglebone-fischer-src/src/hardware/startup/lib/arm/a.le.v7\libstartup.a(board_init.o)
                              E:/qnx-workspace/bsp-ti-beaglebone-fischer-src/src/hardware/startup/lib/arm/a.le.v7\libstartup.a(_main.o) (board_init)
E:/qnx-workspace/bsp-ti-beaglebone-fischer-src/src/hardware/startup/lib/arm/a.le.v7\libstartup.a(callout_debug_8250.o)
                              main.o (display_char_8250)
E:/qnx-workspace/bsp-ti-beaglebone-fischer-src/src/hardware/startup/lib/arm/a.le.v7\libstartup.a(callouts.o)
                              E:/qnx-workspace/bsp-ti-beaglebone-fischer-src/src/hardware/startup/lib/arm/a.le.v7\libstartup.a(add_interrupt.o) (callout_register_data)
E:/qnx-workspace/bsp-ti-beaglebone-fischer-src/src/hardware/startup/lib/arm/a.le.v7\libstartup.a(common_options.o)
                              main.o (select_debug)
E:/qnx-workspace/bsp-ti-beaglebone-fischer-src/src/hardware/startup/lib/arm/a.le.v7\libstartup.a(cpu_common_options.o)
                              E:/qnx-workspace/bsp-ti-beaglebone-fischer-src/src/hardware/startup/lib/arm/a.le.v7\libstartup.a(common_options.o) (cpu_handle_common_option)
E:/qnx-workspace/bsp-ti-beaglebone-fischer-src/src/hardware/startup/lib/arm/a.le.v7\libstartup.a(cpu_startup.o)
                              E:/qnx-workspace/bsp-ti-beaglebone-fischer-src/src/hardware/startup/lib/arm/a.le.v7\libstartup.a(_main.o) (cpu_startup)
E:/qnx-workspace/bsp-ti-beaglebone-fischer-src/src/hardware/startup/lib/arm/a.le.v7\libstartup.a(cstart.o)
                              E:/qnx-workspace/bsp-ti-beaglebone-fischer-src/src/hardware/startup/lib/arm/a.le.v7\libstartup.a(_main.o) (boot_args)
E:/qnx-workspace/bsp-ti-beaglebone-fischer-src/src/hardware/startup/lib/arm/a.le.v7\libstartup.a(debug.o)
                              main.o (print_syspage)
E:/qnx-workspace/bsp-ti-beaglebone-fischer-src/src/hardware/startup/lib/arm/a.le.v7\libstartup.a(getopt.o)
                              main.o (getopt)
E:/qnx-workspace/bsp-ti-beaglebone-fischer-src/src/hardware/startup/lib/arm/a.le.v7\libstartup.a(getsize.o)
                              main.o (getsize)
E:/qnx-workspace/bsp-ti-beaglebone-fischer-src/src/hardware/startup/lib/arm/a.le.v7\libstartup.a(hw_rtc_none.o)
                              rtc_time.o (rtc_time_none)
E:/qnx-workspace/bsp-ti-beaglebone-fischer-src/src/hardware/startup/lib/arm/a.le.v7\libstartup.a(hw_seromap.o)
                              main.o (put_omap)
E:/qnx-workspace/bsp-ti-beaglebone-fischer-src/src/hardware/startup/lib/arm/a.le.v7\libstartup.a(hwi_add_device.o)
                              E:/qnx-workspace/bsp-ti-beaglebone-fischer-src/src/hardware/startup/lib/arm/a.le.v7\libstartup.a(hw_rtc_none.o) (hwi_add_device)
E:/qnx-workspace/bsp-ti-beaglebone-fischer-src/src/hardware/startup/lib/arm/a.le.v7\libstartup.a(hwi_add_nanospin.o)
                              E:/qnx-workspace/bsp-ti-beaglebone-fischer-src/src/hardware/startup/lib/arm/a.le.v7\libstartup.a(common_options.o) (hwi_add_nanospin)
E:/qnx-workspace/bsp-ti-beaglebone-fischer-src/src/hardware/startup/lib/arm/a.le.v7\libstartup.a(hwi_alloc.o)
                              E:/qnx-workspace/bsp-ti-beaglebone-fischer-src/src/hardware/startup/lib/arm/a.le.v7\libstartup.a(hwi_add_nanospin.o) (hwi_alloc_tag)
E:/qnx-workspace/bsp-ti-beaglebone-fischer-src/src/hardware/startup/lib/arm/a.le.v7\libstartup.a(init_cacheattr.o)
                              main.o (init_cacheattr)
E:/qnx-workspace/bsp-ti-beaglebone-fischer-src/src/hardware/startup/lib/arm/a.le.v7\libstartup.a(init_cpuinfo.o)
                              main.o (init_cpuinfo)
E:/qnx-workspace/bsp-ti-beaglebone-fischer-src/src/hardware/startup/lib/arm/a.le.v7\libstartup.a(init_mmu.o)
                              main.o (init_mmu)
E:/qnx-workspace/bsp-ti-beaglebone-fischer-src/src/hardware/startup/lib/arm/a.le.v7\libstartup.a(init_system_private.o)
                              main.o (init_system_private)
E:/qnx-workspace/bsp-ti-beaglebone-fischer-src/src/hardware/startup/lib/arm/a.le.v7\libstartup.a(jtag.o)
                              E:/qnx-workspace/bsp-ti-beaglebone-fischer-src/src/hardware/startup/lib/arm/a.le.v7\libstartup.a(init_system_private.o) (jtag_store_syspage_addr)
E:/qnx-workspace/bsp-ti-beaglebone-fischer-src/src/hardware/startup/lib/arm/a.le.v7\libstartup.a(kprintf.o)
[...]
Memory Configuration

Name             Origin             Length             Attributes
*default*        0x00000000         0xffffffff

Linker script and memory map

LOAD callout_interrupt_am335x.o
LOAD callout_interrupt_am335x_gpio.o
LOAD callout_interrupt_edma.o
LOAD callout_reboot_am335x.o
LOAD callout_timer_am335x.o
LOAD detectid.o
LOAD init_asinfo.o
LOAD init_edma.o
LOAD init_hwinfo.o
LOAD init_intrinfo.o
LOAD init_pinmux.o
LOAD init_qtime_am335x.o
LOAD init_raminfo.o
LOAD main.o
LOAD rtc_time.o
LOAD E:/qnx-workspace/bsp-ti-beaglebone-fischer-src/src/hardware/startup/lib/arm/a.le.v7\libstartup.a
LOAD C:/QNX650/target/qnx6/armle-v7/usr/lib\liblzo.a
LOAD C:/QNX650/target/qnx6/armle-v7/usr/lib\libucl.a
LOAD E:/qnx-workspace/bsp-ti-beaglebone-fischer-src/src/hardware/startup/boards/../../../../install/armle-v7/usr/lib\libdrvr.a
LOAD C:/QNX650/host/win32/x86/usr/lib/gcc/arm-unknown-nto-qnx6.5.0eabi/4.4.2//libgcc.a
LOAD C:/QNX650/target/qnx6/armle-v7/lib\libc.a
LOAD C:/QNX650/target/qnx6/armle-v7/lib\libc.a
LOAD C:/QNX650/host/win32/x86/usr/lib/gcc/arm-unknown-nto-qnx6.5.0eabi/4.4.2//libgcc.a

.interp
 *(.interp)

.note.gnu.build-id
 *(.note.gnu.build-id)

.hash
 *(.hash)

.gnu.hash
 *(.gnu.hash)

.dynsym
 *(.dynsym)

.dynstr
 *(.dynstr)

.gnu.version
 *(.gnu.version)

.gnu.version_d
 *(.gnu.version_d)

.gnu.version_r
 *(.gnu.version_r)

.rel.init
 *(.rel.init)

.rela.init
 *(.rela.init)

.rel.text
 *(.rel.text)

.rela.text
 *(.rela.text)

.rel.fini
 *(.rel.fini)

.rela.fini
 *(.rela.fini)

.rel.rodata
 *(.rel.rodata)

.rela.rodata
 *(.rela.rodata)

.rel.data.rel.ro
 *(.rel.data.rel.ro)

.rela.data.rel.ro
 *(.rela.data.rel.ro)

.rel.data
 *(.rel.data)

.rela.data
 *(.rela.data)

.rel.tdata
 *(.rel.tdata)

.rela.tdata
 *(.rela.tdata)

.rel.tbss
 *(.rel.tbss)

.rela.tbss
 *(.rela.tbss)

.rel.ctors
 *(.rel.ctors)

.rela.ctors
 *(.rela.ctors)

.rel.dtors
 *(.rel.dtors)

.rela.dtors
 *(.rela.dtors)

.rel.got
 *(.rel.got)

.rela.got
 *(.rela.got)

.rel.bss
 *(.rel.bss)

.rela.bss
 *(.rela.bss)

.rel.plt
 *(.rel.plt)

.rela.plt
 *(.rela.plt)

.init
 *(.init)

.plt
 *(.plt)

.text           0x00000000     0xee88
 *(.text .stub)
 .text          0x00000000      0x150 callout_interrupt_am335x.o
                0x0000009c                interrupt_eoi_am335x
                0x00000054                interrupt_id_am335x
                0x00000114                interrupt_unmask_am335x
                0x000000d8                interrupt_mask_am335x
 .text          0x00000150      0x134 callout_interrupt_am335x_gpio.o
                0x000001ec                interrupt_eoi_am335x_gpio
                0x000001b0                interrupt_id_am335x_gpio
                0x00000254                interrupt_unmask_am335x_gpio
                0x00000224                interrupt_mask_am335x_gpio
 .text          0x00000284      0x164 callout_interrupt_edma.o
                0x0000032c                interrupt_eoi_edma
                0x00000370                interrupt_mask_edma
                0x000003ac                interrupt_unmask_edma
                0x000002d8                interrupt_id_edma
 .text          0x000003e8       0x68 callout_reboot_am335x.o
                0x00000428                reboot_am335x
 .text          0x00000450       0xf8 callout_timer_am335x.o
                0x000004f4                timer_value_am335x
                0x000004a4                timer_load_am335x
                0x00000520                timer_reload_am335x
 .text          0x00000548     0x11ec detectid.o
                0x00000990                dump
                0x00001188                set_1GHz_power
                0x000009ec                omap_set_bus_speed
                0x000013ac                detect_frequency_using_power
                0x00000ecc                omap_init
                0x00000794                omap_wait_status
                0x00001050                omap_send
                0x000010ec                omap_recv
                0x00000f88                omap_wait_bus_not_busy
                0x00000874                iddump
                0x000015c4                get_boardid_i2c
                0x00000548                waitloops
                0x00000ab0                omap_i2c_reset
                0x00000598                am335x_i2c_xfer
 .text          0x00001734        0x4 init_asinfo.o
                0x00001734                init_asinfo
 .text          0x00001738       0x88 init_edma.o
                0x00001738                init_edma
 .text          0x000017c0       0xf4 init_hwinfo.o
                0x000017ec                phy_on
                0x000017c0                usb_delay
                0x00001810                init_hwinfo
 .text          0x000018b4       0x94 init_intrinfo.o
                0x000018b4                init_intrinfo
 .text          0x00001948      0x568 init_pinmux.o
                0x00001948                init_pinmux
                0x00001a9c                init_pinmux_capes
 .text          0x00001eb0       0xe0 init_qtime_am335x.o
                0x00001ee8                init_qtime_am335x
 .text          0x00001f90        0xc init_raminfo.o
                0x00001f90                init_raminfo
 .text          0x00001f9c      0x97c main.o
                0x0000208c                CORE_PLL_Config
                0x00002174                DDR_PLL_Config
                0x00002014                MPU_PLL_Config
                0x000021f0                Print_Core_PLL_Config
                0x0000210c                Display_PLL_Config
                0x0000243c                main
                0x00002354                Print_PLL_Config
                0x00001f9c                Peripheral_PLL_Config
 .text          0x00002918       0x64 rtc_time.o
                0x00002918                rtc_time
 .text          0x0000297c      0x174 E:/qnx-workspace/bsp-ti-beaglebone-fischer-src/src/hardware/startup/lib/arm/a.le.v7\libstartup.a(_main.o)
                0x0000298c                __stackavail
                0x00002994                abort
                0x00002980                __get_errno_ptr
                0x000029a4                _main
 .text          0x00002af0      0x194 E:/qnx-workspace/bsp-ti-beaglebone-fischer-src/src/hardware/startup/lib/arm/a.le.v7\libstartup.a(add_interrupt.o)
                0x00002af0                add_interrupt
                0x00002bc0                add_interrupt_array
 .text          0x00002c84       0x74 E:/qnx-workspace/bsp-ti-beaglebone-fischer-src/src/hardware/startup/lib/arm/a.le.v7\libstartup.a(alloc_qtime.o)
                0x00002c84                alloc_qtime
 .text          0x00002cf8        0x4 E:/qnx-workspace/bsp-ti-beaglebone-fischer-src/src/hardware/startup/lib/arm/a.le.v7\libstartup.a(board_init.o)
                0x00002cf8                board_init
 .text          0x00002cfc      0x14c E:/qnx-workspace/bsp-ti-beaglebone-fischer-src/src/hardware/startup/lib/arm/a.le.v7\libstartup.a(callout_debug_8250.o)
                0x00002d78                display_char_8250
                0x00002dbc                poll_key_8250
                0x00002e00                break_detect_8250
 .text          0x00002e48      0x458 E:/qnx-workspace/bsp-ti-beaglebone-fischer-src/src/hardware/startup/lib/arm/a.le.v7\libstartup.a(callouts.o)
                0x00002e48                output_callouts
                0x00002ea0                callout_reloc_data
                0x00003048                add_callout_array
                0x00002fdc                add_callout
                0x00002f5c                callout_register_data
                0x00003084                callout_output_one
 .text          0x000032a0      0x6e8 E:/qnx-workspace/bsp-ti-beaglebone-fischer-src/src/hardware/startup/lib/arm/a.le.v7\libstartup.a(common_options.o)
                0x000032a0                set_debug
                0x00003470                select_debug
                0x000035d8                handle_common_option
 .text          0x00003988       0x2c E:/qnx-workspace/bsp-ti-beaglebone-fischer-src/src/hardware/startup/lib/arm/a.le.v7\libstartup.a(cpu_common_options.o)
                0x00003988                cpu_handle_common_option
 .text          0x000039b4       0x30 E:/qnx-workspace/bsp-ti-beaglebone-fischer-src/src/hardware/startup/lib/arm/a.le.v7\libstartup.a(cpu_startup.o)
                0x000039b4                cpu_startup
 .text          0x000039e4       0x44 E:/qnx-workspace/bsp-ti-beaglebone-fischer-src/src/hardware/startup/lib/arm/a.le.v7\libstartup.a(cstart.o)
                0x000039e4                _start
 .text          0x00003a28       0x8c E:/qnx-workspace/bsp-ti-beaglebone-fischer-src/src/hardware/startup/lib/arm/a.le.v7\libstartup.a(debug.o)
                0x00003a28                print_syspage
 .text          0x00003ab4      0x144 E:/qnx-workspace/bsp-ti-beaglebone-fischer-src/src/hardware/startup/lib/arm/a.le.v7\libstartup.a(getopt.o)
                0x00003ab4                getopt
 .text          0x00003bf8       0xfc E:/qnx-workspace/bsp-ti-beaglebone-fischer-src/src/hardware/startup/lib/arm/a.le.v7\libstartup.a(getsize.o)
                0x00003bf8                getsize
 .text          0x00003cf4       0x2c E:/qnx-workspace/bsp-ti-beaglebone-fischer-src/src/hardware/startup/lib/arm/a.le.v7\libstartup.a(hw_rtc_none.o)
                0x00003cf4                rtc_time_none
 .text          0x00003d20      0x374 E:/qnx-workspace/bsp-ti-beaglebone-fischer-src/src/hardware/startup/lib/arm/a.le.v7\libstartup.a(hw_seromap.o)
                0x00003edc                init_omap
                0x00003d54                put_omap
 .text          0x00004094       0xe4 E:/qnx-workspace/bsp-ti-beaglebone-fischer-src/src/hardware/startup/lib/arm/a.le.v7\libstartup.a(hwi_add_device.o)
                0x00004094                hwi_add_device
 .text          0x00004178       0x48 E:/qnx-workspace/bsp-ti-beaglebone-fischer-src/src/hardware/startup/lib/arm/a.le.v7\libstartup.a(hwi_add_nanospin.o)
                0x00004178                hwi_add_nanospin
 .text          0x000041c0      0x1b0 E:/qnx-workspace/bsp-ti-beaglebone-fischer-src/src/hardware/startup/lib/arm/a.le.v7\libstartup.a(hwi_alloc.o)
                0x00004234                hwi_alloc_tag
                0x000041e4                hwi_grow_tag
                0x000042cc                hwi_alloc_item
                0x000041c0                __hwi_find_string
                0x000041d4                __hwi_base
 .text          0x00004370        0x4 E:/qnx-workspace/bsp-ti-beaglebone-fischer-src/src/hardware/startup/lib/arm/a.le.v7\libstartup.a(init_cacheattr.o)
                0x00004370                init_cacheattr
 .text          0x00004374      0x32c E:/qnx-workspace/bsp-ti-beaglebone-fischer-src/src/hardware/startup/lib/arm/a.le.v7\libstartup.a(init_cpuinfo.o)
                0x000045d4                init_cpuinfo
                0x00004374                init_one_cpuinfo
 .text          0x000046a0      0x22c E:/qnx-workspace/bsp-ti-beaglebone-fischer-src/src/hardware/startup/lib/arm/a.le.v7\libstartup.a(init_mmu.o)
                0x000046a0                init_mmu
 .text          0x000048cc      0x934 E:/qnx-workspace/bsp-ti-beaglebone-fischer-src/src/hardware/startup/lib/arm/a.le.v7\libstartup.a(init_system_private.o)
                0x000048f0                init_system_private
 .text          0x00005200       0xa0 E:/qnx-workspace/bsp-ti-beaglebone-fischer-src/src/hardware/startup/lib/arm/a.le.v7\libstartup.a(jtag.o)
                0x00005200                jtag_store_syspage_addr
                0x00005254                jtag_reserve_memory
                0x0000523c                jtag_reserve_syspage_addr
 .text          0x000052a0      0x428 E:/qnx-workspace/bsp-ti-beaglebone-fischer-src/src/hardware/startup/lib/arm/a.le.v7\libstartup.a(kprintf.o)
                0x000055f0                get_print_char
                0x000055e0                set_print_char
                0x00005600                ksprintf
                0x00005694                crash
                0x00005664                kprintf
 .text          0x000056c8      0x11c E:/qnx-workspace/bsp-ti-beaglebone-fischer-src/src/hardware/startup/lib/arm/a.le.v7\libstartup.a(load_ifs.o)
                0x000056c8                load_ifs
 .text          0x000057e4       0x10 E:/qnx-workspace/bsp-ti-beaglebone-fischer-src/src/hardware/startup/lib/arm/a.le.v7\libstartup.a(map_callout_io.o)
                0x000057e4                callout_io_map
 .text          0x000057f4        0xc E:/qnx-workspace/bsp-ti-beaglebone-fischer-src/src/hardware/startup/lib/arm/a.le.v7\libstartup.a(map_startup_io.o)
                0x000057f4                startup_io_map
                0x000057fc                startup_io_unmap
 .text          0x00005800        0xc E:/qnx-workspace/bsp-ti-beaglebone-fischer-src/src/hardware/startup/lib/arm/a.le.v7\libstartup.a(map_startup_mem.o)
                0x00005800                startup_memory_map
                0x00005808                startup_memory_unmap
 .text          0x0000580c      0x140 E:/qnx-workspace/bsp-ti-beaglebone-fischer-src/src/hardware/startup/lib/arm/a.le.v7\libstartup.a(memcpy.o)
                0x0000580c                memcpy
 .text          0x0000594c       0xb4 E:/qnx-workspace/bsp-ti-beaglebone-fischer-src/src/hardware/startup/lib/arm/a.le.v7\libstartup.a(memfuncs.o)
                0x0000594c                copy_memory
 .text          0x00005a00       0x58 E:/qnx-workspace/bsp-ti-beaglebone-fischer-src/src/hardware/startup/lib/arm/a.le.v7\libstartup.a(memmove.o)
                0x00005a00                memmove
 .text          0x00005a58      0xa1c E:/qnx-workspace/bsp-ti-beaglebone-fischer-src/src/hardware/startup/lib/arm/a.le.v7\libstartup.a(print_sysp.o)
                0x00005a58                print_syspage_sections
                0x00005f60                print_qtime
                0x0000634c                print_strings
                0x00006074                print_meminfo
                0x00006410                print_typed_strings
                0x00005fe8                print_asinfo
                0x00005d08                print_intrinfo
                0x00005ce0                print_smp
                0x00006238                print_hwinfo
                0x00005ddc                print_callout
                0x000061b4                print_syspage_enable
                0x00005cbc                print_pminfo
                0x00005c48                print_mdriver
                0x00005e6c                print_cacheattr
                0x00005edc                print_cpuinfo
                0x000060fc                print_system_private
 .text          0x00006474      0xf60 E:/qnx-workspace/bsp-ti-beaglebone-fischer-src/src/hardware/startup/lib/arm/a.le.v7\libstartup.a(ram.o)
                0x00006698                find_ram_in_range
                0x00006ab4                watch_add_ram
                0x00006b0c                add_sysram
                0x00006a54                avoid_ram
                0x00006474                find_top_ram_aligned
                0x00007388                calloc_ram
                0x0000724c                add_ram
                0x000071bc                reserve_ram
                0x00006d8c                alloc_ram
                0x00006680                find_top_ram
                0x000068fc                find_ram
                0x00006928                ws_alloc
 .text          0x000073d4      0xa8c E:/qnx-workspace/bsp-ti-beaglebone-fischer-src/src/hardware/startup/lib/arm/a.le.v7\libstartup.a(restore_ifs.o)
                0x0000755c                rifs_restore_ifs2
                0x000076b8                rifs_save_elf32data
                0x00007dec                load_ifs2_nonbootable
                0x00007894                rifs_restore_ifs
                0x00007cb4                rifs_load_ifs2
                0x00007468                rifs_set_cksum
 .text          0x00007e60       0x88 E:/qnx-workspace/bsp-ti-beaglebone-fischer-src/src/hardware/startup/lib/arm/a.le.v7\libstartup.a(startnext.o)
                0x00007e60                startnext
 .text          0x00007ee8       0x64 E:/qnx-workspace/bsp-ti-beaglebone-fischer-src/src/hardware/startup/lib/arm/a.le.v7\libstartup.a(startup_info.o)
                0x00007ee8                find_startup_info
 .text          0x00007f4c      0x244 E:/qnx-workspace/bsp-ti-beaglebone-fischer-src/src/hardware/startup/lib/arm/a.le.v7\libstartup.a(strings.o)
                0x00007fbc                del_typed_string
                0x00007f4c                find_typed_string
                0x0000811c                add_typed_string
                0x00008060                add_string
 .text          0x00008190      0x104 E:/qnx-workspace/bsp-ti-beaglebone-fischer-src/src/hardware/startup/lib/arm/a.le.v7\libstartup.a(strtoul.o)
                0x00008290                strtoul
                0x00008190                strtopaddr
 .text          0x00008294      0x4c8 E:/qnx-workspace/bsp-ti-beaglebone-fischer-src/src/hardware/startup/lib/arm/a.le.v7\libstartup.a(syspage_memory.o)
                0x000082e4                alloc_syspage_memory
                0x00008570                grow_syspage_section
                0x0000850c                reloc_syspage_memory
                0x000086a4                init_syspage_memory
                0x00008294                write_syspage_memory
                0x00008664                set_syspage_section
 .text          0x0000875c        0x4 E:/qnx-workspace/bsp-ti-beaglebone-fischer-src/src/hardware/startup/lib/arm/a.le.v7\libstartup.a(tweak_cmdline.o)
                0x0000875c                tweak_cmdline
 .text          0x00008760       0x8c E:/qnx-workspace/bsp-ti-beaglebone-fischer-src/src/hardware/startup/lib/arm/a.le.v7\libstartup.a(uncompress.o)
                0x00008760                uncompress
 .text          0x000087ec       0x8c E:/qnx-workspace/bsp-ti-beaglebone-fischer-src/src/hardware/startup/lib/arm/a.le.v7\libstartup.a(uncompress_ucl.o)
                0x000087ec                uncompress_ucl
 .text          0x00008878      0x4a0 E:/qnx-workspace/bsp-ti-beaglebone-fischer-src/src/hardware/startup/lib/arm/a.le.v7\libstartup.a(arm_cache.o)
                0x00008a4c                arm_add_cache
                0x00008878                arm_v7_add_cache
 .text          0x00008d18      0x114 E:/qnx-workspace/bsp-ti-beaglebone-fischer-src/src/hardware/startup/lib/arm/a.le.v7\libstartup.a(arm_cpuspeed.o)
                0x00008d18                arm_cpuspeed
 .text          0x00008e2c      0x58c E:/qnx-workspace/bsp-ti-beaglebone-fischer-src/src/hardware/startup/lib/arm/a.le.v7\libstartup.a(arm_map.o)
                0x0000920c                arm_map
                0x00009190                arm_map_cpu
                0x00009128                elf_vaddr_to_paddr
                0x00008fa0                map_ptbl
                0x00008ff0                arm_pdmap
                0x00009048                arm_scmap
                0x000090d0                arm_scunmap
 .text          0x000093b8      0x16c E:/qnx-workspace/bsp-ti-beaglebone-fischer-src/src/hardware/startup/lib/arm/a.le.v7\libstartup.a(arm_pte.o)
                0x000093b8                arm_pte_setup
 .text          0x00009524       0x94 E:/qnx-workspace/bsp-ti-beaglebone-fischer-src/src/hardware/startup/lib/arm/a.le.v7\libstartup.a(armv_chip_detect.o)
                0x00009524                armv_chip_detect
 .text          0x000095b8        0x0 E:/qnx-workspace/bsp-ti-beaglebone-fischer-src/src/hardware/startup/lib/arm/a.le.v7\libstartup.a(armv_list.o)
 .text          0x000095b8       0x34 E:/qnx-workspace/bsp-ti-beaglebone-fischer-src/src/hardware/startup/lib/arm/a.le.v7\libstartup.a(as_add.o)
                0x000095b8                as_add
 .text          0x000095ec       0xcc E:/qnx-workspace/bsp-ti-beaglebone-fischer-src/src/hardware/startup/lib/arm/a.le.v7\libstartup.a(as_add64.o)
                0x000095ec                as_add64
 .text          0x000096b8      0x32c E:/qnx-workspace/bsp-ti-beaglebone-fischer-src/src/hardware/startup/lib/arm/a.le.v7\libstartup.a(as_add_containing.o)
                0x000096b8                as_add_containing
 .text          0x000099e4       0x30 E:/qnx-workspace/bsp-ti-beaglebone-fischer-src/src/hardware/startup/lib/arm/a.le.v7\libstartup.a(as_default.o)
                0x000099e4                as_default
 .text          0x00009a14      0x13c E:/qnx-workspace/bsp-ti-beaglebone-fischer-src/src/hardware/startup/lib/arm/a.le.v7\libstartup.a(as_find.o)
                0x00009a14                as_find
 .text          0x00009b50      0x134 E:/qnx-workspace/bsp-ti-beaglebone-fischer-src/src/hardware/startup/lib/arm/a.le.v7\libstartup.a(as_find_containing.o)
                0x00009b50                as_find_containing
 .text          0x00009c84       0x14 E:/qnx-workspace/bsp-ti-beaglebone-fischer-src/src/hardware/startup/lib/arm/a.le.v7\libstartup.a(as_off2info.o)
                0x00009c84                as_off2info
 .text          0x00009c98        0x4 E:/qnx-workspace/bsp-ti-beaglebone-fischer-src/src/hardware/startup/lib/arm/a.le.v7\libstartup.a(board_cpu_startup.o)
                0x00009c98                board_cpu_startup
 .text          0x00009c9c      0x164 E:/qnx-workspace/bsp-ti-beaglebone-fischer-src/src/hardware/startup/lib/arm/a.le.v7\libstartup.a(chip_access.o)
                0x00009db8                chip_access
                0x00009cc8                chip_write8
                0x00009d78                chip_write32
                0x00009d4c                chip_read32
                0x00009c9c                chip_read8
                0x00009cf4                chip_read16
                0x00009d20                chip_write16
                0x00009d94                chip_done
 .text          0x00009e00       0xb8 E:/qnx-workspace/bsp-ti-beaglebone-fischer-src/src/hardware/startup/lib/arm/a.le.v7\libstartup.a(cpu_startnext.o)
                0x00009e00                cpu_startnext
 .text          0x00009eb8      0x1d4 E:/qnx-workspace/bsp-ti-beaglebone-fischer-src/src/hardware/startup/lib/arm/a.le.v7\libstartup.a(cpu_syspage_memory.o)
                0x00009ebc                cpu_alloc_syspage_memory
                0x00009eb8                cpu_write_syspage_memory
                0x0000a07c                cpu_init_syspage_memory
 .text          0x0000a08c        0x4 E:/qnx-workspace/bsp-ti-beaglebone-fischer-src/src/hardware/startup/lib/arm/a.le.v7\libstartup.a(crash_done.o)
                0x0000a08c                crash_done
 .text          0x0000a090        0x4 E:/qnx-workspace/bsp-ti-beaglebone-fischer-src/src/hardware/startup/lib/arm/a.le.v7\libstartup.a(dummy_print_char.o)
                0x0000a090                dummy_print_char
 .text          0x0000a094      0x37c E:/qnx-workspace/bsp-ti-beaglebone-fischer-src/src/hardware/startup/lib/arm/a.le.v7\libstartup.a(elf.o)
                0x0000a094                is_elf
                0x0000a14c                load_elf32
 .text          0x0000a410      0x238 E:/qnx-workspace/bsp-ti-beaglebone-fischer-src/src/hardware/startup/lib/arm/a.le.v7\libstartup.a(elf_map.o)
                0x0000a410                elf_map
 .text          0x0000a648       0x58 E:/qnx-workspace/bsp-ti-beaglebone-fischer-src/src/hardware/startup/lib/arm/a.le.v7\libstartup.a(hwi_default.o)
                0x0000a648                hwi_default
 .text          0x0000a6a0        0x0 E:/qnx-workspace/bsp-ti-beaglebone-fischer-src/src/hardware/startup/lib/arm/a.le.v7\libstartup.a(mdriver_max.o)
 .text          0x0000a6a0       0x20 E:/qnx-workspace/bsp-ti-beaglebone-fischer-src/src/hardware/startup/lib/arm/a.le.v7\libstartup.a(timer_ns2tick.o)
                0x0000a6a0                timer_ns2tick
 .text          0x0000a6c0       0x90 E:/qnx-workspace/bsp-ti-beaglebone-fischer-src/src/hardware/startup/lib/arm/a.le.v7\libstartup.a(timer_tick2ns.o)
                0x0000a6c0                timer_tick2ns
 *fill*         0x0000a750       0x10 00000000
 .text          0x0000a760       0x80 E:/qnx-workspace/bsp-ti-beaglebone-fischer-src/src/hardware/startup/lib/arm/a.le.v7\libstartup.a(vstart_v4.o)
                0x0000a760                vstart_v4
 .text          0x0000a7e0      0x178 E:/qnx-workspace/bsp-ti-beaglebone-fischer-src/src/hardware/startup/lib/arm/a.le.v7\libstartup.a(add_cache.o)
                0x0000a8e4                add_cache
                0x0000a7e0                add_cache_ways
 .text          0x0000a958        0x0 E:/qnx-workspace/bsp-ti-beaglebone-fischer-src/src/hardware/startup/lib/arm/a.le.v7\libstartup.a(armv_chip_1020.o)
 .text          0x0000a958        0x0 E:/qnx-workspace/bsp-ti-beaglebone-fischer-src/src/hardware/startup/lib/arm/a.le.v7\libstartup.a(armv_chip_1022.o)
 .text          0x0000a958        0x0 E:/qnx-workspace/bsp-ti-beaglebone-fischer-src/src/hardware/startup/lib/arm/a.le.v7\libstartup.a(armv_chip_1136.o)
 .text          0x0000a958        0x0 E:/qnx-workspace/bsp-ti-beaglebone-fischer-src/src/hardware/startup/lib/arm/a.le.v7\libstartup.a(armv_chip_1176.o)
 .text          0x0000a958        0x0 E:/qnx-workspace/bsp-ti-beaglebone-fischer-src/src/hardware/startup/lib/arm/a.le.v7\libstartup.a(armv_chip_1200.o)
 .text          0x0000a958        0x0 E:/qnx-workspace/bsp-ti-beaglebone-fischer-src/src/hardware/startup/lib/arm/a.le.v7\libstartup.a(armv_chip_23xx.o)
 .text          0x0000a958        0x0 E:/qnx-workspace/bsp-ti-beaglebone-fischer-src/src/hardware/startup/lib/arm/a.le.v7\libstartup.a(armv_chip_2400.o)
 .text          0x0000a958        0x0 E:/qnx-workspace/bsp-ti-beaglebone-fischer-src/src/hardware/startup/lib/arm/a.le.v7\libstartup.a(armv_chip_2800.o)
 .text          0x0000a958        0x0 E:/qnx-workspace/bsp-ti-beaglebone-fischer-src/src/hardware/startup/lib/arm/a.le.v7\libstartup.a(armv_chip_425.o)
 .text          0x0000a958        0x0 E:/qnx-workspace/bsp-ti-beaglebone-fischer-src/src/hardware/startup/lib/arm/a.le.v7\libstartup.a(armv_chip_465.o)
 .text          0x0000a958        0x0 E:/qnx-workspace/bsp-ti-beaglebone-fischer-src/src/hardware/startup/lib/arm/a.le.v7\libstartup.a(armv_chip_720.o)
 .text          0x0000a958        0x0 E:/qnx-workspace/bsp-ti-beaglebone-fischer-src/src/hardware/startup/lib/arm/a.le.v7\libstartup.a(armv_chip_80200.o)
 .text          0x0000a958        0x0 E:/qnx-workspace/bsp-ti-beaglebone-fischer-src/src/hardware/startup/lib/arm/a.le.v7\libstartup.a(armv_chip_920.o)
 .text          0x0000a958        0x0 E:/qnx-workspace/bsp-ti-beaglebone-fischer-src/src/hardware/startup/lib/arm/a.le.v7\libstartup.a(armv_chip_922.o)
 .text          0x0000a958        0x0 E:/qnx-workspace/bsp-ti-beaglebone-fischer-src/src/hardware/startup/lib/arm/a.le.v7\libstartup.a(armv_chip_925.o)
 .text          0x0000a958        0x0 E:/qnx-workspace/bsp-ti-beaglebone-fischer-src/src/hardware/startup/lib/arm/a.le.v7\libstartup.a(armv_chip_926.o)
 .text          0x0000a958        0x0 E:/qnx-workspace/bsp-ti-beaglebone-fischer-src/src/hardware/startup/lib/arm/a.le.v7\libstartup.a(armv_chip_a15.o)
 .text          0x0000a958        0x0 E:/qnx-workspace/bsp-ti-beaglebone-fischer-src/src/hardware/startup/lib/arm/a.le.v7\libstartup.a(armv_chip_a8.o)
 .text          0x0000a958        0x0 E:/qnx-workspace/bsp-ti-beaglebone-fischer-src/src/hardware/startup/lib/arm/a.le.v7\libstartup.a(armv_chip_a9.o)
 .text          0x0000a958        0x0 E:/qnx-workspace/bsp-ti-beaglebone-fischer-src/src/hardware/startup/lib/arm/a.le.v7\libstartup.a(armv_chip_mp11.o)
 .text          0x0000a958        0x0 E:/qnx-workspace/bsp-ti-beaglebone-fischer-src/src/hardware/startup/lib/arm/a.le.v7\libstartup.a(armv_chip_pxa210b.o)
 .text          0x0000a958        0x0 E:/qnx-workspace/bsp-ti-beaglebone-fischer-src/src/hardware/startup/lib/arm/a.le.v7\libstartup.a(armv_chip_pxa210c.o)
 .text          0x0000a958        0x0 E:/qnx-workspace/bsp-ti-beaglebone-fischer-src/src/hardware/startup/lib/arm/a.le.v7\libstartup.a(armv_chip_pxa250a.o)
 .text          0x0000a958        0x0 E:/qnx-workspace/bsp-ti-beaglebone-fischer-src/src/hardware/startup/lib/arm/a.le.v7\libstartup.a(armv_chip_pxa250b.o)
 .text          0x0000a958        0x0 E:/qnx-workspace/bsp-ti-beaglebone-fischer-src/src/hardware/startup/lib/arm/a.le.v7\libstartup.a(armv_chip_pxa255.o)
 .text          0x0000a958        0x0 E:/qnx-workspace/bsp-ti-beaglebone-fischer-src/src/hardware/startup/lib/arm/a.le.v7\libstartup.a(armv_chip_pxa270.o)
 .text          0x0000a958        0x0 E:/qnx-workspace/bsp-ti-beaglebone-fischer-src/src/hardware/startup/lib/arm/a.le.v7\libstartup.a(armv_chip_sa1100.o)
 .text          0x0000a958        0x0 E:/qnx-workspace/bsp-ti-beaglebone-fischer-src/src/hardware/startup/lib/arm/a.le.v7\libstartup.a(armv_chip_sa1110.o)
 .text          0x0000a958        0x0 E:/qnx-workspace/bsp-ti-beaglebone-fischer-src/src/hardware/startup/lib/arm/a.le.v7\libstartup.a(armv_chip_sheeva.o)
 .text          0x0000a958       0x28 E:/qnx-workspace/bsp-ti-beaglebone-fischer-src/src/hardware/startup/lib/arm/a.le.v7\libstartup.a(armv_detect_a9.o)
                0x0000a958                armv_detect_a9
 .text          0x0000a980       0xd0 E:/qnx-workspace/bsp-ti-beaglebone-fischer-src/src/hardware/startup/lib/arm/a.le.v7\libstartup.a(armv_detect_sheeva.o)
                0x0000a9e8                armv_sheeva_wmmx_detect
                0x0000a980                armv_detect_sheeva
                0x0000a9bc                armv_sheeva_errata_check
 .text          0x0000aa50        0x0 E:/qnx-workspace/bsp-ti-beaglebone-fischer-src/src/hardware/startup/lib/arm/a.le.v7\libstartup.a(armv_pte_ixp2xxx.o)
 .text          0x0000aa50        0x0 E:/qnx-workspace/bsp-ti-beaglebone-fischer-src/src/hardware/startup/lib/arm/a.le.v7\libstartup.a(armv_pte_v4wb.o)
 .text          0x0000aa50        0x0 E:/qnx-workspace/bsp-ti-beaglebone-fischer-src/src/hardware/startup/lib/arm/a.le.v7\libstartup.a(armv_pte_v4wt.o)
 .text          0x0000aa50        0x0 E:/qnx-workspace/bsp-ti-beaglebone-fischer-src/src/hardware/startup/lib/arm/a.le.v7\libstartup.a(armv_pte_v5wa.o)
 .text          0x0000aa50        0x0 E:/qnx-workspace/bsp-ti-beaglebone-fischer-src/src/hardware/startup/lib/arm/a.le.v7\libstartup.a(armv_pte_v5wb.o)
 .text          0x0000aa50        0x0 E:/qnx-workspace/bsp-ti-beaglebone-fischer-src/src/hardware/startup/lib/arm/a.le.v7\libstartup.a(armv_pte_v5wt.o)
 .text          0x0000aa50        0x0 E:/qnx-workspace/bsp-ti-beaglebone-fischer-src/src/hardware/startup/lib/arm/a.le.v7\libstartup.a(armv_pte_v6mp.o)
 .text          0x0000aa50        0x0 E:/qnx-workspace/bsp-ti-beaglebone-fischer-src/src/hardware/startup/lib/arm/a.le.v7\libstartup.a(armv_pte_v6wb.o)
 .text          0x0000aa50        0x0 E:/qnx-workspace/bsp-ti-beaglebone-fischer-src/src/hardware/startup/lib/arm/a.le.v7\libstartup.a(armv_pte_v6wt.o)
 .text          0x0000aa50        0x0 E:/qnx-workspace/bsp-ti-beaglebone-fischer-src/src/hardware/startup/lib/arm/a.le.v7\libstartup.a(armv_pte_v7mp.o)
 .text          0x0000aa50        0x0 E:/qnx-workspace/bsp-ti-beaglebone-fischer-src/src/hardware/startup/lib/arm/a.le.v7\libstartup.a(armv_pte_v7wa.o)
 .text          0x0000aa50        0x0 E:/qnx-workspace/bsp-ti-beaglebone-fischer-src/src/hardware/startup/lib/arm/a.le.v7\libstartup.a(armv_pte_v7wb.o)
 .text          0x0000aa50        0x0 E:/qnx-workspace/bsp-ti-beaglebone-fischer-src/src/hardware/startup/lib/arm/a.le.v7\libstartup.a(armv_pte_v7wt.o)
 .text          0x0000aa50        0x0 E:/qnx-workspace/bsp-ti-beaglebone-fischer-src/src/hardware/startup/lib/arm/a.le.v7\libstartup.a(armv_pte_xsc3.o)
 .text          0x0000aa50       0x30 E:/qnx-workspace/bsp-ti-beaglebone-fischer-src/src/hardware/startup/lib/arm/a.le.v7\libstartup.a(armv_setup_1136.o)
                0x0000aa50                armv_setup_1136
 .text          0x0000aa80       0x78 E:/qnx-workspace/bsp-ti-beaglebone-fischer-src/src/hardware/startup/lib/arm/a.le.v7\libstartup.a(armv_setup_a15.o)
                0x0000aa80                armv_setup_a15
 .text          0x0000aaf8        0x8 E:/qnx-workspace/bsp-ti-beaglebone-fischer-src/src/hardware/startup/lib/arm/a.le.v7\libstartup.a(armv_setup_a8.o)
                0x0000aaf8                armv_setup_a8
 .text          0x0000ab00       0xac E:/qnx-workspace/bsp-ti-beaglebone-fischer-src/src/hardware/startup/lib/arm/a.le.v7\libstartup.a(armv_setup_mp11.o)
                0x0000ab00                armv_setup_mp11
 .text          0x0000abac       0x98 E:/qnx-workspace/bsp-ti-beaglebone-fischer-src/src/hardware/startup/lib/arm/a.le.v7\libstartup.a(armv_setup_v6.o)
                0x0000abac                armv_setup_v6
 .text          0x0000ac44       0xcc E:/qnx-workspace/bsp-ti-beaglebone-fischer-src/src/hardware/startup/lib/arm/a.le.v7\libstartup.a(armv_setup_v7.o)
                0x0000ac44                armv_setup_v7
 .text          0x0000ad10       0x24 E:/qnx-workspace/bsp-ti-beaglebone-fischer-src/src/hardware/startup/lib/arm/a.le.v7\libstartup.a(armv_setup_xscale.o)
                0x0000ad10                armv_setup_xscale
 .text          0x0000ad34        0x4 E:/qnx-workspace/bsp-ti-beaglebone-fischer-src/src/hardware/startup/lib/arm/a.le.v7\libstartup.a(board_cpu_startnext.o)
                0x0000ad34                board_cpu_startnext
 .text          0x0000ad38       0x54 E:/qnx-workspace/bsp-ti-beaglebone-fischer-src/src/hardware/startup/lib/arm/a.le.v7\libstartup.a(callout_page_1020.o)
                0x0000ad7c                page_flush_deferred_1020
                0x0000ad38                page_flush_1020
 .text          0x0000ad8c       0x54 E:/qnx-workspace/bsp-ti-beaglebone-fischer-src/src/hardware/startup/lib/arm/a.le.v7\libstartup.a(callout_page_1136.o)
                0x0000adcc                page_flush_deferred_1136
                0x0000ad8c                page_flush_1136
 .text          0x0000ade0       0x38 E:/qnx-workspace/bsp-ti-beaglebone-fischer-src/src/hardware/startup/lib/arm/a.le.v7\libstartup.a(callout_page_720.o)
                0x0000ae00                page_flush_deferred_720
                0x0000ade0                page_flush_720
 .text          0x0000ae18       0x54 E:/qnx-workspace/bsp-ti-beaglebone-fischer-src/src/hardware/startup/lib/arm/a.le.v7\libstartup.a(callout_page_920.o)
                0x0000ae18                page_flush_920
                0x0000ae5c                page_flush_deferred_920
 .text          0x0000ae6c       0x54 E:/qnx-workspace/bsp-ti-beaglebone-fischer-src/src/hardware/startup/lib/arm/a.le.v7\libstartup.a(callout_page_925.o)
                0x0000ae6c                page_flush_925
                0x0000aeb0                page_flush_deferred_925
 .text          0x0000aec0       0x6c E:/qnx-workspace/bsp-ti-beaglebone-fischer-src/src/hardware/startup/lib/arm/a.le.v7\libstartup.a(callout_page_a15.o)
                0x0000af1c                page_flush_deferred_a15
                0x0000aec0                page_flush_a15
 .text          0x0000af2c       0x5c E:/qnx-workspace/bsp-ti-beaglebone-fischer-src/src/hardware/startup/lib/arm/a.le.v7\libstartup.a(callout_page_a8.o)
                0x0000af2c                page_flush_a8
                0x0000af78                page_flush_deferred_a8
 .text          0x0000af88       0x54 E:/qnx-workspace/bsp-ti-beaglebone-fischer-src/src/hardware/startup/lib/arm/a.le.v7\libstartup.a(callout_page_mp11.o)
                0x0000af88                page_flush_mp11
                0x0000afcc                page_flush_deferred_mp11
 .text          0x0000afdc       0x60 E:/qnx-workspace/bsp-ti-beaglebone-fischer-src/src/hardware/startup/lib/arm/a.le.v7\libstartup.a(callout_page_sa.o)
                0x0000b01c                page_flush_deferred_sa
                0x0000afdc                page_flush_sa
 .text          0x0000b03c       0x64 E:/qnx-workspace/bsp-ti-beaglebone-fischer-src/src/hardware/startup/lib/arm/a.le.v7\libstartup.a(callout_page_xsc3.o)
                0x0000b090                page_flush_deferred_xsc3
                0x0000b03c                page_flush_xsc3
 .text          0x0000b0a0       0x5c E:/qnx-workspace/bsp-ti-beaglebone-fischer-src/src/hardware/startup/lib/arm/a.le.v7\libstartup.a(callout_page_xscale.o)
                0x0000b0a0                page_flush_xscale
                0x0000b0ec                page_flush_deferred_xscale
 .text          0x0000b0fc       0x44 E:/qnx-workspace/bsp-ti-beaglebone-fischer-src/src/hardware/startup/lib/arm/a.le.v7\libstartup.a(callout_power_926.o)
                0x0000b0fc                power_926
 .text          0x0000b140       0x20 E:/qnx-workspace/bsp-ti-beaglebone-fischer-src/src/hardware/startup/lib/arm/a.le.v7\libstartup.a(callout_power_cp15_wfi.o)
                0x0000b140                power_cp15_wfi
 .text          0x0000b160       0xb8 E:/qnx-workspace/bsp-ti-beaglebone-fischer-src/src/hardware/startup/lib/arm/a.le.v7\libstartup.a(callout_power_sa1100.o)
                0x0000b1c8                power_sa1100
 .text          0x0000b218       0x2c E:/qnx-workspace/bsp-ti-beaglebone-fischer-src/src/hardware/startup/lib/arm/a.le.v7\libstartup.a(callout_power_v7_wfi.o)
                0x0000b218                power_v7_wfi
 .text          0x0000b244       0x24 E:/qnx-workspace/bsp-ti-beaglebone-fischer-src/src/hardware/startup/lib/arm/a.le.v7\libstartup.a(callout_power_xscale.o)
                0x0000b244                power_xscale
 *fill*         0x0000b268       0x18 00000000
 .text          0x0000b280       0x80 E:/qnx-workspace/bsp-ti-beaglebone-fischer-src/src/hardware/startup/lib/arm/a.le.v7\libstartup.a(vstart_v6.o)
                0x0000b280                vstart_v6
 .text          0x0000b300       0xa0 E:/qnx-workspace/bsp-ti-beaglebone-fischer-src/src/hardware/startup/lib/arm/a.le.v7\libstartup.a(vstart_v7.o)
                0x0000b300                vstart_v7
 .text          0x0000b3a0      0x144 E:/qnx-workspace/bsp-ti-beaglebone-fischer-src/src/hardware/startup/lib/arm/a.le.v7\libstartup.a(arm_gic.o)
                0x0000b414                arm_gic_init
                0x0000b3a0                arm_gic_cpu_init
 .text          0x0000b4e4        0x0 E:/qnx-workspace/bsp-ti-beaglebone-fischer-src/src/hardware/startup/lib/arm/a.le.v7\libstartup.a(armv_cache_1020.o)
 .text          0x0000b4e4        0x0 E:/qnx-workspace/bsp-ti-beaglebone-fischer-src/src/hardware/startup/lib/arm/a.le.v7\libstartup.a(armv_cache_1136.o)
 .text          0x0000b4e4        0x0 E:/qnx-workspace/bsp-ti-beaglebone-fischer-src/src/hardware/startup/lib/arm/a.le.v7\libstartup.a(armv_cache_720.o)
 .text          0x0000b4e4        0x0 E:/qnx-workspace/bsp-ti-beaglebone-fischer-src/src/hardware/startup/lib/arm/a.le.v7\libstartup.a(armv_cache_920.o)
 .text          0x0000b4e4        0x0 E:/qnx-workspace/bsp-ti-beaglebone-fischer-src/src/hardware/startup/lib/arm/a.le.v7\libstartup.a(armv_cache_925.o)
 .text          0x0000b4e4        0x0 E:/qnx-workspace/bsp-ti-beaglebone-fischer-src/src/hardware/startup/lib/arm/a.le.v7\libstartup.a(armv_cache_926.o)
 .text          0x0000b4e4        0x0 E:/qnx-workspace/bsp-ti-beaglebone-fischer-src/src/hardware/startup/lib/arm/a.le.v7\libstartup.a(armv_cache_a15.o)
 .text          0x0000b4e4        0x0 E:/qnx-workspace/bsp-ti-beaglebone-fischer-src/src/hardware/startup/lib/arm/a.le.v7\libstartup.a(armv_cache_a8.o)
 .text          0x0000b4e4        0x0 E:/qnx-workspace/bsp-ti-beaglebone-fischer-src/src/hardware/startup/lib/arm/a.le.v7\libstartup.a(armv_cache_mp11.o)
 .text          0x0000b4e4        0x0 E:/qnx-workspace/bsp-ti-beaglebone-fischer-src/src/hardware/startup/lib/arm/a.le.v7\libstartup.a(armv_cache_sa1100.o)
 .text          0x0000b4e4        0x0 E:/qnx-workspace/bsp-ti-beaglebone-fischer-src/src/hardware/startup/lib/arm/a.le.v7\libstartup.a(armv_cache_xsc3.o)
 .text          0x0000b4e4        0x0 E:/qnx-workspace/bsp-ti-beaglebone-fischer-src/src/hardware/startup/lib/arm/a.le.v7\libstartup.a(armv_cache_xscale.o)
 .text          0x0000b4e4        0x0 E:/qnx-workspace/bsp-ti-beaglebone-fischer-src/src/hardware/startup/lib/arm/a.le.v7\libstartup.a(armv_chip_a9mp.o)
 .text          0x0000b4e4        0x0 E:/qnx-workspace/bsp-ti-beaglebone-fischer-src/src/hardware/startup/lib/arm/a.le.v7\libstartup.a(armv_chip_a9up.o)
 .text          0x0000b4e4        0x0 E:/qnx-workspace/bsp-ti-beaglebone-fischer-src/src/hardware/startup/lib/arm/a.le.v7\libstartup.a(armv_chip_sheeva_v6.o)
 .text          0x0000b4e4        0x0 E:/qnx-workspace/bsp-ti-beaglebone-fischer-src/src/hardware/startup/lib/arm/a.le.v7\libstartup.a(armv_chip_sheeva_v7.o)
 .text          0x0000b4e4        0x0 E:/qnx-workspace/bsp-ti-beaglebone-fischer-src/src/hardware/startup/lib/arm/a.le.v7\libstartup.a(armv_pte_v6wa.o)
 .text          0x0000b4e4      0x108 E:/qnx-workspace/bsp-ti-beaglebone-fischer-src/src/hardware/startup/lib/arm/a.le.v7\libstartup.a(armv_setup_a9mp.o)
                0x0000b4e4                armv_setup_a9mp
 .text          0x0000b5ec        0x8 E:/qnx-workspace/bsp-ti-beaglebone-fischer-src/src/hardware/startup/lib/arm/a.le.v7\libstartup.a(armv_setup_a9up.o)
                0x0000b5ec                armv_setup_a9up
 .text          0x0000b5f4       0x34 E:/qnx-workspace/bsp-ti-beaglebone-fischer-src/src/hardware/startup/lib/arm/a.le.v7\libstartup.a(armv_setup_sheeva_v6.o)
                0x0000b5f4                armv_setup_sheeva_v6
 .text          0x0000b628       0x40 E:/qnx-workspace/bsp-ti-beaglebone-fischer-src/src/hardware/startup/lib/arm/a.le.v7\libstartup.a(armv_setup_sheeva_v7.o)
                0x0000b628                armv_setup_sheeva_v7
 .text          0x0000b668       0x9c E:/qnx-workspace/bsp-ti-beaglebone-fischer-src/src/hardware/startup/lib/arm/a.le.v7\libstartup.a(callout_cache_1020.o)
                0x0000b668                cache_1020_i
                0x0000b6a4                cache_1020_d
 .text          0x0000b704       0x8c E:/qnx-workspace/bsp-ti-beaglebone-fischer-src/src/hardware/startup/lib/arm/a.le.v7\libstartup.a(callout_cache_1136.o)
                0x0000b704                cache_1136_i
                0x0000b71c                cache_1136_d
 .text          0x0000b790       0x20 E:/qnx-workspace/bsp-ti-beaglebone-fischer-src/src/hardware/startup/lib/arm/a.le.v7\libstartup.a(callout_cache_720.o)
                0x0000b790                cache_720
 .text          0x0000b7b0       0x9c E:/qnx-workspace/bsp-ti-beaglebone-fischer-src/src/hardware/startup/lib/arm/a.le.v7\libstartup.a(callout_cache_920.o)
                0x0000b7b0                cache_920_i
                0x0000b7ec                cache_920_d
 .text          0x0000b84c       0x9c E:/qnx-workspace/bsp-ti-beaglebone-fischer-src/src/hardware/startup/lib/arm/a.le.v7\libstartup.a(callout_cache_925.o)
                0x0000b84c                cache_925_i
                0x0000b888                cache_925_d
 .text          0x0000b8e8       0xd8 E:/qnx-workspace/bsp-ti-beaglebone-fischer-src/src/hardware/startup/lib/arm/a.le.v7\libstartup.a(callout_cache_926.o)
                0x0000b934                cache_926_d
                0x0000b8e8                cache_926_i
 .text          0x0000b9c0       0xc8 E:/qnx-workspace/bsp-ti-beaglebone-fischer-src/src/hardware/startup/lib/arm/a.le.v7\libstartup.a(callout_cache_a15.o)
                0x0000ba2c                cache_a15_d
                0x0000b9c0                cache_a15_i
 .text          0x0000ba88       0xa0 E:/qnx-workspace/bsp-ti-beaglebone-fischer-src/src/hardware/startup/lib/arm/a.le.v7\libstartup.a(callout_cache_a8.o)
                0x0000bad4                cache_a8_d
                0x0000ba88                cache_a8_i
 .text          0x0000bb28       0x84 E:/qnx-workspace/bsp-ti-beaglebone-fischer-src/src/hardware/startup/lib/arm/a.le.v7\libstartup.a(callout_cache_mp11.o)
                0x0000bb28                cache_mp11_i
                0x0000bb58                cache_mp11_d
 .text          0x0000bbac       0x7c E:/qnx-workspace/bsp-ti-beaglebone-fischer-src/src/hardware/startup/lib/arm/a.le.v7\libstartup.a(callout_cache_sa.o)
                0x0000bbac                cache_sa_i
                0x0000bbc4                cache_sa_d
 .text          0x0000bc28       0xb4 E:/qnx-workspace/bsp-ti-beaglebone-fischer-src/src/hardware/startup/lib/arm/a.le.v7\libstartup.a(callout_cache_xsc3.o)
                0x0000bc28                cache_xsc3_i
                0x0000bc6c                cache_xsc3_d
 .text          0x0000bcdc       0xa4 E:/qnx-workspace/bsp-ti-beaglebone-fischer-src/src/hardware/startup/lib/arm/a.le.v7\libstartup.a(callout_cache_xscale.o)
                0x0000bd1c                cache_xscale_d
                0x0000bcdc                cache_xscale_i
 .text          0x0000bd80       0x64 E:/qnx-workspace/bsp-ti-beaglebone-fischer-src/src/hardware/startup/lib/arm/a.le.v7\libstartup.a(callout_page_a9mp.o)
                0x0000bdd4                page_flush_deferred_a9mp
                0x0000bd80                page_flush_a9mp
 .text          0x0000bde4       0x64 E:/qnx-workspace/bsp-ti-beaglebone-fischer-src/src/hardware/startup/lib/arm/a.le.v7\libstartup.a(callout_page_a9up.o)
                0x0000be38                page_flush_deferred_a9up
                0x0000bde4                page_flush_a9up
 .text          0x0000be48       0x58 E:/qnx-workspace/bsp-ti-beaglebone-fischer-src/src/hardware/startup/lib/arm/a.le.v7\libstartup.a(callout_page_sheeva_v6.o)
                0x0000be90                page_flush_deferred_sheeva_v6
                0x0000be48                page_flush_sheeva_v6
 .text          0x0000bea0       0x54 E:/qnx-workspace/bsp-ti-beaglebone-fischer-src/src/hardware/startup/lib/arm/a.le.v7\libstartup.a(callout_page_sheeva_v7.o)
                0x0000bee4                page_flush_deferred_sheeva_v7
                0x0000bea0                page_flush_sheeva_v7
 .text          0x0000bef4       0x30 E:/qnx-workspace/bsp-ti-beaglebone-fischer-src/src/hardware/startup/lib/arm/a.le.v7\libstartup.a(callout_power_sheeva_v6.o)
                0x0000bef4                power_sheeva_v6
 .text          0x0000bf24       0x30 E:/qnx-workspace/bsp-ti-beaglebone-fischer-src/src/hardware/startup/lib/arm/a.le.v7\libstartup.a(callout_power_sheeva_v7.o)
                0x0000bf24                power_sheeva_v7
 .text          0x0000bf54        0x0 E:/qnx-workspace/bsp-ti-beaglebone-fischer-src/src/hardware/startup/lib/arm/a.le.v7\libstartup.a(armv_cache_a9mp.o)
 .text          0x0000bf54        0x0 E:/qnx-workspace/bsp-ti-beaglebone-fischer-src/src/hardware/startup/lib/arm/a.le.v7\libstartup.a(armv_cache_a9up.o)
 .text          0x0000bf54        0x0 E:/qnx-workspace/bsp-ti-beaglebone-fischer-src/src/hardware/startup/lib/arm/a.le.v7\libstartup.a(armv_cache_sheeva_v6.o)
 .text          0x0000bf54        0x0 E:/qnx-workspace/bsp-ti-beaglebone-fischer-src/src/hardware/startup/lib/arm/a.le.v7\libstartup.a(armv_cache_sheeva_v7.o)
 .text          0x0000bf54       0xb4 E:/qnx-workspace/bsp-ti-beaglebone-fischer-src/src/hardware/startup/lib/arm/a.le.v7\libstartup.a(callout_cache_a9mp.o)
                0x0000bfac                cache_a9mp_d
                0x0000bf54                cache_a9mp_i
 .text          0x0000c008       0xb4 E:/qnx-workspace/bsp-ti-beaglebone-fischer-src/src/hardware/startup/lib/arm/a.le.v7\libstartup.a(callout_cache_a9up.o)
                0x0000c008                cache_a9up_i
                0x0000c060                cache_a9up_d
 .text          0x0000c0bc       0xc8 E:/qnx-workspace/bsp-ti-beaglebone-fischer-src/src/hardware/startup/lib/arm/a.le.v7\libstartup.a(callout_cache_sheeva_v6.o)
                0x0000c100                cache_sheeva_d_v6
                0x0000c0bc                cache_sheeva_i_v6
 .text          0x0000c184       0xe0 E:/qnx-workspace/bsp-ti-beaglebone-fischer-src/src/hardware/startup/lib/arm/a.le.v7\libstartup.a(callout_cache_sheeva_v7.o)
                0x0000c184                cache_sheeva_i_v7
                0x0000c1dc                cache_sheeva_d_v7
 .text          0x0000c264      0x7e0 C:/QNX650/target/qnx6/armle-v7/usr/lib\libucl.a(n2b_d.o)
                0x0000c468                ucl_nrv2b_decompress_le16
                0x0000c700                ucl_nrv2b_decompress_le32
                0x0000c264                ucl_nrv2b_decompress_8
 .text          0x0000ca44      0x208 C:/QNX650/host/win32/x86/usr/lib/gcc/arm-unknown-nto-qnx6.5.0eabi/4.4.2//libgcc.a(_udivsi3.o)
                0x0000ca44                __udivsi3
                0x0000ca44                __aeabi_uidiv
                0x0000cc34                __aeabi_uidivmod
 .text          0x0000cc4c        0xc C:/QNX650/host/win32/x86/usr/lib/gcc/arm-unknown-nto-qnx6.5.0eabi/4.4.2//libgcc.a(_dvmd_nto.o)
                0x0000cc4c                __div0
 .text          0x0000cc58       0x1c C:/QNX650/host/win32/x86/usr/lib/gcc/arm-unknown-nto-qnx6.5.0eabi/4.4.2//libgcc.a(_aeabi_uldivmod.o)
                0x0000cc58                __aeabi_uldivmod
 .text          0x0000cc74       0x78 C:/QNX650/host/win32/x86/usr/lib/gcc/arm-unknown-nto-qnx6.5.0eabi/4.4.2//libgcc.a(bpabi.o)
                0x0000cc74                __gnu_uldivmod_helper
                0x0000ccb0                __gnu_ldivmod_helper
 .text          0x0000ccec      0xf34 C:/QNX650/host/win32/x86/usr/lib/gcc/arm-unknown-nto-qnx6.5.0eabi/4.4.2//libgcc.a(unwind-arm.o)
                0x0000d754                __gnu_Unwind_RaiseException
                0x0000d2e0                __aeabi_unwind_cpp_pr0
                0x0000ce9c                _Unwind_GetCFA
                0x0000cd7c                _Unwind_VRS_Set
                0x0000d4c8                __gnu_Unwind_Backtrace
                0x0000d880                _Unwind_VRS_Pop
                0x0000d2d0                __aeabi_unwind_cpp_pr2
                0x0000cea8                _Unwind_DeleteException
                0x0000cea4                _Unwind_Complete
                0x0000d818                __gnu_Unwind_Resume
                0x0000d6e0                __gnu_Unwind_ForcedUnwind
                0x0000d7f8                __gnu_Unwind_Resume_or_Rethrow
                0x0000cd00                _Unwind_VRS_Get
                0x0000d2d8                __aeabi_unwind_cpp_pr1
 .text          0x0000dc20      0x1a8 C:/QNX650/host/win32/x86/usr/lib/gcc/arm-unknown-nto-qnx6.5.0eabi/4.4.2//libgcc.a(libunwind.o)
                0x0000dd80                ___Unwind_ForcedUnwind
                0x0000dc3c                __gnu_Unwind_Save_VFP
                0x0000dd5c                _Unwind_Resume_or_Rethrow
                0x0000dd5c                ___Unwind_Resume_or_Rethrow
                0x0000dda4                _Unwind_Backtrace
                0x0000dc20                __restore_core_regs
                0x0000dc5c                __gnu_Unwind_Save_VFP_D_16_to_31
                0x0000dc4c                __gnu_Unwind_Save_VFP_D
                0x0000dda4                ___Unwind_Backtrace
                0x0000dd14                ___Unwind_RaiseException
                0x0000dd38                ___Unwind_Resume
                0x0000dc64                __gnu_Unwind_Restore_WMMXD
                0x0000dc34                __gnu_Unwind_Restore_VFP
                0x0000dd38                _Unwind_Resume
                0x0000dc44                __gnu_Unwind_Restore_VFP_D
                0x0000dc54                __gnu_Unwind_Restore_VFP_D_16_to_31
                0x0000dd14                _Unwind_RaiseException
                0x0000dc20                restore_core_regs
                0x0000dd00                __gnu_Unwind_Save_WMMXC
                0x0000dcec                __gnu_Unwind_Restore_WMMXC
                0x0000dd80                _Unwind_ForcedUnwind
                0x0000dca8                __gnu_Unwind_Save_WMMXD
 .text          0x0000ddc8      0x554 C:/QNX650/host/win32/x86/usr/lib/gcc/arm-unknown-nto-qnx6.5.0eabi/4.4.2//libgcc.a(pr-support.o)
                0x0000de94                _Unwind_GetRegionStart
                0x0000dea4                __gnu_unwind_execute
                0x0000de34                _Unwind_GetTextRelBase
                0x0000de78                _Unwind_GetLanguageSpecificData
                0x0000e2d8                __gnu_unwind_frame
                0x0000de3c                _Unwind_GetDataRelBase
 .text          0x0000e31c      0x474 C:/QNX650/host/win32/x86/usr/lib/gcc/arm-unknown-nto-qnx6.5.0eabi/4.4.2//libgcc.a(_divdi3.o)
                0x0000e31c                __divdi3
 .text          0x0000e790      0x408 C:/QNX650/host/win32/x86/usr/lib/gcc/arm-unknown-nto-qnx6.5.0eabi/4.4.2//libgcc.a(_udivdi3.o)
                0x0000e790                __udivdi3
 .text          0x0000eb98      0x120 C:/QNX650/target/qnx6/armle-v7/lib\libc.a(hwi_find_item.o)
                0x0000eb98                hwi_find_item
 .text          0x0000ecb8       0x14 C:/QNX650/target/qnx6/armle-v7/lib\libc.a(hwi_off2tag.o)
                0x0000ecb8                hwi_off2tag
 .text          0x0000eccc       0x14 C:/QNX650/target/qnx6/armle-v7/lib\libc.a(hwi_tag2off.o)
                0x0000eccc                hwi_tag2off
 .text          0x0000ece0       0x4c C:/QNX650/target/qnx6/armle-v7/lib\libc.a(memcmp.o)
                0x0000ece0                memcmp
 .text          0x0000ed2c       0x90 C:/QNX650/target/qnx6/armle-v7/lib\libc.a(memset.o)
                0x0000ed2c                memset
 .text          0x0000edbc       0x3c C:/QNX650/target/qnx6/armle-v7/lib\libc.a(strchr.o)
                0x0000edbc                strchr
 .text          0x0000edf8       0x4c C:/QNX650/target/qnx6/armle-v7/lib\libc.a(strcmp.o)
                0x0000edf8                strcmp
 .text          0x0000ee44       0x1c C:/QNX650/target/qnx6/armle-v7/lib\libc.a(strcpy.o)
                0x0000ee44                strcpy
 .text          0x0000ee60       0x28 C:/QNX650/target/qnx6/armle-v7/lib\libc.a(strlen.o)
                0x0000ee60                strlen
 .text          0x0000ee88        0x0 C:/QNX650/target/qnx6/armle-v7/lib\libc.a(__cpu_flags.o)
 *(.gnu.warning)

.fini
 *(.fini)

.rodata         0x00000000      0xc84
 *(.rodata)
 .rodata        0x00000000      0x138 init_intrinfo.o
 .rodata        0x00000138       0x18 init_qtime_am335x.o
 .rodata        0x00000150       0x28 main.o
                0x00000150                callouts
                0x00000158                debug_devices
 .rodata        0x00000178        0x8 E:/qnx-workspace/bsp-ti-beaglebone-fischer-src/src/hardware/startup/lib/arm/a.le.v7\libstartup.a(add_interrupt.o)
 .rodata        0x00000180        0x8 E:/qnx-workspace/bsp-ti-beaglebone-fischer-src/src/hardware/startup/lib/arm/a.le.v7\libstartup.a(init_system_private.o)
 .rodata        0x00000188       0x14 E:/qnx-workspace/bsp-ti-beaglebone-fischer-src/src/hardware/startup/lib/arm/a.le.v7\libstartup.a(kprintf.o)
 .rodata        0x0000019c       0x14 E:/qnx-workspace/bsp-ti-beaglebone-fischer-src/src/hardware/startup/lib/arm/a.le.v7\libstartup.a(restore_ifs.o)
 .rodata        0x000001b0        0x8 E:/qnx-workspace/bsp-ti-beaglebone-fischer-src/src/hardware/startup/lib/arm/a.le.v7\libstartup.a(as_find.o)
 .rodata        0x000001b8       0x40 E:/qnx-workspace/bsp-ti-beaglebone-fischer-src/src/hardware/startup/lib/arm/a.le.v7\libstartup.a(armv_chip_1020.o)
                0x000001b8                armv_chip_1020
 .rodata        0x000001f8       0x40 E:/qnx-workspace/bsp-ti-beaglebone-fischer-src/src/hardware/startup/lib/arm/a.le.v7\libstartup.a(armv_chip_1022.o)
                0x000001f8                armv_chip_1022
 .rodata        0x00000238       0x40 E:/qnx-workspace/bsp-ti-beaglebone-fischer-src/src/hardware/startup/lib/arm/a.le.v7\libstartup.a(armv_chip_1136.o)
                0x00000238                armv_chip_1136
 .rodata        0x00000278       0x40 E:/qnx-workspace/bsp-ti-beaglebone-fischer-src/src/hardware/startup/lib/arm/a.le.v7\libstartup.a(armv_chip_1176.o)
                0x00000278                armv_chip_1176
 .rodata        0x000002b8       0x40 E:/qnx-workspace/bsp-ti-beaglebone-fischer-src/src/hardware/startup/lib/arm/a.le.v7\libstartup.a(armv_chip_1200.o)
                0x000002b8                armv_chip_ixp1200
 .rodata        0x000002f8       0x40 E:/qnx-workspace/bsp-ti-beaglebone-fischer-src/src/hardware/startup/lib/arm/a.le.v7\libstartup.a(armv_chip_23xx.o)
                0x000002f8                armv_chip_ixp23xx
 .rodata        0x00000338       0x40 E:/qnx-workspace/bsp-ti-beaglebone-fischer-src/src/hardware/startup/lib/arm/a.le.v7\libstartup.a(armv_chip_2400.o)
                0x00000338                armv_chip_ixp2400
 .rodata        0x00000378       0x40 E:/qnx-workspace/bsp-ti-beaglebone-fischer-src/src/hardware/startup/lib/arm/a.le.v7\libstartup.a(armv_chip_2800.o)
                0x00000378                armv_chip_ixp2800
 .rodata        0x000003b8       0x40 E:/qnx-workspace/bsp-ti-beaglebone-fischer-src/src/hardware/startup/lib/arm/a.le.v7\libstartup.a(armv_chip_425.o)
                0x000003b8                armv_chip_ixp425
 .rodata        0x000003f8       0x40 E:/qnx-workspace/bsp-ti-beaglebone-fischer-src/src/hardware/startup/lib/arm/a.le.v7\libstartup.a(armv_chip_465.o)
                0x000003f8                armv_chip_ixp465
 .rodata        0x00000438       0x40 E:/qnx-workspace/bsp-ti-beaglebone-fischer-src/src/hardware/startup/lib/arm/a.le.v7\libstartup.a(armv_chip_720.o)
                0x00000438                armv_chip_720
 .rodata        0x00000478       0x40 E:/qnx-workspace/bsp-ti-beaglebone-fischer-src/src/hardware/startup/lib/arm/a.le.v7\libstartup.a(armv_chip_80200.o)
                0x00000478                armv_chip_80200
 .rodata        0x000004b8       0x40 E:/qnx-workspace/bsp-ti-beaglebone-fischer-src/src/hardware/startup/lib/arm/a.le.v7\libstartup.a(armv_chip_920.o)
                0x000004b8                armv_chip_920
 .rodata        0x000004f8       0x40 E:/qnx-workspace/bsp-ti-beaglebone-fischer-src/src/hardware/startup/lib/arm/a.le.v7\libstartup.a(armv_chip_922.o)
                0x000004f8                armv_chip_922
 .rodata        0x00000538       0x40 E:/qnx-workspace/bsp-ti-beaglebone-fischer-src/src/hardware/startup/lib/arm/a.le.v7\libstartup.a(armv_chip_925.o)
                0x00000538                armv_chip_925
 .rodata        0x00000578       0x40 E:/qnx-workspace/bsp-ti-beaglebone-fischer-src/src/hardware/startup/lib/arm/a.le.v7\libstartup.a(armv_chip_926.o)
                0x00000578                armv_chip_926
 .rodata        0x000005b8       0x40 E:/qnx-workspace/bsp-ti-beaglebone-fischer-src/src/hardware/startup/lib/arm/a.le.v7\libstartup.a(armv_chip_a15.o)
                0x000005b8                armv_chip_a15
 .rodata        0x000005f8       0x40 E:/qnx-workspace/bsp-ti-beaglebone-fischer-src/src/hardware/startup/lib/arm/a.le.v7\libstartup.a(armv_chip_a8.o)
                0x000005f8                armv_chip_a8
 .rodata        0x00000638       0x40 E:/qnx-workspace/bsp-ti-beaglebone-fischer-src/src/hardware/startup/lib/arm/a.le.v7\libstartup.a(armv_chip_a9.o)
                0x00000638                armv_chip_a9
 .rodata        0x00000678       0x40 E:/qnx-workspace/bsp-ti-beaglebone-fischer-src/src/hardware/startup/lib/arm/a.le.v7\libstartup.a(armv_chip_mp11.o)
                0x00000678                armv_chip_mp11
 .rodata        0x000006b8       0x40 E:/qnx-workspace/bsp-ti-beaglebone-fischer-src/src/hardware/startup/lib/arm/a.le.v7\libstartup.a(armv_chip_pxa210b.o)
                0x000006b8                armv_chip_pxa210b
 .rodata        0x000006f8       0x40 E:/qnx-workspace/bsp-ti-beaglebone-fischer-src/src/hardware/startup/lib/arm/a.le.v7\libstartup.a(armv_chip_pxa210c.o)
                0x000006f8                armv_chip_pxa210c
 .rodata        0x00000738       0x40 E:/qnx-workspace/bsp-ti-beaglebone-fischer-src/src/hardware/startup/lib/arm/a.le.v7\libstartup.a(armv_chip_pxa250a.o)
                0x00000738                armv_chip_pxa250a
 .rodata        0x00000778       0x40 E:/qnx-workspace/bsp-ti-beaglebone-fischer-src/src/hardware/startup/lib/arm/a.le.v7\libstartup.a(armv_chip_pxa250b.o)
                0x00000778                armv_chip_pxa250b
 .rodata        0x000007b8       0x40 E:/qnx-workspace/bsp-ti-beaglebone-fischer-src/src/hardware/startup/lib/arm/a.le.v7\libstartup.a(armv_chip_pxa255.o)
                0x000007b8                armv_chip_pxa255
 .rodata        0x000007f8       0x40 E:/qnx-workspace/bsp-ti-beaglebone-fischer-src/src/hardware/startup/lib/arm/a.le.v7\libstartup.a(armv_chip_pxa270.o)
                0x000007f8                armv_chip_pxa270
 .rodata        0x00000838       0x40 E:/qnx-workspace/bsp-ti-beaglebone-fischer-src/src/hardware/startup/lib/arm/a.le.v7\libstartup.a(armv_chip_sa1100.o)
                0x00000838                armv_chip_sa1100
 .rodata        0x00000878       0x40 E:/qnx-workspace/bsp-ti-beaglebone-fischer-src/src/hardware/startup/lib/arm/a.le.v7\libstartup.a(armv_chip_sa1110.o)
                0x00000878                armv_chip_sa1110
 .rodata        0x000008b8       0x40 E:/qnx-workspace/bsp-ti-beaglebone-fischer-src/src/hardware/startup/lib/arm/a.le.v7\libstartup.a(armv_chip_sheeva.o)
                0x000008b8                armv_chip_sheeva
 .rodata        0x000008f8       0x18 E:/qnx-workspace/bsp-ti-beaglebone-fischer-src/src/hardware/startup/lib/arm/a.le.v7\libstartup.a(armv_pte_ixp2xxx.o)
                0x000008f8                armv_pte_ixp2xxx
 .rodata        0x00000910       0x18 E:/qnx-workspace/bsp-ti-beaglebone-fischer-src/src/hardware/startup/lib/arm/a.le.v7\libstartup.a(armv_pte_v4wb.o)
                0x00000910                armv_pte_v4wb
 .rodata        0x00000928       0x18 E:/qnx-workspace/bsp-ti-beaglebone-fischer-src/src/hardware/startup/lib/arm/a.le.v7\libstartup.a(armv_pte_v4wt.o)
                0x00000928                armv_pte_v4wt
 .rodata        0x00000940       0x18 E:/qnx-workspace/bsp-ti-beaglebone-fischer-src/src/hardware/startup/lib/arm/a.le.v7\libstartup.a(armv_pte_v5wa.o)
                0x00000940                armv_pte_v5wa
 .rodata        0x00000958       0x18 E:/qnx-workspace/bsp-ti-beaglebone-fischer-src/src/hardware/startup/lib/arm/a.le.v7\libstartup.a(armv_pte_v5wb.o)
                0x00000958                armv_pte_v5wb
 .rodata        0x00000970       0x18 E:/qnx-workspace/bsp-ti-beaglebone-fischer-src/src/hardware/startup/lib/arm/a.le.v7\libstartup.a(armv_pte_v5wt.o)
                0x00000970                armv_pte_v5wt
 .rodata        0x00000988       0x18 E:/qnx-workspace/bsp-ti-beaglebone-fischer-src/src/hardware/startup/lib/arm/a.le.v7\libstartup.a(armv_pte_v6mp.o)
                0x00000988                armv_pte_v6mp
 .rodata        0x000009a0       0x18 E:/qnx-workspace/bsp-ti-beaglebone-fischer-src/src/hardware/startup/lib/arm/a.le.v7\libstartup.a(armv_pte_v6wb.o)
                0x000009a0                armv_pte_v6wb
 .rodata        0x000009b8       0x18 E:/qnx-workspace/bsp-ti-beaglebone-fischer-src/src/hardware/startup/lib/arm/a.le.v7\libstartup.a(armv_pte_v6wt.o)
                0x000009b8                armv_pte_v6wt
 .rodata        0x000009d0       0x18 E:/qnx-workspace/bsp-ti-beaglebone-fischer-src/src/hardware/startup/lib/arm/a.le.v7\libstartup.a(armv_pte_v7mp.o)
                0x000009d0                armv_pte_v7mp
 .rodata        0x000009e8       0x18 E:/qnx-workspace/bsp-ti-beaglebone-fischer-src/src/hardware/startup/lib/arm/a.le.v7\libstartup.a(armv_pte_v7wa.o)
                0x000009e8                armv_pte_v7wa
 .rodata        0x00000a00       0x18 E:/qnx-workspace/bsp-ti-beaglebone-fischer-src/src/hardware/startup/lib/arm/a.le.v7\libstartup.a(armv_pte_v7wb.o)
                0x00000a00                armv_pte_v7wb
 .rodata        0x00000a18       0x18 E:/qnx-workspace/bsp-ti-beaglebone-fischer-src/src/hardware/startup/lib/arm/a.le.v7\libstartup.a(armv_pte_v7wt.o)
                0x00000a18                armv_pte_v7wt
 .rodata        0x00000a30       0x18 E:/qnx-workspace/bsp-ti-beaglebone-fischer-src/src/hardware/startup/lib/arm/a.le.v7\libstartup.a(armv_pte_xsc3.o)
                0x00000a30                armv_pte_xsc3
 .rodata        0x00000a48       0x10 E:/qnx-workspace/bsp-ti-beaglebone-fischer-src/src/hardware/startup/lib/arm/a.le.v7\libstartup.a(armv_cache_1020.o)
                0x00000a48                armv_cache_1020
 .rodata        0x00000a58       0x10 E:/qnx-workspace/bsp-ti-beaglebone-fischer-src/src/hardware/startup/lib/arm/a.le.v7\libstartup.a(armv_cache_1136.o)
                0x00000a58                armv_cache_1136
 .rodata        0x00000a68       0x1c E:/qnx-workspace/bsp-ti-beaglebone-fischer-src/src/hardware/startup/lib/arm/a.le.v7\libstartup.a(armv_cache_720.o)
                0x00000a68                armv_cache_720
 .rodata        0x00000a84       0x10 E:/qnx-workspace/bsp-ti-beaglebone-fischer-src/src/hardware/startup/lib/arm/a.le.v7\libstartup.a(armv_cache_920.o)
                0x00000a84                armv_cache_920
 .rodata        0x00000a94       0x10 E:/qnx-workspace/bsp-ti-beaglebone-fischer-src/src/hardware/startup/lib/arm/a.le.v7\libstartup.a(armv_cache_925.o)
                0x00000a94                armv_cache_925
 .rodata        0x00000aa4       0x10 E:/qnx-workspace/bsp-ti-beaglebone-fischer-src/src/hardware/startup/lib/arm/a.le.v7\libstartup.a(armv_cache_926.o)
                0x00000aa4                armv_cache_926
 .rodata        0x00000ab4       0x10 E:/qnx-workspace/bsp-ti-beaglebone-fischer-src/src/hardware/startup/lib/arm/a.le.v7\libstartup.a(armv_cache_a15.o)
                0x00000ab4                armv_cache_a15
 .rodata        0x00000ac4       0x10 E:/qnx-workspace/bsp-ti-beaglebone-fischer-src/src/hardware/startup/lib/arm/a.le.v7\libstartup.a(armv_cache_a8.o)
                0x00000ac4                armv_cache_a8
 .rodata        0x00000ad4       0x10 E:/qnx-workspace/bsp-ti-beaglebone-fischer-src/src/hardware/startup/lib/arm/a.le.v7\libstartup.a(armv_cache_mp11.o)
                0x00000ad4                armv_cache_mp11
 .rodata        0x00000ae4       0x28 E:/qnx-workspace/bsp-ti-beaglebone-fischer-src/src/hardware/startup/lib/arm/a.le.v7\libstartup.a(armv_cache_sa1100.o)
                0x00000af0                sa1100_icache_config
                0x00000afc                armv_cache_sa1100
                0x00000ae4                sa1100_dcache_config
 .rodata        0x00000b0c       0x10 E:/qnx-workspace/bsp-ti-beaglebone-fischer-src/src/hardware/startup/lib/arm/a.le.v7\libstartup.a(armv_cache_xsc3.o)
                0x00000b0c                armv_cache_xsc3
 .rodata        0x00000b1c       0x10 E:/qnx-workspace/bsp-ti-beaglebone-fischer-src/src/hardware/startup/lib/arm/a.le.v7\libstartup.a(armv_cache_xscale.o)
                0x00000b1c                armv_cache_xscale
 .rodata        0x00000b2c       0x40 E:/qnx-workspace/bsp-ti-beaglebone-fischer-src/src/hardware/startup/lib/arm/a.le.v7\libstartup.a(armv_chip_a9mp.o)
                0x00000b2c                armv_chip_a9mp
 .rodata        0x00000b6c       0x40 E:/qnx-workspace/bsp-ti-beaglebone-fischer-src/src/hardware/startup/lib/arm/a.le.v7\libstartup.a(armv_chip_a9up.o)
                0x00000b6c                armv_chip_a9up
 .rodata        0x00000bac       0x40 E:/qnx-workspace/bsp-ti-beaglebone-fischer-src/src/hardware/startup/lib/arm/a.le.v7\libstartup.a(armv_chip_sheeva_v6.o)
                0x00000bac                armv_chip_sheeva_v6
 .rodata        0x00000bec       0x40 E:/qnx-workspace/bsp-ti-beaglebone-fischer-src/src/hardware/startup/lib/arm/a.le.v7\libstartup.a(armv_chip_sheeva_v7.o)
                0x00000bec                armv_chip_sheeva_v7
 .rodata        0x00000c2c       0x18 E:/qnx-workspace/bsp-ti-beaglebone-fischer-src/src/hardware/startup/lib/arm/a.le.v7\libstartup.a(armv_pte_v6wa.o)
                0x00000c2c                armv_pte_v6wa
 .rodata        0x00000c44       0x10 E:/qnx-workspace/bsp-ti-beaglebone-fischer-src/src/hardware/startup/lib/arm/a.le.v7\libstartup.a(armv_cache_a9mp.o)
                0x00000c44                armv_cache_a9mp
 .rodata        0x00000c54       0x10 E:/qnx-workspace/bsp-ti-beaglebone-fischer-src/src/hardware/startup/lib/arm/a.le.v7\libstartup.a(armv_cache_a9up.o)
                0x00000c54                armv_cache_a9up
 .rodata        0x00000c64       0x10 E:/qnx-workspace/bsp-ti-beaglebone-fischer-src/src/hardware/startup/lib/arm/a.le.v7\libstartup.a(armv_cache_sheeva_v6.o)
                0x00000c64                armv_cache_sheeva_v6
 .rodata        0x00000c74       0x10 E:/qnx-workspace/bsp-ti-beaglebone-fischer-src/src/hardware/startup/lib/arm/a.le.v7\libstartup.a(armv_cache_sheeva_v7.o)
                0x00000c74                armv_cache_sheeva_v7

.rodata.str1.4  0x00000000     0x1964
 .rodata.str1.4
                0x00000000      0x3d8 detectid.o
 .rodata.str1.4
                0x000003d8       0x68 init_pinmux.o
 .rodata.str1.4
                0x00000440      0x1e8 main.o
 .rodata.str1.4
                0x00000628       0x10 E:/qnx-workspace/bsp-ti-beaglebone-fischer-src/src/hardware/startup/lib/arm/a.le.v7\libstartup.a(_main.o)
 .rodata.str1.4
                0x00000638       0x30 E:/qnx-workspace/bsp-ti-beaglebone-fischer-src/src/hardware/startup/lib/arm/a.le.v7\libstartup.a(callouts.o)
 .rodata.str1.4
                0x00000668        0x4 E:/qnx-workspace/bsp-ti-beaglebone-fischer-src/src/hardware/startup/lib/arm/a.le.v7\libstartup.a(common_options.o)
 .rodata.str1.4
                0x0000066c        0x4 E:/qnx-workspace/bsp-ti-beaglebone-fischer-src/src/hardware/startup/lib/arm/a.le.v7\libstartup.a(debug.o)
 .rodata.str1.4
                0x00000670       0x14 E:/qnx-workspace/bsp-ti-beaglebone-fischer-src/src/hardware/startup/lib/arm/a.le.v7\libstartup.a(hw_rtc_none.o)
 .rodata.str1.4
                0x00000684       0x18 E:/qnx-workspace/bsp-ti-beaglebone-fischer-src/src/hardware/startup/lib/arm/a.le.v7\libstartup.a(hwi_add_device.o)
 .rodata.str1.4
                0x0000069c       0x30 E:/qnx-workspace/bsp-ti-beaglebone-fischer-src/src/hardware/startup/lib/arm/a.le.v7\libstartup.a(hwi_add_nanospin.o)
 .rodata.str1.4
                0x000006cc        0x4 E:/qnx-workspace/bsp-ti-beaglebone-fischer-src/src/hardware/startup/lib/arm/a.le.v7\libstartup.a(hwi_alloc.o)
 .rodata.str1.4
                0x000006d0       0x30 E:/qnx-workspace/bsp-ti-beaglebone-fischer-src/src/hardware/startup/lib/arm/a.le.v7\libstartup.a(init_cpuinfo.o)
 .rodata.str1.4
                0x00000700       0x54 E:/qnx-workspace/bsp-ti-beaglebone-fischer-src/src/hardware/startup/lib/arm/a.le.v7\libstartup.a(init_mmu.o)
 .rodata.str1.4
                0x00000754      0x164 E:/qnx-workspace/bsp-ti-beaglebone-fischer-src/src/hardware/startup/lib/arm/a.le.v7\libstartup.a(init_system_private.o)
 .rodata.str1.4
                0x000008b8       0x64 E:/qnx-workspace/bsp-ti-beaglebone-fischer-src/src/hardware/startup/lib/arm/a.le.v7\libstartup.a(load_ifs.o)
 .rodata.str1.4
                0x0000091c      0x5b4 E:/qnx-workspace/bsp-ti-beaglebone-fischer-src/src/hardware/startup/lib/arm/a.le.v7\libstartup.a(print_sysp.o)
 .rodata.str1.4
                0x00000ed0       0xac E:/qnx-workspace/bsp-ti-beaglebone-fischer-src/src/hardware/startup/lib/arm/a.le.v7\libstartup.a(ram.o)
 .rodata.str1.4
                0x00000f7c      0x4b4 E:/qnx-workspace/bsp-ti-beaglebone-fischer-src/src/hardware/startup/lib/arm/a.le.v7\libstartup.a(restore_ifs.o)
 .rodata.str1.4
                0x00001430       0x68 E:/qnx-workspace/bsp-ti-beaglebone-fischer-src/src/hardware/startup/lib/arm/a.le.v7\libstartup.a(startnext.o)
 .rodata.str1.4
                0x00001498       0x3c E:/qnx-workspace/bsp-ti-beaglebone-fischer-src/src/hardware/startup/lib/arm/a.le.v7\libstartup.a(syspage_memory.o)
 .rodata.str1.4
                0x000014d4       0x34 E:/qnx-workspace/bsp-ti-beaglebone-fischer-src/src/hardware/startup/lib/arm/a.le.v7\libstartup.a(uncompress.o)
 .rodata.str1.4
                0x00001508        0x8 E:/qnx-workspace/bsp-ti-beaglebone-fischer-src/src/hardware/startup/lib/arm/a.le.v7\libstartup.a(uncompress_ucl.o)
 .rodata.str1.4
                0x00001510       0xec E:/qnx-workspace/bsp-ti-beaglebone-fischer-src/src/hardware/startup/lib/arm/a.le.v7\libstartup.a(arm_cache.o)
 .rodata.str1.4
                0x000015fc       0x34 E:/qnx-workspace/bsp-ti-beaglebone-fischer-src/src/hardware/startup/lib/arm/a.le.v7\libstartup.a(arm_cpuspeed.o)
 .rodata.str1.4
                0x00001630       0x60 E:/qnx-workspace/bsp-ti-beaglebone-fischer-src/src/hardware/startup/lib/arm/a.le.v7\libstartup.a(arm_pte.o)
 .rodata.str1.4
                0x00001690        0x4 E:/qnx-workspace/bsp-ti-beaglebone-fischer-src/src/hardware/startup/lib/arm/a.le.v7\libstartup.a(as_add64.o)
 .rodata.str1.4
                0x00001694        0x8 E:/qnx-workspace/bsp-ti-beaglebone-fischer-src/src/hardware/startup/lib/arm/a.le.v7\libstartup.a(as_default.o)
 .rodata.str1.4
                0x0000169c       0x18 E:/qnx-workspace/bsp-ti-beaglebone-fischer-src/src/hardware/startup/lib/arm/a.le.v7\libstartup.a(as_find.o)
 .rodata.str1.4
                0x000016b4       0x1c E:/qnx-workspace/bsp-ti-beaglebone-fischer-src/src/hardware/startup/lib/arm/a.le.v7\libstartup.a(cpu_startnext.o)
 .rodata.str1.4
                0x000016d0       0x34 E:/qnx-workspace/bsp-ti-beaglebone-fischer-src/src/hardware/startup/lib/arm/a.le.v7\libstartup.a(cpu_syspage_memory.o)
 .rodata.str1.4
                0x00001704        0x8 E:/qnx-workspace/bsp-ti-beaglebone-fischer-src/src/hardware/startup/lib/arm/a.le.v7\libstartup.a(elf.o)
 .rodata.str1.4
                0x0000170c       0x70 E:/qnx-workspace/bsp-ti-beaglebone-fischer-src/src/hardware/startup/lib/arm/a.le.v7\libstartup.a(elf_map.o)
 .rodata.str1.4
                0x0000177c       0x18 E:/qnx-workspace/bsp-ti-beaglebone-fischer-src/src/hardware/startup/lib/arm/a.le.v7\libstartup.a(hwi_default.o)
 .rodata.str1.4
                0x00001794        0x8 E:/qnx-workspace/bsp-ti-beaglebone-fischer-src/src/hardware/startup/lib/arm/a.le.v7\libstartup.a(armv_chip_1020.o)
 .rodata.str1.4
                0x0000179c        0x8 E:/qnx-workspace/bsp-ti-beaglebone-fischer-src/src/hardware/startup/lib/arm/a.le.v7\libstartup.a(armv_chip_1022.o)
 .rodata.str1.4
                0x000017a4        0x8 E:/qnx-workspace/bsp-ti-beaglebone-fischer-src/src/hardware/startup/lib/arm/a.le.v7\libstartup.a(armv_chip_1136.o)
 .rodata.str1.4
                0x000017ac        0x8 E:/qnx-workspace/bsp-ti-beaglebone-fischer-src/src/hardware/startup/lib/arm/a.le.v7\libstartup.a(armv_chip_1176.o)
 .rodata.str1.4
                0x000017b4        0x8 E:/qnx-workspace/bsp-ti-beaglebone-fischer-src/src/hardware/startup/lib/arm/a.le.v7\libstartup.a(armv_chip_1200.o)
 .rodata.str1.4
                0x000017bc        0x8 E:/qnx-workspace/bsp-ti-beaglebone-fischer-src/src/hardware/startup/lib/arm/a.le.v7\libstartup.a(armv_chip_23xx.o)
 .rodata.str1.4
                0x000017c4        0x8 E:/qnx-workspace/bsp-ti-beaglebone-fischer-src/src/hardware/startup/lib/arm/a.le.v7\libstartup.a(armv_chip_2400.o)
 .rodata.str1.4
                0x000017cc        0x8 E:/qnx-workspace/bsp-ti-beaglebone-fischer-src/src/hardware/startup/lib/arm/a.le.v7\libstartup.a(armv_chip_2800.o)
 .rodata.str1.4
                0x000017d4        0x8 E:/qnx-workspace/bsp-ti-beaglebone-fischer-src/src/hardware/startup/lib/arm/a.le.v7\libstartup.a(armv_chip_425.o)
 .rodata.str1.4
                0x000017dc        0x8 E:/qnx-workspace/bsp-ti-beaglebone-fischer-src/src/hardware/startup/lib/arm/a.le.v7\libstartup.a(armv_chip_465.o)
 .rodata.str1.4
                0x000017e4        0x8 E:/qnx-workspace/bsp-ti-beaglebone-fischer-src/src/hardware/startup/lib/arm/a.le.v7\libstartup.a(armv_chip_720.o)
 .rodata.str1.4
                0x000017ec        0x8 E:/qnx-workspace/bsp-ti-beaglebone-fischer-src/src/hardware/startup/lib/arm/a.le.v7\libstartup.a(armv_chip_80200.o)
 .rodata.str1.4
                0x000017f4        0x8 E:/qnx-workspace/bsp-ti-beaglebone-fischer-src/src/hardware/startup/lib/arm/a.le.v7\libstartup.a(armv_chip_920.o)
 .rodata.str1.4
                0x000017fc        0x8 E:/qnx-workspace/bsp-ti-beaglebone-fischer-src/src/hardware/startup/lib/arm/a.le.v7\libstartup.a(armv_chip_922.o)
 .rodata.str1.4
                0x00001804        0x8 E:/qnx-workspace/bsp-ti-beaglebone-fischer-src/src/hardware/startup/lib/arm/a.le.v7\libstartup.a(armv_chip_925.o)
 .rodata.str1.4
                0x0000180c        0x8 E:/qnx-workspace/bsp-ti-beaglebone-fischer-src/src/hardware/startup/lib/arm/a.le.v7\libstartup.a(armv_chip_926.o)
 .rodata.str1.4
                0x00001814        0xc E:/qnx-workspace/bsp-ti-beaglebone-fischer-src/src/hardware/startup/lib/arm/a.le.v7\libstartup.a(armv_chip_a15.o)
 .rodata.str1.4
                0x00001820        0xc E:/qnx-workspace/bsp-ti-beaglebone-fischer-src/src/hardware/startup/lib/arm/a.le.v7\libstartup.a(armv_chip_a8.o)
 .rodata.str1.4
                0x0000182c       0x10 E:/qnx-workspace/bsp-ti-beaglebone-fischer-src/src/hardware/startup/lib/arm/a.le.v7\libstartup.a(armv_chip_mp11.o)
 .rodata.str1.4
                0x0000183c        0x8 E:/qnx-workspace/bsp-ti-beaglebone-fischer-src/src/hardware/startup/lib/arm/a.le.v7\libstartup.a(armv_chip_pxa210b.o)
 .rodata.str1.4
                0x00001844        0x8 E:/qnx-workspace/bsp-ti-beaglebone-fischer-src/src/hardware/startup/lib/arm/a.le.v7\libstartup.a(armv_chip_pxa210c.o)
 .rodata.str1.4
                0x0000184c        0x8 E:/qnx-workspace/bsp-ti-beaglebone-fischer-src/src/hardware/startup/lib/arm/a.le.v7\libstartup.a(armv_chip_pxa250a.o)
 .rodata.str1.4
                0x00001854        0x8 E:/qnx-workspace/bsp-ti-beaglebone-fischer-src/src/hardware/startup/lib/arm/a.le.v7\libstartup.a(armv_chip_pxa250b.o)
 .rodata.str1.4
                0x0000185c        0x8 E:/qnx-workspace/bsp-ti-beaglebone-fischer-src/src/hardware/startup/lib/arm/a.le.v7\libstartup.a(armv_chip_pxa255.o)
 .rodata.str1.4
                0x00001864        0x8 E:/qnx-workspace/bsp-ti-beaglebone-fischer-src/src/hardware/startup/lib/arm/a.le.v7\libstartup.a(armv_chip_pxa270.o)
 .rodata.str1.4
                0x0000186c        0x8 E:/qnx-workspace/bsp-ti-beaglebone-fischer-src/src/hardware/startup/lib/arm/a.le.v7\libstartup.a(armv_chip_sa1100.o)
 .rodata.str1.4
                0x00001874        0x8 E:/qnx-workspace/bsp-ti-beaglebone-fischer-src/src/hardware/startup/lib/arm/a.le.v7\libstartup.a(armv_chip_sa1110.o)
 .rodata.str1.4
                0x0000187c       0x18 E:/qnx-workspace/bsp-ti-beaglebone-fischer-src/src/hardware/startup/lib/arm/a.le.v7\libstartup.a(armv_detect_sheeva.o)
 .rodata.str1.4
                0x00001894       0x1c E:/qnx-workspace/bsp-ti-beaglebone-fischer-src/src/hardware/startup/lib/arm/a.le.v7\libstartup.a(armv_setup_mp11.o)
 .rodata.str1.4
                0x000018b0       0x10 E:/qnx-workspace/bsp-ti-beaglebone-fischer-src/src/hardware/startup/lib/arm/a.le.v7\libstartup.a(armv_setup_v6.o)
 .rodata.str1.4
                0x000018c0       0x3c E:/qnx-workspace/bsp-ti-beaglebone-fischer-src/src/hardware/startup/lib/arm/a.le.v7\libstartup.a(armv_setup_v7.o)
 .rodata.str1.4
                0x000018fc       0x14 E:/qnx-workspace/bsp-ti-beaglebone-fischer-src/src/hardware/startup/lib/arm/a.le.v7\libstartup.a(arm_gic.o)
 .rodata.str1.4
                0x00001910       0x14 E:/qnx-workspace/bsp-ti-beaglebone-fischer-src/src/hardware/startup/lib/arm/a.le.v7\libstartup.a(armv_chip_a9mp.o)
 .rodata.str1.4
                0x00001924        0xc E:/qnx-workspace/bsp-ti-beaglebone-fischer-src/src/hardware/startup/lib/arm/a.le.v7\libstartup.a(armv_chip_a9up.o)
 .rodata.str1.4
                0x00001930        0xc E:/qnx-workspace/bsp-ti-beaglebone-fischer-src/src/hardware/startup/lib/arm/a.le.v7\libstartup.a(armv_chip_sheeva_v6.o)
 .rodata.str1.4
                0x0000193c        0xc E:/qnx-workspace/bsp-ti-beaglebone-fischer-src/src/hardware/startup/lib/arm/a.le.v7\libstartup.a(armv_chip_sheeva_v7.o)
 .rodata.str1.4
                0x00001948       0x1c E:/qnx-workspace/bsp-ti-beaglebone-fischer-src/src/hardware/startup/lib/arm/a.le.v7\libstartup.a(armv_setup_a9mp.o)

.rodata1
 *(.rodata1)

.ARM.extab      0x00000000        0xc
 *(.ARM.extab)
 .ARM.extab     0x00000000        0x0 C:/QNX650/host/win32/x86/usr/lib/gcc/arm-unknown-nto-qnx6.5.0eabi/4.4.2//libgcc.a(bpabi.o)
 .ARM.extab     0x00000000        0xc C:/QNX650/host/win32/x86/usr/lib/gcc/arm-unknown-nto-qnx6.5.0eabi/4.4.2//libgcc.a(unwind-arm.o)
 .ARM.extab     0x0000000c        0x0 C:/QNX650/host/win32/x86/usr/lib/gcc/arm-unknown-nto-qnx6.5.0eabi/4.4.2//libgcc.a(pr-support.o)
 .ARM.extab     0x0000000c        0x0 C:/QNX650/host/win32/x86/usr/lib/gcc/arm-unknown-nto-qnx6.5.0eabi/4.4.2//libgcc.a(_divdi3.o)
 .ARM.extab     0x0000000c        0x0 C:/QNX650/host/win32/x86/usr/lib/gcc/arm-unknown-nto-qnx6.5.0eabi/4.4.2//libgcc.a(_udivdi3.o)

.ARM.exidx      0x00000000      0x128
 *(.ARM.exidx)
 .ARM.exidx     0x00000000       0x10 C:/QNX650/host/win32/x86/usr/lib/gcc/arm-unknown-nto-qnx6.5.0eabi/4.4.2//libgcc.a(bpabi.o)
 .ARM.exidx     0x00000010       0xc0 C:/QNX650/host/win32/x86/usr/lib/gcc/arm-unknown-nto-qnx6.5.0eabi/4.4.2//libgcc.a(unwind-arm.o)
 .ARM.exidx     0x000000d0       0x48 C:/QNX650/host/win32/x86/usr/lib/gcc/arm-unknown-nto-qnx6.5.0eabi/4.4.2//libgcc.a(pr-support.o)
 .ARM.exidx     0x00000118        0x8 C:/QNX650/host/win32/x86/usr/lib/gcc/arm-unknown-nto-qnx6.5.0eabi/4.4.2//libgcc.a(_divdi3.o)
 .ARM.exidx     0x00000120        0x8 C:/QNX650/host/win32/x86/usr/lib/gcc/arm-unknown-nto-qnx6.5.0eabi/4.4.2//libgcc.a(_udivdi3.o)

.eh_frame_hdr
 *(.eh_frame_hdr)

.eh_frame
 *(.eh_frame)

.gcc_except_table
 *(.gcc_except_table .gcc_except_table.*)

.eh_frame
 *(.eh_frame)

.gcc_except_table
 *(.gcc_except_table .gcc_except_table.*)

.tdata
 *(.tdata)

.tbss
 *(.tbss)

.preinit_array
 *(.preinit_array)

.init_array
 *(SORT(.init_array.*))
 *(.init_array)

.fini_array
 *(.fini_array)
 *(SORT(.fini_array.*))

.jcr
 *(.jcr)

.dynamic
 *(.dynamic)

.got
 *(.got.plt)
 *(.got)

.data           0x00000000      0xdfc
 *(.data)
 .data          0x00000000        0x0 callout_interrupt_am335x.o
 .data          0x00000000        0x0 callout_interrupt_am335x_gpio.o
 .data          0x00000000        0x0 callout_interrupt_edma.o
 .data          0x00000000        0x0 callout_reboot_am335x.o
 .data          0x00000000        0x0 callout_timer_am335x.o
 .data          0x00000000        0x0 detectid.o
 .data          0x00000000        0x0 init_asinfo.o
 .data          0x00000000        0x0 init_edma.o
 .data          0x00000000        0x0 init_hwinfo.o
 .data          0x00000000       0x18 init_intrinfo.o
 .data          0x00000018       0x68 init_pinmux.o
                0x00000018                cape_profiles
 .data          0x00000080        0x0 init_qtime_am335x.o
 .data          0x00000080        0x0 init_raminfo.o
 .data          0x00000080        0x0 main.o
 .data          0x00000080        0x0 rtc_time.o
 .data          0x00000080       0x1c E:/qnx-workspace/bsp-ti-beaglebone-fischer-src/src/hardware/startup/lib/arm/a.le.v7\libstartup.a(_main.o)
                0x00000094                system_dcache_idx
                0x0000008c                max_cpus
                0x00000098                mdriver_check
                0x00000080                mdriver_hook
                0x00000090                system_icache_idx
                0x00000088                paddr_bits
                0x00000084                smp_hook_rtn
 .data          0x0000009c        0x0 E:/qnx-workspace/bsp-ti-beaglebone-fischer-src/src/hardware/startup/lib/arm/a.le.v7\libstartup.a(add_interrupt.o)
 .data          0x0000009c        0x0 E:/qnx-workspace/bsp-ti-beaglebone-fischer-src/src/hardware/startup/lib/arm/a.le.v7\libstartup.a(alloc_qtime.o)
 .data          0x0000009c        0x0 E:/qnx-workspace/bsp-ti-beaglebone-fischer-src/src/hardware/startup/lib/arm/a.le.v7\libstartup.a(board_init.o)
 .data          0x0000009c        0x0 E:/qnx-workspace/bsp-ti-beaglebone-fischer-src/src/hardware/startup/lib/arm/a.le.v7\libstartup.a(callout_debug_8250.o)
 .data          0x0000009c        0x4 E:/qnx-workspace/bsp-ti-beaglebone-fischer-src/src/hardware/startup/lib/arm/a.le.v7\libstartup.a(callouts.o)
                0x0000009c                callout_output_rtn
 .data          0x000000a0        0x0 E:/qnx-workspace/bsp-ti-beaglebone-fischer-src/src/hardware/startup/lib/arm/a.le.v7\libstartup.a(common_options.o)
 .data          0x000000a0        0x0 E:/qnx-workspace/bsp-ti-beaglebone-fischer-src/src/hardware/startup/lib/arm/a.le.v7\libstartup.a(cpu_common_options.o)
 .data          0x000000a0        0x0 E:/qnx-workspace/bsp-ti-beaglebone-fischer-src/src/hardware/startup/lib/arm/a.le.v7\libstartup.a(cpu_startup.o)
 .data          0x000000a0      0xc08 E:/qnx-workspace/bsp-ti-beaglebone-fischer-src/src/hardware/startup/lib/arm/a.le.v7\libstartup.a(cstart.o)
                0x00000ca8                stack
                0x000000a0                boot_args
 .data          0x00000ca8        0x0 E:/qnx-workspace/bsp-ti-beaglebone-fischer-src/src/hardware/startup/lib/arm/a.le.v7\libstartup.a(debug.o)
 .data          0x00000ca8        0x0 E:/qnx-workspace/bsp-ti-beaglebone-fischer-src/src/hardware/startup/lib/arm/a.le.v7\libstartup.a(getopt.o)
 .data          0x00000ca8        0x0 E:/qnx-workspace/bsp-ti-beaglebone-fischer-src/src/hardware/startup/lib/arm/a.le.v7\libstartup.a(getsize.o)
 .data          0x00000ca8        0x0 E:/qnx-workspace/bsp-ti-beaglebone-fischer-src/src/hardware/startup/lib/arm/a.le.v7\libstartup.a(hw_rtc_none.o)
 .data          0x00000ca8        0x0 E:/qnx-workspace/bsp-ti-beaglebone-fischer-src/src/hardware/startup/lib/arm/a.le.v7\libstartup.a(hw_seromap.o)
 .data          0x00000ca8        0x0 E:/qnx-workspace/bsp-ti-beaglebone-fischer-src/src/hardware/startup/lib/arm/a.le.v7\libstartup.a(hwi_add_device.o)
 .data          0x00000ca8        0x0 E:/qnx-workspace/bsp-ti-beaglebone-fischer-src/src/hardware/startup/lib/arm/a.le.v7\libstartup.a(hwi_add_nanospin.o)
 .data          0x00000ca8        0x0 E:/qnx-workspace/bsp-ti-beaglebone-fischer-src/src/hardware/startup/lib/arm/a.le.v7\libstartup.a(hwi_alloc.o)
 .data          0x00000ca8        0x0 E:/qnx-workspace/bsp-ti-beaglebone-fischer-src/src/hardware/startup/lib/arm/a.le.v7\libstartup.a(init_cacheattr.o)
 .data          0x00000ca8        0x0 E:/qnx-workspace/bsp-ti-beaglebone-fischer-src/src/hardware/startup/lib/arm/a.le.v7\libstartup.a(init_cpuinfo.o)
 .data          0x00000ca8        0x0 E:/qnx-workspace/bsp-ti-beaglebone-fischer-src/src/hardware/startup/lib/arm/a.le.v7\libstartup.a(init_mmu.o)
 .data          0x00000ca8        0x0 E:/qnx-workspace/bsp-ti-beaglebone-fischer-src/src/hardware/startup/lib/arm/a.le.v7\libstartup.a(init_system_private.o)
 .data          0x00000ca8        0x4 E:/qnx-workspace/bsp-ti-beaglebone-fischer-src/src/hardware/startup/lib/arm/a.le.v7\libstartup.a(jtag.o)
 .data          0x00000cac        0x4 E:/qnx-workspace/bsp-ti-beaglebone-fischer-src/src/hardware/startup/lib/arm/a.le.v7\libstartup.a(kprintf.o)
 .data          0x00000cb0        0x0 E:/qnx-workspace/bsp-ti-beaglebone-fischer-src/src/hardware/startup/lib/arm/a.le.v7\libstartup.a(load_ifs.o)
 .data          0x00000cb0        0x0 E:/qnx-workspace/bsp-ti-beaglebone-fischer-src/src/hardware/startup/lib/arm/a.le.v7\libstartup.a(map_callout_io.o)
 .data          0x00000cb0        0x0 E:/qnx-workspace/bsp-ti-beaglebone-fischer-src/src/hardware/startup/lib/arm/a.le.v7\libstartup.a(map_startup_io.o)
 .data          0x00000cb0        0x0 E:/qnx-workspace/bsp-ti-beaglebone-fischer-src/src/hardware/startup/lib/arm/a.le.v7\libstartup.a(map_startup_mem.o)
 .data          0x00000cb0        0x0 E:/qnx-workspace/bsp-ti-beaglebone-fischer-src/src/hardware/startup/lib/arm/a.le.v7\libstartup.a(memcpy.o)
 .data          0x00000cb0        0x0 E:/qnx-workspace/bsp-ti-beaglebone-fischer-src/src/hardware/startup/lib/arm/a.le.v7\libstartup.a(memfuncs.o)
 .data          0x00000cb0        0x0 E:/qnx-workspace/bsp-ti-beaglebone-fischer-src/src/hardware/startup/lib/arm/a.le.v7\libstartup.a(memmove.o)
 .data          0x00000cb0       0xc0 E:/qnx-workspace/bsp-ti-beaglebone-fischer-src/src/hardware/startup/lib/arm/a.le.v7\libstartup.a(print_sysp.o)
 .data          0x00000d70        0x4 E:/qnx-workspace/bsp-ti-beaglebone-fischer-src/src/hardware/startup/lib/arm/a.le.v7\libstartup.a(ram.o)
 .data          0x00000d74        0x4 E:/qnx-workspace/bsp-ti-beaglebone-fischer-src/src/hardware/startup/lib/arm/a.le.v7\libstartup.a(restore_ifs.o)
                0x00000d74                mdriver_cksum_max
 .data          0x00000d78        0x0 E:/qnx-workspace/bsp-ti-beaglebone-fischer-src/src/hardware/startup/lib/arm/a.le.v7\libstartup.a(startnext.o)
 .data          0x00000d78        0x0 E:/qnx-workspace/bsp-ti-beaglebone-fischer-src/src/hardware/startup/lib/arm/a.le.v7\libstartup.a(startup_info.o)
 .data          0x00000d78        0x0 E:/qnx-workspace/bsp-ti-beaglebone-fischer-src/src/hardware/startup/lib/arm/a.le.v7\libstartup.a(strings.o)
 .data          0x00000d78        0x0 E:/qnx-workspace/bsp-ti-beaglebone-fischer-src/src/hardware/startup/lib/arm/a.le.v7\libstartup.a(strtoul.o)
 .data          0x00000d78        0x0 E:/qnx-workspace/bsp-ti-beaglebone-fischer-src/src/hardware/startup/lib/arm/a.le.v7\libstartup.a(syspage_memory.o)
 .data          0x00000d78        0x0 E:/qnx-workspace/bsp-ti-beaglebone-fischer-src/src/hardware/startup/lib/arm/a.le.v7\libstartup.a(tweak_cmdline.o)
 .data          0x00000d78        0x0 E:/qnx-workspace/bsp-ti-beaglebone-fischer-src/src/hardware/startup/lib/arm/a.le.v7\libstartup.a(uncompress.o)
 .data          0x00000d78        0x0 E:/qnx-workspace/bsp-ti-beaglebone-fischer-src/src/hardware/startup/lib/arm/a.le.v7\libstartup.a(uncompress_ucl.o)
 .data          0x00000d78        0x0 E:/qnx-workspace/bsp-ti-beaglebone-fischer-src/src/hardware/startup/lib/arm/a.le.v7\libstartup.a(arm_cache.o)
 .data          0x00000d78        0x0 E:/qnx-workspace/bsp-ti-beaglebone-fischer-src/src/hardware/startup/lib/arm/a.le.v7\libstartup.a(arm_cpuspeed.o)
 .data          0x00000d78        0x4 E:/qnx-workspace/bsp-ti-beaglebone-fischer-src/src/hardware/startup/lib/arm/a.le.v7\libstartup.a(arm_map.o)
 .data          0x00000d7c        0x0 E:/qnx-workspace/bsp-ti-beaglebone-fischer-src/src/hardware/startup/lib/arm/a.le.v7\libstartup.a(arm_pte.o)
 .data          0x00000d7c        0x0 E:/qnx-workspace/bsp-ti-beaglebone-fischer-src/src/hardware/startup/lib/arm/a.le.v7\libstartup.a(armv_chip_detect.o)
 .data          0x00000d7c       0x78 E:/qnx-workspace/bsp-ti-beaglebone-fischer-src/src/hardware/startup/lib/arm/a.le.v7\libstartup.a(armv_list.o)
                0x00000d7c                armv_list
 .data          0x00000df4        0x0 E:/qnx-workspace/bsp-ti-beaglebone-fischer-src/src/hardware/startup/lib/arm/a.le.v7\libstartup.a(as_add.o)
 .data          0x00000df4        0x0 E:/qnx-workspace/bsp-ti-beaglebone-fischer-src/src/hardware/startup/lib/arm/a.le.v7\libstartup.a(as_add64.o)
 .data          0x00000df4        0x0 E:/qnx-workspace/bsp-ti-beaglebone-fischer-src/src/hardware/startup/lib/arm/a.le.v7\libstartup.a(as_add_containing.o)
 .data          0x00000df4        0x0 E:/qnx-workspace/bsp-ti-beaglebone-fischer-src/src/hardware/startup/lib/arm/a.le.v7\libstartup.a(as_default.o)
 .data          0x00000df4        0x0 E:/qnx-workspace/bsp-ti-beaglebone-fischer-src/src/hardware/startup/lib/arm/a.le.v7\libstartup.a(as_find.o)
 .data          0x00000df4        0x0 E:/qnx-workspace/bsp-ti-beaglebone-fischer-src/src/hardware/startup/lib/arm/a.le.v7\libstartup.a(as_find_containing.o)
 .data          0x00000df4        0x0 E:/qnx-workspace/bsp-ti-beaglebone-fischer-src/src/hardware/startup/lib/arm/a.le.v7\libstartup.a(as_off2info.o)
 .data          0x00000df4        0x0 E:/qnx-workspace/bsp-ti-beaglebone-fischer-src/src/hardware/startup/lib/arm/a.le.v7\libstartup.a(board_cpu_startup.o)
 .data          0x00000df4        0x0 E:/qnx-workspace/bsp-ti-beaglebone-fischer-src/src/hardware/startup/lib/arm/a.le.v7\libstartup.a(chip_access.o)
 .data          0x00000df4        0x0 E:/qnx-workspace/bsp-ti-beaglebone-fischer-src/src/hardware/startup/lib/arm/a.le.v7\libstartup.a(cpu_startnext.o)
 .data          0x00000df4        0x0 E:/qnx-workspace/bsp-ti-beaglebone-fischer-src/src/hardware/startup/lib/arm/a.le.v7\libstartup.a(cpu_syspage_memory.o)
 .data          0x00000df4        0x0 E:/qnx-workspace/bsp-ti-beaglebone-fischer-src/src/hardware/startup/lib/arm/a.le.v7\libstartup.a(crash_done.o)
 .data          0x00000df4        0x0 E:/qnx-workspace/bsp-ti-beaglebone-fischer-src/src/hardware/startup/lib/arm/a.le.v7\libstartup.a(dummy_print_char.o)
 .data          0x00000df4        0x0 E:/qnx-workspace/bsp-ti-beaglebone-fischer-src/src/hardware/startup/lib/arm/a.le.v7\libstartup.a(elf.o)
 .data          0x00000df4        0x0 E:/qnx-workspace/bsp-ti-beaglebone-fischer-src/src/hardware/startup/lib/arm/a.le.v7\libstartup.a(elf_map.o)
 .data          0x00000df4        0x0 E:/qnx-workspace/bsp-ti-beaglebone-fischer-src/src/hardware/startup/lib/arm/a.le.v7\libstartup.a(hwi_default.o)
 .data          0x00000df4        0x4 E:/qnx-workspace/bsp-ti-beaglebone-fischer-src/src/hardware/startup/lib/arm/a.le.v7\libstartup.a(mdriver_max.o)
                0x00000df4                mdriver_max
 .data          0x00000df8        0x0 E:/qnx-workspace/bsp-ti-beaglebone-fischer-src/src/hardware/startup/lib/arm/a.le.v7\libstartup.a(timer_ns2tick.o)
 .data          0x00000df8        0x0 E:/qnx-workspace/bsp-ti-beaglebone-fischer-src/src/hardware/startup/lib/arm/a.le.v7\libstartup.a(timer_tick2ns.o)
 .data          0x00000df8        0x0 E:/qnx-workspace/bsp-ti-beaglebone-fischer-src/src/hardware/startup/lib/arm/a.le.v7\libstartup.a(vstart_v4.o)
 .data          0x00000df8        0x0 E:/qnx-workspace/bsp-ti-beaglebone-fischer-src/src/hardware/startup/lib/arm/a.le.v7\libstartup.a(add_cache.o)
 .data          0x00000df8        0x0 E:/qnx-workspace/bsp-ti-beaglebone-fischer-src/src/hardware/startup/lib/arm/a.le.v7\libstartup.a(armv_chip_1020.o)
 .data          0x00000df8        0x0 E:/qnx-workspace/bsp-ti-beaglebone-fischer-src/src/hardware/startup/lib/arm/a.le.v7\libstartup.a(armv_chip_1022.o)